Archive member included to satisfy reference by file (symbol)

C:/ST/STM32CubeIDE_1.14.1/STM32CubeIDE/plugins/com.st.stm32cube.ide.mcu.externaltools.gnu-tools-for-stm32.11.3.rel1.win32_1.1.100.202309141235/tools/bin/../lib/gcc/arm-none-eabi/11.3.1/../../../../arm-none-eabi/lib/thumb/v6-m/nofp\libc_nano.a(libc_a-exit.o)
                              C:/ST/STM32CubeIDE_1.14.1/STM32CubeIDE/plugins/com.st.stm32cube.ide.mcu.externaltools.gnu-tools-for-stm32.11.3.rel1.win32_1.1.100.202309141235/tools/bin/../lib/gcc/arm-none-eabi/11.3.1/../../../../arm-none-eabi/lib/thumb/v6-m/nofp/crt0.o (exit)
C:/ST/STM32CubeIDE_1.14.1/STM32CubeIDE/plugins/com.st.stm32cube.ide.mcu.externaltools.gnu-tools-for-stm32.11.3.rel1.win32_1.1.100.202309141235/tools/bin/../lib/gcc/arm-none-eabi/11.3.1/../../../../arm-none-eabi/lib/thumb/v6-m/nofp\libc_nano.a(libc_a-findfp.o)
                              C:/ST/STM32CubeIDE_1.14.1/STM32CubeIDE/plugins/com.st.stm32cube.ide.mcu.externaltools.gnu-tools-for-stm32.11.3.rel1.win32_1.1.100.202309141235/tools/bin/../lib/gcc/arm-none-eabi/11.3.1/../../../../arm-none-eabi/lib/thumb/v6-m/nofp\libc_nano.a(libc_a-exit.o) (__stdio_exit_handler)
C:/ST/STM32CubeIDE_1.14.1/STM32CubeIDE/plugins/com.st.stm32cube.ide.mcu.externaltools.gnu-tools-for-stm32.11.3.rel1.win32_1.1.100.202309141235/tools/bin/../lib/gcc/arm-none-eabi/11.3.1/../../../../arm-none-eabi/lib/thumb/v6-m/nofp\libc_nano.a(libc_a-fwalk.o)
                              C:/ST/STM32CubeIDE_1.14.1/STM32CubeIDE/plugins/com.st.stm32cube.ide.mcu.externaltools.gnu-tools-for-stm32.11.3.rel1.win32_1.1.100.202309141235/tools/bin/../lib/gcc/arm-none-eabi/11.3.1/../../../../arm-none-eabi/lib/thumb/v6-m/nofp\libc_nano.a(libc_a-findfp.o) (_fwalk_sglue)
C:/ST/STM32CubeIDE_1.14.1/STM32CubeIDE/plugins/com.st.stm32cube.ide.mcu.externaltools.gnu-tools-for-stm32.11.3.rel1.win32_1.1.100.202309141235/tools/bin/../lib/gcc/arm-none-eabi/11.3.1/../../../../arm-none-eabi/lib/thumb/v6-m/nofp\libc_nano.a(libc_a-stdio.o)
                              C:/ST/STM32CubeIDE_1.14.1/STM32CubeIDE/plugins/com.st.stm32cube.ide.mcu.externaltools.gnu-tools-for-stm32.11.3.rel1.win32_1.1.100.202309141235/tools/bin/../lib/gcc/arm-none-eabi/11.3.1/../../../../arm-none-eabi/lib/thumb/v6-m/nofp\libc_nano.a(libc_a-findfp.o) (__sread)
C:/ST/STM32CubeIDE_1.14.1/STM32CubeIDE/plugins/com.st.stm32cube.ide.mcu.externaltools.gnu-tools-for-stm32.11.3.rel1.win32_1.1.100.202309141235/tools/bin/../lib/gcc/arm-none-eabi/11.3.1/../../../../arm-none-eabi/lib/thumb/v6-m/nofp\libc_nano.a(libc_a-memset.o)
                              C:/ST/STM32CubeIDE_1.14.1/STM32CubeIDE/plugins/com.st.stm32cube.ide.mcu.externaltools.gnu-tools-for-stm32.11.3.rel1.win32_1.1.100.202309141235/tools/bin/../lib/gcc/arm-none-eabi/11.3.1/../../../../arm-none-eabi/lib/thumb/v6-m/nofp/crt0.o (memset)
C:/ST/STM32CubeIDE_1.14.1/STM32CubeIDE/plugins/com.st.stm32cube.ide.mcu.externaltools.gnu-tools-for-stm32.11.3.rel1.win32_1.1.100.202309141235/tools/bin/../lib/gcc/arm-none-eabi/11.3.1/../../../../arm-none-eabi/lib/thumb/v6-m/nofp\libc_nano.a(libc_a-closer.o)
                              C:/ST/STM32CubeIDE_1.14.1/STM32CubeIDE/plugins/com.st.stm32cube.ide.mcu.externaltools.gnu-tools-for-stm32.11.3.rel1.win32_1.1.100.202309141235/tools/bin/../lib/gcc/arm-none-eabi/11.3.1/../../../../arm-none-eabi/lib/thumb/v6-m/nofp\libc_nano.a(libc_a-stdio.o) (_close_r)
C:/ST/STM32CubeIDE_1.14.1/STM32CubeIDE/plugins/com.st.stm32cube.ide.mcu.externaltools.gnu-tools-for-stm32.11.3.rel1.win32_1.1.100.202309141235/tools/bin/../lib/gcc/arm-none-eabi/11.3.1/../../../../arm-none-eabi/lib/thumb/v6-m/nofp\libc_nano.a(libc_a-reent.o)
                              C:/ST/STM32CubeIDE_1.14.1/STM32CubeIDE/plugins/com.st.stm32cube.ide.mcu.externaltools.gnu-tools-for-stm32.11.3.rel1.win32_1.1.100.202309141235/tools/bin/../lib/gcc/arm-none-eabi/11.3.1/../../../../arm-none-eabi/lib/thumb/v6-m/nofp\libc_nano.a(libc_a-closer.o) (errno)
C:/ST/STM32CubeIDE_1.14.1/STM32CubeIDE/plugins/com.st.stm32cube.ide.mcu.externaltools.gnu-tools-for-stm32.11.3.rel1.win32_1.1.100.202309141235/tools/bin/../lib/gcc/arm-none-eabi/11.3.1/../../../../arm-none-eabi/lib/thumb/v6-m/nofp\libc_nano.a(libc_a-impure.o)
                              C:/ST/STM32CubeIDE_1.14.1/STM32CubeIDE/plugins/com.st.stm32cube.ide.mcu.externaltools.gnu-tools-for-stm32.11.3.rel1.win32_1.1.100.202309141235/tools/bin/../lib/gcc/arm-none-eabi/11.3.1/../../../../arm-none-eabi/lib/thumb/v6-m/nofp\libc_nano.a(libc_a-reent.o) (_impure_ptr)
C:/ST/STM32CubeIDE_1.14.1/STM32CubeIDE/plugins/com.st.stm32cube.ide.mcu.externaltools.gnu-tools-for-stm32.11.3.rel1.win32_1.1.100.202309141235/tools/bin/../lib/gcc/arm-none-eabi/11.3.1/../../../../arm-none-eabi/lib/thumb/v6-m/nofp\libc_nano.a(libc_a-lseekr.o)
[...]
Memory Configuration

Name             Origin             Length             Attributes
RAM              0x0000000020000000 0x0000000000001000 xrw
FLASH            0x0000000008000000 0x0000000000008000 xr
*default*        0x0000000000000000 0xffffffffffffffff

Linker script and memory map

LOAD C:/ST/STM32CubeIDE_1.14.1/STM32CubeIDE/plugins/com.st.stm32cube.ide.mcu.externaltools.gnu-tools-for-stm32.11.3.rel1.win32_1.1.100.202309141235/tools/bin/../lib/gcc/arm-none-eabi/11.3.1/thumb/v6-m/nofp/crti.o
LOAD C:/ST/STM32CubeIDE_1.14.1/STM32CubeIDE/plugins/com.st.stm32cube.ide.mcu.externaltools.gnu-tools-for-stm32.11.3.rel1.win32_1.1.100.202309141235/tools/bin/../lib/gcc/arm-none-eabi/11.3.1/thumb/v6-m/nofp/crtbegin.o
LOAD C:/ST/STM32CubeIDE_1.14.1/STM32CubeIDE/plugins/com.st.stm32cube.ide.mcu.externaltools.gnu-tools-for-stm32.11.3.rel1.win32_1.1.100.202309141235/tools/bin/../lib/gcc/arm-none-eabi/11.3.1/../../../../arm-none-eabi/lib/thumb/v6-m/nofp/crt0.o
LOAD ./Application/Startup/startup_stm32f031c6tx.o
LOAD ./Application/User/main.o
LOAD ./Application/User/mc_api.o
LOAD ./Application/User/mc_config.o
LOAD ./Application/User/mc_interface.o
LOAD ./Application/User/mc_math.o
LOAD ./Application/User/mc_parameters.o
LOAD ./Application/User/mc_tasks.o
LOAD ./Application/User/motor_control_protocol.o
LOAD ./Application/User/motorcontrol.o
LOAD ./Application/User/regular_conversion_manager.o
LOAD ./Application/User/stm32f0xx_hal_msp.o
LOAD ./Application/User/stm32f0xx_it.o
LOAD ./Application/User/stm32f0xx_mc_it.o
LOAD ./Application/User/syscalls.o
LOAD ./Application/User/sysmem.o
LOAD ./Application/User/ui_task.o
LOAD ./Application/User/user_interface.o
LOAD ./Drivers/CMSIS/system_stm32f0xx.o
LOAD ./Drivers/STM32F0xx_HAL_Driver/stm32f0xx_hal.o
LOAD ./Drivers/STM32F0xx_HAL_Driver/stm32f0xx_hal_adc.o
LOAD ./Drivers/STM32F0xx_HAL_Driver/stm32f0xx_hal_adc_ex.o
LOAD ./Drivers/STM32F0xx_HAL_Driver/stm32f0xx_hal_cortex.o
LOAD ./Drivers/STM32F0xx_HAL_Driver/stm32f0xx_hal_dma.o
LOAD ./Drivers/STM32F0xx_HAL_Driver/stm32f0xx_hal_exti.o
LOAD ./Drivers/STM32F0xx_HAL_Driver/stm32f0xx_hal_flash.o
LOAD ./Drivers/STM32F0xx_HAL_Driver/stm32f0xx_hal_flash_ex.o
LOAD ./Drivers/STM32F0xx_HAL_Driver/stm32f0xx_hal_gpio.o
LOAD ./Drivers/STM32F0xx_HAL_Driver/stm32f0xx_hal_i2c.o
LOAD ./Drivers/STM32F0xx_HAL_Driver/stm32f0xx_hal_i2c_ex.o
LOAD ./Drivers/STM32F0xx_HAL_Driver/stm32f0xx_hal_pwr.o
LOAD ./Drivers/STM32F0xx_HAL_Driver/stm32f0xx_hal_pwr_ex.o
LOAD ./Drivers/STM32F0xx_HAL_Driver/stm32f0xx_hal_rcc.o
LOAD ./Drivers/STM32F0xx_HAL_Driver/stm32f0xx_hal_rcc_ex.o
LOAD ./Drivers/STM32F0xx_HAL_Driver/stm32f0xx_hal_tim.o
LOAD ./Drivers/STM32F0xx_HAL_Driver/stm32f0xx_hal_tim_ex.o
LOAD ./Drivers/STM32F0xx_HAL_Driver/stm32f0xx_hal_uart.o
LOAD ./Drivers/STM32F0xx_HAL_Driver/stm32f0xx_hal_uart_ex.o
LOAD ./Middlewares/MotorControl/bus_voltage_sensor.o
LOAD ./Middlewares/MotorControl/circle_limitation.o
LOAD ./Middlewares/MotorControl/digital_output.o
LOAD ./Middlewares/MotorControl/fast_div.o
LOAD ./Middlewares/MotorControl/frame_communication_protocol.o
LOAD ./Middlewares/MotorControl/hall_speed_pos_fdbk.o
LOAD ./Middlewares/MotorControl/motor_power_measurement.o
LOAD ./Middlewares/MotorControl/ntc_temperature_sensor.o
LOAD ./Middlewares/MotorControl/open_loop.o
LOAD ./Middlewares/MotorControl/pid_regulator.o
LOAD ./Middlewares/MotorControl/pqd_motor_power_measurement.o
LOAD ./Middlewares/MotorControl/pwm_common.o
LOAD ./Middlewares/MotorControl/pwm_curr_fdbk.o
LOAD ./Middlewares/MotorControl/r3_f0xx_pwm_curr_fdbk.o
LOAD ./Middlewares/MotorControl/ramp_ext_mngr.o
LOAD ./Middlewares/MotorControl/revup_ctrl.o
LOAD ./Middlewares/MotorControl/speed_pos_fdbk.o
LOAD ./Middlewares/MotorControl/speed_torq_ctrl.o
LOAD ./Middlewares/MotorControl/state_machine.o
LOAD ./Middlewares/MotorControl/ui_irq_handler.o
LOAD ./Middlewares/MotorControl/usart_frame_communication_protocol.o
LOAD ./Middlewares/MotorControl/virtual_bus_voltage_sensor.o
LOAD ./Middlewares/MotorControl/virtual_speed_sensor.o
START GROUP
LOAD C:/ST/STM32CubeIDE_1.14.1/STM32CubeIDE/plugins/com.st.stm32cube.ide.mcu.externaltools.gnu-tools-for-stm32.11.3.rel1.win32_1.1.100.202309141235/tools/bin/../lib/gcc/arm-none-eabi/11.3.1/../../../../arm-none-eabi/lib/thumb/v6-m/nofp\libc_nano.a
LOAD C:/ST/STM32CubeIDE_1.14.1/STM32CubeIDE/plugins/com.st.stm32cube.ide.mcu.externaltools.gnu-tools-for-stm32.11.3.rel1.win32_1.1.100.202309141235/tools/bin/../lib/gcc/arm-none-eabi/11.3.1/../../../../arm-none-eabi/lib/thumb/v6-m/nofp\libm.a
END GROUP
START GROUP
LOAD C:/ST/STM32CubeIDE_1.14.1/STM32CubeIDE/plugins/com.st.stm32cube.ide.mcu.externaltools.gnu-tools-for-stm32.11.3.rel1.win32_1.1.100.202309141235/tools/bin/../lib/gcc/arm-none-eabi/11.3.1/thumb/v6-m/nofp\libgcc.a
LOAD C:/ST/STM32CubeIDE_1.14.1/STM32CubeIDE/plugins/com.st.stm32cube.ide.mcu.externaltools.gnu-tools-for-stm32.11.3.rel1.win32_1.1.100.202309141235/tools/bin/../lib/gcc/arm-none-eabi/11.3.1/../../../../arm-none-eabi/lib/thumb/v6-m/nofp\libc_nano.a
END GROUP
START GROUP
LOAD C:/ST/STM32CubeIDE_1.14.1/STM32CubeIDE/plugins/com.st.stm32cube.ide.mcu.externaltools.gnu-tools-for-stm32.11.3.rel1.win32_1.1.100.202309141235/tools/bin/../lib/gcc/arm-none-eabi/11.3.1/thumb/v6-m/nofp\libgcc.a
LOAD C:/ST/STM32CubeIDE_1.14.1/STM32CubeIDE/plugins/com.st.stm32cube.ide.mcu.externaltools.gnu-tools-for-stm32.11.3.rel1.win32_1.1.100.202309141235/tools/bin/../lib/gcc/arm-none-eabi/11.3.1/../../../../arm-none-eabi/lib/thumb/v6-m/nofp\libc_nano.a
LOAD C:/ST/STM32CubeIDE_1.14.1/STM32CubeIDE/plugins/com.st.stm32cube.ide.mcu.externaltools.gnu-tools-for-stm32.11.3.rel1.win32_1.1.100.202309141235/tools/bin/../lib/gcc/arm-none-eabi/11.3.1/../../../../arm-none-eabi/lib/thumb/v6-m/nofp\libnosys.a
END GROUP
START GROUP
LOAD C:/ST/STM32CubeIDE_1.14.1/STM32CubeIDE/plugins/com.st.stm32cube.ide.mcu.externaltools.gnu-tools-for-stm32.11.3.rel1.win32_1.1.100.202309141235/tools/bin/../lib/gcc/arm-none-eabi/11.3.1/thumb/v6-m/nofp\libgcc.a
LOAD C:/ST/STM32CubeIDE_1.14.1/STM32CubeIDE/plugins/com.st.stm32cube.ide.mcu.externaltools.gnu-tools-for-stm32.11.3.rel1.win32_1.1.100.202309141235/tools/bin/../lib/gcc/arm-none-eabi/11.3.1/../../../../arm-none-eabi/lib/thumb/v6-m/nofp\libc_nano.a
LOAD C:/ST/STM32CubeIDE_1.14.1/STM32CubeIDE/plugins/com.st.stm32cube.ide.mcu.externaltools.gnu-tools-for-stm32.11.3.rel1.win32_1.1.100.202309141235/tools/bin/../lib/gcc/arm-none-eabi/11.3.1/../../../../arm-none-eabi/lib/thumb/v6-m/nofp\libnosys.a
END GROUP
LOAD C:/ST/STM32CubeIDE_1.14.1/STM32CubeIDE/plugins/com.st.stm32cube.ide.mcu.externaltools.gnu-tools-for-stm32.11.3.rel1.win32_1.1.100.202309141235/tools/bin/../lib/gcc/arm-none-eabi/11.3.1/thumb/v6-m/nofp/crtend.o
LOAD C:/ST/STM32CubeIDE_1.14.1/STM32CubeIDE/plugins/com.st.stm32cube.ide.mcu.externaltools.gnu-tools-for-stm32.11.3.rel1.win32_1.1.100.202309141235/tools/bin/../lib/gcc/arm-none-eabi/11.3.1/thumb/v6-m/nofp/crtn.o
                0x0000000020001000                _estack = (ORIGIN (RAM) + LENGTH (RAM))
                0x0000000000000080                _Min_Heap_Size = 0x80
                0x0000000000000400                _Min_Stack_Size = 0x400

.isr_vector     0x0000000008000000       0xc0
                0x0000000008000000                . = ALIGN (0x4)
 *(.isr_vector)
 .isr_vector    0x0000000008000000       0xc0 ./Application/Startup/startup_stm32f031c6tx.o
                0x0000000008000000                g_pfnVectors
                0x00000000080000c0                . = ALIGN (0x4)

.text           0x00000000080000c0     0x5bf4
                0x00000000080000c0                . = ALIGN (0x4)
 *(.text)
 .text          0x00000000080000c0       0x48 C:/ST/STM32CubeIDE_1.14.1/STM32CubeIDE/plugins/com.st.stm32cube.ide.mcu.externaltools.gnu-tools-for-stm32.11.3.rel1.win32_1.1.100.202309141235/tools/bin/../lib/gcc/arm-none-eabi/11.3.1/thumb/v6-m/nofp/crtbegin.o
 .text          0x0000000008000108      0x114 C:/ST/STM32CubeIDE_1.14.1/STM32CubeIDE/plugins/com.st.stm32cube.ide.mcu.externaltools.gnu-tools-for-stm32.11.3.rel1.win32_1.1.100.202309141235/tools/bin/../lib/gcc/arm-none-eabi/11.3.1/thumb/v6-m/nofp\libgcc.a(_udivsi3.o)
                0x0000000008000108                __aeabi_uidiv
                0x0000000008000108                __udivsi3
                0x0000000008000214                __aeabi_uidivmod
 .text          0x000000000800021c      0x1d4 C:/ST/STM32CubeIDE_1.14.1/STM32CubeIDE/plugins/com.st.stm32cube.ide.mcu.externaltools.gnu-tools-for-stm32.11.3.rel1.win32_1.1.100.202309141235/tools/bin/../lib/gcc/arm-none-eabi/11.3.1/thumb/v6-m/nofp\libgcc.a(_divsi3.o)
                0x000000000800021c                __divsi3
                0x000000000800021c                __aeabi_idiv
                0x00000000080003e8                __aeabi_idivmod
 .text          0x00000000080003f0        0x4 C:/ST/STM32CubeIDE_1.14.1/STM32CubeIDE/plugins/com.st.stm32cube.ide.mcu.externaltools.gnu-tools-for-stm32.11.3.rel1.win32_1.1.100.202309141235/tools/bin/../lib/gcc/arm-none-eabi/11.3.1/thumb/v6-m/nofp\libgcc.a(_dvmd_tls.o)
                0x00000000080003f0                __aeabi_idiv0
                0x00000000080003f0                __aeabi_ldiv0
 *(.text*)
 .text.Reset_Handler
                0x00000000080003f4       0x50 ./Application/Startup/startup_stm32f031c6tx.o
                0x00000000080003f4                Reset_Handler
 .text.Default_Handler
                0x0000000008000444        0x2 ./Application/Startup/startup_stm32f031c6tx.o
                0x0000000008000444                TIM1_CC_IRQHandler
                0x0000000008000444                PVD_IRQHandler
                0x0000000008000444                PendSV_Handler
                0x0000000008000444                NMI_Handler
                0x0000000008000444                I2C1_IRQHandler
                0x0000000008000444                SPI1_IRQHandler
                0x0000000008000444                EXTI2_3_IRQHandler
                0x0000000008000444                ADC1_IRQHandler
                0x0000000008000444                TIM17_IRQHandler
                0x0000000008000444                RTC_IRQHandler
                0x0000000008000444                TIM16_IRQHandler
                0x0000000008000444                TIM3_IRQHandler
                0x0000000008000444                EXTI4_15_IRQHandler
                0x0000000008000444                RCC_IRQHandler
                0x0000000008000444                Default_Handler
                0x0000000008000444                TIM14_IRQHandler
                0x0000000008000444                SVC_Handler
                0x0000000008000444                WWDG_IRQHandler
                0x0000000008000444                DMA1_Channel2_3_IRQHandler
                0x0000000008000444                FLASH_IRQHandler
 *fill*         0x0000000008000446        0x2 
 .text.SystemClock_Config
                0x0000000008000448       0x84 ./Application/User/main.o
                0x0000000008000448                SystemClock_Config
 .text.startup.main
                0x00000000080004cc      0x378 ./Application/User/main.o
                0x00000000080004cc                main
 .text.Error_Handler
                0x0000000008000844        0x4 ./Application/User/main.o
                0x0000000008000844                Error_Handler
 .text.MC_StartMotor1
                0x0000000008000848       0x10 ./Application/User/mc_api.o
                0x0000000008000848                MC_StartMotor1
 .text.MC_StopMotor1
                0x0000000008000858       0x10 ./Application/User/mc_api.o
                0x0000000008000858                MC_StopMotor1
 .text.MC_GetSTMStateMotor1
                0x0000000008000868       0x10 ./Application/User/mc_api.o
                0x0000000008000868                MC_GetSTMStateMotor1
 .text.MCI_Init
                0x0000000008000878       0x14 ./Application/User/mc_interface.o
                0x0000000008000878                MCI_Init
 .text.MCI_ExecSpeedRamp
                0x000000000800088c       0x10 ./Application/User/mc_interface.o
                0x000000000800088c                MCI_ExecSpeedRamp
 .text.MCI_ExecTorqueRamp
                0x000000000800089c       0x10 ./Application/User/mc_interface.o
                0x000000000800089c                MCI_ExecTorqueRamp
 .text.MCI_SetCurrentReferences
                0x00000000080008ac       0x14 ./Application/User/mc_interface.o
                0x00000000080008ac                MCI_SetCurrentReferences
 .text.MCI_StartMotor
                0x00000000080008c0       0x18 ./Application/User/mc_interface.o
                0x00000000080008c0                MCI_StartMotor
 .text.MCI_StopMotor
                0x00000000080008d8        0xc ./Application/User/mc_interface.o
                0x00000000080008d8                MCI_StopMotor
 .text.MCI_FaultAcknowledged
                0x00000000080008e4        0xc ./Application/User/mc_interface.o
                0x00000000080008e4                MCI_FaultAcknowledged
 .text.MCI_EncoderAlign
                0x00000000080008f0        0xc ./Application/User/mc_interface.o
                0x00000000080008f0                MCI_EncoderAlign
 .text.MCI_ExecBufferedCommands
                0x00000000080008fc       0x78 ./Application/User/mc_interface.o
                0x00000000080008fc                MCI_ExecBufferedCommands
 .text.MCI_GetSTMState
                0x0000000008000974        0xc ./Application/User/mc_interface.o
                0x0000000008000974                MCI_GetSTMState
 .text.MCI_GetControlMode
                0x0000000008000980        0x4 ./Application/User/mc_interface.o
                0x0000000008000980                MCI_GetControlMode
 .text.MCI_GetLastRampFinalSpeed
                0x0000000008000984       0x10 ./Application/User/mc_interface.o
                0x0000000008000984                MCI_GetLastRampFinalSpeed
 .text.MCI_StopRamp
                0x0000000008000994        0xc ./Application/User/mc_interface.o
                0x0000000008000994                MCI_StopRamp
 .text.MCI_GetAvrgMecSpeedUnit
                0x00000000080009a0       0x10 ./Application/User/mc_interface.o
                0x00000000080009a0                MCI_GetAvrgMecSpeedUnit
 .text.MCI_GetMecSpeedRefUnit
                0x00000000080009b0        0xc ./Application/User/mc_interface.o
                0x00000000080009b0                MCI_GetMecSpeedRefUnit
 .text.MCI_GetIab
                0x00000000080009bc       0x20 ./Application/User/mc_interface.o
                0x00000000080009bc                MCI_GetIab
 .text.MCI_GetIalphabeta
                0x00000000080009dc       0x20 ./Application/User/mc_interface.o
                0x00000000080009dc                MCI_GetIalphabeta
 .text.MCI_GetIqd
                0x00000000080009fc       0x20 ./Application/User/mc_interface.o
                0x00000000080009fc                MCI_GetIqd
 .text.MCI_GetIqdref
                0x0000000008000a1c       0x20 ./Application/User/mc_interface.o
                0x0000000008000a1c                MCI_GetIqdref
 .text.MCI_GetVqd
                0x0000000008000a3c       0x20 ./Application/User/mc_interface.o
                0x0000000008000a3c                MCI_GetVqd
 .text.MCI_GetValphabeta
                0x0000000008000a5c       0x20 ./Application/User/mc_interface.o
                0x0000000008000a5c                MCI_GetValphabeta
 .text.MCI_GetTeref
                0x0000000008000a7c        0x8 ./Application/User/mc_interface.o
                0x0000000008000a7c                MCI_GetTeref
 .text.MCI_SetIdref
                0x0000000008000a84        0x8 ./Application/User/mc_interface.o
                0x0000000008000a84                MCI_SetIdref
 .text.MCI_Clear_Iqdref
                0x0000000008000a8c       0x14 ./Application/User/mc_interface.o
                0x0000000008000a8c                MCI_Clear_Iqdref
 .text.MCM_Clarke
                0x0000000008000aa0       0x58 ./Application/User/mc_math.o
                0x0000000008000aa0                MCM_Clarke
 .text.MCM_Trig_Functions
                0x0000000008000af8       0x9c ./Application/User/mc_math.o
                0x0000000008000af8                MCM_Trig_Functions
 .text.MCM_Park
                0x0000000008000b94       0xa0 ./Application/User/mc_math.o
                0x0000000008000b94                MCM_Park
 .text.MCM_Rev_Park
                0x0000000008000c34       0x34 ./Application/User/mc_math.o
                0x0000000008000c34                MCM_Rev_Park
 .text.FOC_Clear
                0x0000000008000c68       0x64 ./Application/User/mc_tasks.o
                0x0000000008000c68                FOC_Clear
 .text.MCboot   0x0000000008000ccc      0x1d8 ./Application/User/mc_tasks.o
                0x0000000008000ccc                MCboot
 .text.FOC_InitAdditionalMethods
                0x0000000008000ea4        0x4 ./Application/User/mc_tasks.o
                0x0000000008000ea4                FOC_InitAdditionalMethods
 .text.FOC_CalcCurrRef
                0x0000000008000ea8       0x30 ./Application/User/mc_tasks.o
                0x0000000008000ea8                FOC_CalcCurrRef
 .text.TSK_SetChargeBootCapDelayM1
                0x0000000008000ed8        0xc ./Application/User/mc_tasks.o
                0x0000000008000ed8                TSK_SetChargeBootCapDelayM1
 .text.TSK_ChargeBootCapDelayHasElapsedM1
                0x0000000008000ee4       0x10 ./Application/User/mc_tasks.o
                0x0000000008000ee4                TSK_ChargeBootCapDelayHasElapsedM1
 .text.TSK_SetStopPermanencyTimeM1
                0x0000000008000ef4        0xc ./Application/User/mc_tasks.o
                0x0000000008000ef4                TSK_SetStopPermanencyTimeM1
 .text.TSK_StopPermanencyTimeHasElapsedM1
                0x0000000008000f00       0x10 ./Application/User/mc_tasks.o
                0x0000000008000f00                TSK_StopPermanencyTimeHasElapsedM1
 .text.TSK_MediumFrequencyTaskM1
                0x0000000008000f10      0x154 ./Application/User/mc_tasks.o
                0x0000000008000f10                TSK_MediumFrequencyTaskM1
 .text.MC_Scheduler
                0x0000000008001064       0x58 ./Application/User/mc_tasks.o
                0x0000000008001064                MC_Scheduler
 .text.TSK_HighFrequencyTask
                0x00000000080010bc      0x100 ./Application/User/mc_tasks.o
                0x00000000080010bc                TSK_HighFrequencyTask
 .text.TSK_SafetyTask_PWMOFF
                0x00000000080011bc       0x70 ./Application/User/mc_tasks.o
                0x00000000080011bc                TSK_SafetyTask_PWMOFF
 .text.TSK_SafetyTask
                0x000000000800122c       0x1c ./Application/User/mc_tasks.o
                0x000000000800122c                TSK_SafetyTask
 .text.MC_RunMotorControlTasks
                0x0000000008001248       0x20 ./Application/User/mc_tasks.o
                0x0000000008001248                MC_RunMotorControlTasks
 .text.TSK_HardwareFaultTask
                0x0000000008001268       0x20 ./Application/User/mc_tasks.o
                0x0000000008001268                TSK_HardwareFaultTask
 .text.mc_lock_pins
                0x0000000008001288      0x100 ./Application/User/mc_tasks.o
                0x0000000008001288                mc_lock_pins
 .text.MCP_ReceivedFrame
                0x0000000008001388      0x430 ./Application/User/motor_control_protocol.o
                0x0000000008001388                MCP_ReceivedFrame
 .text.MCP_WaitNextFrame
                0x00000000080017b8       0x18 ./Application/User/motor_control_protocol.o
                0x00000000080017b8                MCP_WaitNextFrame
 .text.MCP_Init
                0x00000000080017d0       0x40 ./Application/User/motor_control_protocol.o
                0x00000000080017d0                MCP_Init
 .text.MCP_OnTimeOut
                0x0000000008001810        0x8 ./Application/User/motor_control_protocol.o
                0x0000000008001810                MCP_OnTimeOut
 .text.MCP_SentFrame
                0x0000000008001818        0x8 ./Application/User/motor_control_protocol.o
                0x0000000008001818                MCP_SentFrame
 .text.MX_MotorControl_Init
                0x0000000008001820       0x48 ./Application/User/motorcontrol.o
                0x0000000008001820                MX_MotorControl_Init
 .text.RCM_RegisterRegConv
                0x0000000008001868      0x174 ./Application/User/regular_conversion_manager.o
                0x0000000008001868                RCM_RegisterRegConv
 .text.RCM_ExecRegularConv
                0x00000000080019dc      0x184 ./Application/User/regular_conversion_manager.o
                0x00000000080019dc                RCM_ExecRegularConv
 .text.RCM_ExecUserConv
                0x0000000008001b60       0x5c ./Application/User/regular_conversion_manager.o
                0x0000000008001b60                RCM_ExecUserConv
 .text.RCM_ExecNextConv
                0x0000000008001bbc       0x7c ./Application/User/regular_conversion_manager.o
                0x0000000008001bbc                RCM_ExecNextConv
 .text.RCM_ReadOngoingConv
                0x0000000008001c38       0x50 ./Application/User/regular_conversion_manager.o
                0x0000000008001c38                RCM_ReadOngoingConv
 .text.HAL_MspInit
                0x0000000008001c88       0x30 ./Application/User/stm32f0xx_hal_msp.o
                0x0000000008001c88                HAL_MspInit
 .text.HAL_ADC_MspInit
                0x0000000008001cb8       0xa0 ./Application/User/stm32f0xx_hal_msp.o
                0x0000000008001cb8                HAL_ADC_MspInit
 .text.HAL_TIM_PWM_MspInit
                0x0000000008001d58       0x2c ./Application/User/stm32f0xx_hal_msp.o
                0x0000000008001d58                HAL_TIM_PWM_MspInit
 .text.HAL_TIM_Base_MspInit
                0x0000000008001d84       0x64 ./Application/User/stm32f0xx_hal_msp.o
                0x0000000008001d84                HAL_TIM_Base_MspInit
 .text.HAL_TIM_MspPostInit
                0x0000000008001de8       0x88 ./Application/User/stm32f0xx_hal_msp.o
                0x0000000008001de8                HAL_TIM_MspPostInit
 .text.HAL_UART_MspInit
                0x0000000008001e70       0x60 ./Application/User/stm32f0xx_hal_msp.o
                0x0000000008001e70                HAL_UART_MspInit
 .text.DMA1_Channel1_IRQHandler
                0x0000000008001ed0       0x14 ./Application/User/stm32f0xx_mc_it.o
                0x0000000008001ed0                DMA1_Channel1_IRQHandler
 .text.TIM1_BRK_UP_TRG_COM_IRQHandler
                0x0000000008001ee4       0x48 ./Application/User/stm32f0xx_mc_it.o
                0x0000000008001ee4                TIM1_BRK_UP_TRG_COM_IRQHandler
 .text.DMA1_Channel4_5_IRQHandler
                0x0000000008001f2c       0x14 ./Application/User/stm32f0xx_mc_it.o
                0x0000000008001f2c                DMA1_Channel4_5_IRQHandler
 .text.TIM2_IRQHandler
                0x0000000008001f40       0x34 ./Application/User/stm32f0xx_mc_it.o
                0x0000000008001f40                TIM2_IRQHandler
 .text.USART1_IRQHandler
                0x0000000008001f74       0x6c ./Application/User/stm32f0xx_mc_it.o
                0x0000000008001f74                USART1_IRQHandler
 .text.HardFault_Handler
                0x0000000008001fe0       0x6c ./Application/User/stm32f0xx_mc_it.o
                0x0000000008001fe0                HardFault_Handler
 .text.SysTick_Handler
                0x000000000800204c       0x28 ./Application/User/stm32f0xx_mc_it.o
                0x000000000800204c                SysTick_Handler
 .text.EXTI0_1_IRQHandler
                0x0000000008002074       0x1c ./Application/User/stm32f0xx_mc_it.o
                0x0000000008002074                EXTI0_1_IRQHandler
 .text.UI_TaskInit
                0x0000000008002090       0x80 ./Application/User/ui_task.o
                0x0000000008002090                UI_TaskInit
 .text.UI_Scheduler
                0x0000000008002110       0x40 ./Application/User/ui_task.o
                0x0000000008002110                UI_Scheduler
 .text.UI_SerialCommunicationTimeOutStop
                0x0000000008002150        0xc ./Application/User/ui_task.o
                0x0000000008002150                UI_SerialCommunicationTimeOutStop
 .text.UI_SerialCommunicationTimeOutStart
                0x000000000800215c        0xc ./Application/User/ui_task.o
                0x000000000800215c                UI_SerialCommunicationTimeOutStart
 .text.UI_HandleStartStopButton_cb
                0x0000000008002168       0x18 ./Application/User/ui_task.o
                0x0000000008002168                UI_HandleStartStopButton_cb
 .text.UI_Init  0x0000000008002180       0x10 ./Application/User/user_interface.o
                0x0000000008002180                UI_Init
 .text.UI_SelectMC
                0x0000000008002190       0x10 ./Application/User/user_interface.o
                0x0000000008002190                UI_SelectMC
 .text.UI_GetSelectedMC
                0x00000000080021a0        0x4 ./Application/User/user_interface.o
                0x00000000080021a0                UI_GetSelectedMC
 .text.UI_SetReg
                0x00000000080021a4      0x124 ./Application/User/user_interface.o
                0x00000000080021a4                UI_SetReg
 .text.UI_GetReg
                0x00000000080022c8      0x214 ./Application/User/user_interface.o
                0x00000000080022c8                UI_GetReg
 .text.UI_ExecCmd
                0x00000000080024dc       0x74 ./Application/User/user_interface.o
                0x00000000080024dc                UI_ExecCmd
 .text.UI_ExecSpeedRamp
                0x0000000008002550       0x24 ./Application/User/user_interface.o
                0x0000000008002550                UI_ExecSpeedRamp
 .text.UI_ExecTorqueRamp
                0x0000000008002574       0x14 ./Application/User/user_interface.o
                0x0000000008002574                UI_ExecTorqueRamp
 .text.UI_GetRevupData
                0x0000000008002588       0x3c ./Application/User/user_interface.o
                0x0000000008002588                UI_GetRevupData
 .text.UI_SetRevupData
                0x00000000080025c4       0x38 ./Application/User/user_interface.o
                0x00000000080025c4                UI_SetRevupData
 .text.UI_SetCurrentReferences
                0x00000000080025fc       0x1c ./Application/User/user_interface.o
                0x00000000080025fc                UI_SetCurrentReferences
 .text.UI_GetMPInfo
                0x0000000008002618        0x4 ./Application/User/user_interface.o
                0x0000000008002618                UI_GetMPInfo
 .text.SystemInit
                0x000000000800261c        0x4 ./Drivers/CMSIS/system_stm32f0xx.o
                0x000000000800261c                SystemInit
 .text.HAL_InitTick
                0x0000000008002620       0x4c ./Drivers/STM32F0xx_HAL_Driver/stm32f0xx_hal.o
                0x0000000008002620                HAL_InitTick
 .text.HAL_Init
                0x000000000800266c       0x20 ./Drivers/STM32F0xx_HAL_Driver/stm32f0xx_hal.o
                0x000000000800266c                HAL_Init
 .text.HAL_IncTick
                0x000000000800268c       0x18 ./Drivers/STM32F0xx_HAL_Driver/stm32f0xx_hal.o
                0x000000000800268c                HAL_IncTick
 .text.HAL_GetTick
                0x00000000080026a4        0xc ./Drivers/STM32F0xx_HAL_Driver/stm32f0xx_hal.o
                0x00000000080026a4                HAL_GetTick
 .text.HAL_ADC_Init
                0x00000000080026b0      0x150 ./Drivers/STM32F0xx_HAL_Driver/stm32f0xx_hal_adc.o
                0x00000000080026b0                HAL_ADC_Init
 .text.HAL_ADC_ConfigChannel
                0x0000000008002800      0x128 ./Drivers/STM32F0xx_HAL_Driver/stm32f0xx_hal_adc.o
                0x0000000008002800                HAL_ADC_ConfigChannel
 .text.HAL_NVIC_SetPriority
                0x0000000008002928       0x64 ./Drivers/STM32F0xx_HAL_Driver/stm32f0xx_hal_cortex.o
                0x0000000008002928                HAL_NVIC_SetPriority
 .text.HAL_NVIC_EnableIRQ
                0x000000000800298c       0x18 ./Drivers/STM32F0xx_HAL_Driver/stm32f0xx_hal_cortex.o
                0x000000000800298c                HAL_NVIC_EnableIRQ
 .text.HAL_SYSTICK_Config
                0x00000000080029a4       0x34 ./Drivers/STM32F0xx_HAL_Driver/stm32f0xx_hal_cortex.o
                0x00000000080029a4                HAL_SYSTICK_Config
 .text.HAL_SYSTICK_Callback
                0x00000000080029d8        0x4 ./Drivers/STM32F0xx_HAL_Driver/stm32f0xx_hal_cortex.o
                0x00000000080029d8                HAL_SYSTICK_Callback
 .text.HAL_SYSTICK_IRQHandler
                0x00000000080029dc        0x8 ./Drivers/STM32F0xx_HAL_Driver/stm32f0xx_hal_cortex.o
                0x00000000080029dc                HAL_SYSTICK_IRQHandler
 .text.HAL_DMA_Init
                0x00000000080029e4       0x68 ./Drivers/STM32F0xx_HAL_Driver/stm32f0xx_hal_dma.o
                0x00000000080029e4                HAL_DMA_Init
 .text.HAL_GPIO_Init
                0x0000000008002a4c      0x1fc ./Drivers/STM32F0xx_HAL_Driver/stm32f0xx_hal_gpio.o
                0x0000000008002a4c                HAL_GPIO_Init
 .text.HAL_GPIO_WritePin
                0x0000000008002c48        0xc ./Drivers/STM32F0xx_HAL_Driver/stm32f0xx_hal_gpio.o
                0x0000000008002c48                HAL_GPIO_WritePin
 .text.HAL_RCC_OscConfig
                0x0000000008002c54      0x4b4 ./Drivers/STM32F0xx_HAL_Driver/stm32f0xx_hal_rcc.o
                0x0000000008002c54                HAL_RCC_OscConfig
 .text.HAL_RCC_ClockConfig
                0x0000000008003108      0x17c ./Drivers/STM32F0xx_HAL_Driver/stm32f0xx_hal_rcc.o
                0x0000000008003108                HAL_RCC_ClockConfig
 .text.HAL_RCC_EnableCSS
                0x0000000008003284       0x14 ./Drivers/STM32F0xx_HAL_Driver/stm32f0xx_hal_rcc.o
                0x0000000008003284                HAL_RCC_EnableCSS
 .text.HAL_RCC_GetSysClockFreq
                0x0000000008003298       0x70 ./Drivers/STM32F0xx_HAL_Driver/stm32f0xx_hal_rcc.o
                0x0000000008003298                HAL_RCC_GetSysClockFreq
 .text.HAL_RCC_GetHCLKFreq
                0x0000000008003308        0xc ./Drivers/STM32F0xx_HAL_Driver/stm32f0xx_hal_rcc.o
                0x0000000008003308                HAL_RCC_GetHCLKFreq
 .text.HAL_RCC_GetPCLK1Freq
                0x0000000008003314       0x20 ./Drivers/STM32F0xx_HAL_Driver/stm32f0xx_hal_rcc.o
                0x0000000008003314                HAL_RCC_GetPCLK1Freq
 .text.HAL_RCCEx_PeriphCLKConfig
                0x0000000008003334      0x13c ./Drivers/STM32F0xx_HAL_Driver/stm32f0xx_hal_rcc_ex.o
                0x0000000008003334                HAL_RCCEx_PeriphCLKConfig
 .text.HAL_TIM_Base_Init
                0x0000000008003470       0xf0 ./Drivers/STM32F0xx_HAL_Driver/stm32f0xx_hal_tim.o
                0x0000000008003470                HAL_TIM_Base_Init
 .text.HAL_TIM_PWM_Init
                0x0000000008003560       0xf0 ./Drivers/STM32F0xx_HAL_Driver/stm32f0xx_hal_tim.o
                0x0000000008003560                HAL_TIM_PWM_Init
 .text.HAL_TIM_PWM_ConfigChannel
                0x0000000008003650      0x240 ./Drivers/STM32F0xx_HAL_Driver/stm32f0xx_hal_tim.o
                0x0000000008003650                HAL_TIM_PWM_ConfigChannel
 .text.HAL_TIM_ConfigClockSource
                0x0000000008003890      0x170 ./Drivers/STM32F0xx_HAL_Driver/stm32f0xx_hal_tim.o
                0x0000000008003890                HAL_TIM_ConfigClockSource
 .text.TIM_Base_SetConfig
                0x0000000008003a00       0x94 ./Drivers/STM32F0xx_HAL_Driver/stm32f0xx_hal_tim.o
                0x0000000008003a00                TIM_Base_SetConfig
 .text.TIM_OC2_SetConfig
                0x0000000008003a94       0x78 ./Drivers/STM32F0xx_HAL_Driver/stm32f0xx_hal_tim.o
                0x0000000008003a94                TIM_OC2_SetConfig
 .text.TIM_TI1_SetConfig
                0x0000000008003b0c       0x50 ./Drivers/STM32F0xx_HAL_Driver/stm32f0xx_hal_tim.o
                0x0000000008003b0c                TIM_TI1_SetConfig
 .text.HAL_TIMEx_HallSensor_MspInit
                0x0000000008003b5c        0x4 ./Drivers/STM32F0xx_HAL_Driver/stm32f0xx_hal_tim_ex.o
                0x0000000008003b5c                HAL_TIMEx_HallSensor_MspInit
 .text.HAL_TIMEx_HallSensor_Init
                0x0000000008003b60       0xc0 ./Drivers/STM32F0xx_HAL_Driver/stm32f0xx_hal_tim_ex.o
                0x0000000008003b60                HAL_TIMEx_HallSensor_Init
 .text.HAL_TIMEx_MasterConfigSynchronization
                0x0000000008003c20       0x5c ./Drivers/STM32F0xx_HAL_Driver/stm32f0xx_hal_tim_ex.o
                0x0000000008003c20                HAL_TIMEx_MasterConfigSynchronization
 .text.HAL_TIMEx_ConfigBreakDeadTime
                0x0000000008003c7c       0x64 ./Drivers/STM32F0xx_HAL_Driver/stm32f0xx_hal_tim_ex.o
                0x0000000008003c7c                HAL_TIMEx_ConfigBreakDeadTime
 .text.UART_AdvFeatureConfig
                0x0000000008003ce0       0xd0 ./Drivers/STM32F0xx_HAL_Driver/stm32f0xx_hal_uart.o
                0x0000000008003ce0                UART_AdvFeatureConfig
 .text.UART_WaitOnFlagUntilTimeout
                0x0000000008003db0       0xf0 ./Drivers/STM32F0xx_HAL_Driver/stm32f0xx_hal_uart.o
                0x0000000008003db0                UART_WaitOnFlagUntilTimeout
 .text.HAL_UART_Init
                0x0000000008003ea0      0x1e8 ./Drivers/STM32F0xx_HAL_Driver/stm32f0xx_hal_uart.o
                0x0000000008003ea0                HAL_UART_Init
 .text.VBS_GetAvBusVoltage_V
                0x0000000008004088        0xc ./Middlewares/MotorControl/bus_voltage_sensor.o
                0x0000000008004088                VBS_GetAvBusVoltage_V
 .text.Circle_Limitation
                0x0000000008004094       0x58 ./Middlewares/MotorControl/circle_limitation.o
                0x0000000008004094                Circle_Limitation
 .text.FD_Init  0x00000000080040ec       0x24 ./Middlewares/MotorControl/fast_div.o
                0x00000000080040ec                FD_Init
 .text.FCP_Init
                0x0000000008004110       0x24 ./Middlewares/MotorControl/frame_communication_protocol.o
                0x0000000008004110                FCP_Init
 .text.FCP_SetClient
                0x0000000008004134       0x10 ./Middlewares/MotorControl/frame_communication_protocol.o
                0x0000000008004134                FCP_SetClient
 .text.FCP_CalcCRC
                0x0000000008004144       0x30 ./Middlewares/MotorControl/frame_communication_protocol.o
                0x0000000008004144                FCP_CalcCRC
 .text.HALL_Init
                0x0000000008004174      0x118 ./Middlewares/MotorControl/hall_speed_pos_fdbk.o
                0x0000000008004174                HALL_Init
 .text.HALL_Clear
                0x000000000800428c      0x154 ./Middlewares/MotorControl/hall_speed_pos_fdbk.o
                0x000000000800428c                HALL_Clear
 .text.HALL_CalcElAngle
                0x00000000080043e0       0x3c ./Middlewares/MotorControl/hall_speed_pos_fdbk.o
                0x00000000080043e0                HALL_CalcElAngle
 .text.HALL_CalcAvrgMecSpeedUnit
                0x000000000800441c       0x98 ./Middlewares/MotorControl/hall_speed_pos_fdbk.o
                0x000000000800441c                HALL_CalcAvrgMecSpeedUnit
 .text.HALL_TIMx_CC_IRQHandler
                0x00000000080044b4      0x338 ./Middlewares/MotorControl/hall_speed_pos_fdbk.o
                0x00000000080044b4                HALL_TIMx_CC_IRQHandler
 .text.HALL_TIMx_UP_IRQHandler
                0x00000000080047ec      0x18c ./Middlewares/MotorControl/hall_speed_pos_fdbk.o
                0x00000000080047ec                HALL_TIMx_UP_IRQHandler
 .text.MPM_Clear
                0x0000000008004978       0x1c ./Middlewares/MotorControl/motor_power_measurement.o
                0x0000000008004978                MPM_Clear
 .text.MPM_CalcElMotorPower
                0x0000000008004994       0x4c ./Middlewares/MotorControl/motor_power_measurement.o
                0x0000000008004994                MPM_CalcElMotorPower
 .text.MPM_GetAvrgElMotorPowerW
                0x00000000080049e0        0x8 ./Middlewares/MotorControl/motor_power_measurement.o
                0x00000000080049e0                MPM_GetAvrgElMotorPowerW
 .text.NTC_SetFaultState
                0x00000000080049e8       0x1c ./Middlewares/MotorControl/ntc_temperature_sensor.o
                0x00000000080049e8                NTC_SetFaultState
 .text.NTC_Clear
                0x0000000008004a04        0x8 ./Middlewares/MotorControl/ntc_temperature_sensor.o
                0x0000000008004a04                NTC_Clear
 .text.NTC_Init
                0x0000000008004a0c       0x28 ./Middlewares/MotorControl/ntc_temperature_sensor.o
                0x0000000008004a0c                NTC_Init
 .text.NTC_CalcAvTemp
                0x0000000008004a34       0x3c ./Middlewares/MotorControl/ntc_temperature_sensor.o
                0x0000000008004a34                NTC_CalcAvTemp
 .text.NTC_GetAvTemp_C
                0x0000000008004a70       0x28 ./Middlewares/MotorControl/ntc_temperature_sensor.o
                0x0000000008004a70                NTC_GetAvTemp_C
 .text.PID_HandleInit
                0x0000000008004a98       0x10 ./Middlewares/MotorControl/pid_regulator.o
                0x0000000008004a98                PID_HandleInit
 .text.PID_SetKP
                0x0000000008004aa8        0x4 ./Middlewares/MotorControl/pid_regulator.o
                0x0000000008004aa8                PID_SetKP
 .text.PID_SetKI
                0x0000000008004aac        0x4 ./Middlewares/MotorControl/pid_regulator.o
                0x0000000008004aac                PID_SetKI
 .text.PID_GetKP
                0x0000000008004ab0        0x8 ./Middlewares/MotorControl/pid_regulator.o
                0x0000000008004ab0                PID_GetKP
 .text.PID_GetKI
                0x0000000008004ab8        0x8 ./Middlewares/MotorControl/pid_regulator.o
                0x0000000008004ab8                PID_GetKI
 .text.PID_SetIntegralTerm
                0x0000000008004ac0        0x4 ./Middlewares/MotorControl/pid_regulator.o
                0x0000000008004ac0                PID_SetIntegralTerm
 .text.PID_GetKPDivisor
                0x0000000008004ac4        0x4 ./Middlewares/MotorControl/pid_regulator.o
                0x0000000008004ac4                PID_GetKPDivisor
 .text.PID_GetKIDivisor
                0x0000000008004ac8        0x4 ./Middlewares/MotorControl/pid_regulator.o
                0x0000000008004ac8                PID_GetKIDivisor
 .text.PID_SetKD
                0x0000000008004acc        0x4 ./Middlewares/MotorControl/pid_regulator.o
                0x0000000008004acc                PID_SetKD
 .text.PID_GetKD
                0x0000000008004ad0        0x8 ./Middlewares/MotorControl/pid_regulator.o
                0x0000000008004ad0                PID_GetKD
 .text.PI_Controller
                0x0000000008004ad8       0x80 ./Middlewares/MotorControl/pid_regulator.o
                0x0000000008004ad8                PI_Controller
 .text.PQD_CalcElMotorPower
                0x0000000008004b58       0x5c ./Middlewares/MotorControl/pqd_motor_power_measurement.o
                0x0000000008004b58                PQD_CalcElMotorPower
 .text.waitForPolarizationEnd
                0x0000000008004bb4       0x4c ./Middlewares/MotorControl/pwm_common.o
                0x0000000008004bb4                waitForPolarizationEnd
 .text.PWMC_GetPhaseCurrents
                0x0000000008004c00        0x8 ./Middlewares/MotorControl/pwm_curr_fdbk.o
                0x0000000008004c00                PWMC_GetPhaseCurrents
 .text.PWMC_SetPhaseVoltage
                0x0000000008004c08      0x204 ./Middlewares/MotorControl/pwm_curr_fdbk.o
                0x0000000008004c08                PWMC_SetPhaseVoltage
 .text.PWMC_SwitchOffPWM
                0x0000000008004e0c        0x8 ./Middlewares/MotorControl/pwm_curr_fdbk.o
                0x0000000008004e0c                PWMC_SwitchOffPWM
 .text.PWMC_CurrentReadingCalibr
                0x0000000008004e14       0x48 ./Middlewares/MotorControl/pwm_curr_fdbk.o
                0x0000000008004e14                PWMC_CurrentReadingCalibr
 .text.PWMC_CheckOverCurrent
                0x0000000008004e5c        0x8 ./Middlewares/MotorControl/pwm_curr_fdbk.o
                0x0000000008004e5c                PWMC_CheckOverCurrent
 .text.R3_1_GetPhaseCurrents
                0x0000000008004e64      0x16c ./Middlewares/MotorControl/r3_f0xx_pwm_curr_fdbk.o
                0x0000000008004e64                R3_1_GetPhaseCurrents
 .text.R3_1_HFCurrentsCalibrationAB
                0x0000000008004fd0       0x48 ./Middlewares/MotorControl/r3_f0xx_pwm_curr_fdbk.o
                0x0000000008004fd0                R3_1_HFCurrentsCalibrationAB
 .text.R3_1_HFCurrentsCalibrationC
                0x0000000008005018       0x44 ./Middlewares/MotorControl/r3_f0xx_pwm_curr_fdbk.o
                0x0000000008005018                R3_1_HFCurrentsCalibrationC
 .text.R3_1_Init
                0x000000000800505c      0x110 ./Middlewares/MotorControl/r3_f0xx_pwm_curr_fdbk.o
                0x000000000800505c                R3_1_Init
 .text.R3_1_WriteTIMRegisters
                0x000000000800516c       0x30 ./Middlewares/MotorControl/r3_f0xx_pwm_curr_fdbk.o
                0x000000000800516c                R3_1_WriteTIMRegisters
 .text.R3_1_SetADCSampPointCalibration
                0x000000000800519c       0x20 ./Middlewares/MotorControl/r3_f0xx_pwm_curr_fdbk.o
                0x000000000800519c                R3_1_SetADCSampPointCalibration
 .text.R3_1_SetADCSampPointSectX
                0x00000000080051bc       0x54 ./Middlewares/MotorControl/r3_f0xx_pwm_curr_fdbk.o
                0x00000000080051bc                R3_1_SetADCSampPointSectX
 .text.R3_1_TurnOnLowSides
                0x0000000008005210       0x48 ./Middlewares/MotorControl/r3_f0xx_pwm_curr_fdbk.o
                0x0000000008005210                R3_1_TurnOnLowSides
 .text.R3_1_SwitchOnPWM
                0x0000000008005258       0xec ./Middlewares/MotorControl/r3_f0xx_pwm_curr_fdbk.o
                0x0000000008005258                R3_1_SwitchOnPWM
 .text.R3_1_SwitchOffPWM
                0x0000000008005344       0xa8 ./Middlewares/MotorControl/r3_f0xx_pwm_curr_fdbk.o
                0x0000000008005344                R3_1_SwitchOffPWM
 .text.R3_1_CurrentReadingCalibration
                0x00000000080053ec      0x12c ./Middlewares/MotorControl/r3_f0xx_pwm_curr_fdbk.o
                0x00000000080053ec                R3_1_CurrentReadingCalibration
 .text.R3_1_TIMx_UP_IRQHandler
                0x0000000008005518       0x7c ./Middlewares/MotorControl/r3_f0xx_pwm_curr_fdbk.o
                0x0000000008005518                R3_1_TIMx_UP_IRQHandler
 .text.F0XX_BRK_IRQHandler
                0x0000000008005594       0x28 ./Middlewares/MotorControl/r3_f0xx_pwm_curr_fdbk.o
                0x0000000008005594                F0XX_BRK_IRQHandler
 .text.R3_1_IsOverCurrentOccurred
                0x00000000080055bc       0x2c ./Middlewares/MotorControl/r3_f0xx_pwm_curr_fdbk.o
                0x00000000080055bc                R3_1_IsOverCurrentOccurred
 .text.REMNG_Init
                0x00000000080055e8       0x18 ./Middlewares/MotorControl/ramp_ext_mngr.o
                0x00000000080055e8                REMNG_Init
 .text.RUC_SetPhaseDurationms
                0x0000000008005600        0xc ./Middlewares/MotorControl/revup_ctrl.o
                0x0000000008005600                RUC_SetPhaseDurationms
 .text.RUC_SetPhaseFinalMecSpeedUnit
                0x000000000800560c        0xc ./Middlewares/MotorControl/revup_ctrl.o
                0x000000000800560c                RUC_SetPhaseFinalMecSpeedUnit
 .text.RUC_SetPhaseFinalTorque
                0x0000000008005618        0xc ./Middlewares/MotorControl/revup_ctrl.o
                0x0000000008005618                RUC_SetPhaseFinalTorque
 .text.RUC_GetPhaseDurationms
                0x0000000008005624        0xc ./Middlewares/MotorControl/revup_ctrl.o
                0x0000000008005624                RUC_GetPhaseDurationms
 .text.RUC_GetPhaseFinalMecSpeedUnit
                0x0000000008005630       0x10 ./Middlewares/MotorControl/revup_ctrl.o
                0x0000000008005630                RUC_GetPhaseFinalMecSpeedUnit
 .text.RUC_GetPhaseFinalTorque
                0x0000000008005640       0x10 ./Middlewares/MotorControl/revup_ctrl.o
                0x0000000008005640                RUC_GetPhaseFinalTorque
 .text.RUC_GetNumberOfPhases
                0x0000000008005650        0x8 ./Middlewares/MotorControl/revup_ctrl.o
                0x0000000008005650                RUC_GetNumberOfPhases
 .text.SPD_GetElAngle
                0x0000000008005658        0x8 ./Middlewares/MotorControl/speed_pos_fdbk.o
                0x0000000008005658                SPD_GetElAngle
 .text.SPD_GetAvrgMecSpeedUnit
                0x0000000008005660        0x8 ./Middlewares/MotorControl/speed_pos_fdbk.o
                0x0000000008005660                SPD_GetAvrgMecSpeedUnit
 .text.SPD_GetInstElSpeedDpp
                0x0000000008005668        0x8 ./Middlewares/MotorControl/speed_pos_fdbk.o
                0x0000000008005668                SPD_GetInstElSpeedDpp
 .text.SPD_IsMecSpeedReliable
                0x0000000008005670       0x60 ./Middlewares/MotorControl/speed_pos_fdbk.o
                0x0000000008005670                SPD_IsMecSpeedReliable
 .text.SPD_GetS16Speed
                0x00000000080056d0       0x18 ./Middlewares/MotorControl/speed_pos_fdbk.o
                0x00000000080056d0                SPD_GetS16Speed
 .text.STC_Init
                0x00000000080056e8       0x24 ./Middlewares/MotorControl/speed_torq_ctrl.o
                0x00000000080056e8                STC_Init
 .text.STC_GetSpeedSensor
                0x000000000800570c        0x4 ./Middlewares/MotorControl/speed_torq_ctrl.o
                0x000000000800570c                STC_GetSpeedSensor
 .text.STC_Clear
                0x0000000008005710       0x14 ./Middlewares/MotorControl/speed_torq_ctrl.o
                0x0000000008005710                STC_Clear
 .text.STC_GetMecSpeedRefUnit
                0x0000000008005724       0x10 ./Middlewares/MotorControl/speed_torq_ctrl.o
                0x0000000008005724                STC_GetMecSpeedRefUnit
 .text.STC_GetTorqueRef
                0x0000000008005734       0x10 ./Middlewares/MotorControl/speed_torq_ctrl.o
                0x0000000008005734                STC_GetTorqueRef
 .text.STC_SetControlMode
                0x0000000008005744        0x8 ./Middlewares/MotorControl/speed_torq_ctrl.o
                0x0000000008005744                STC_SetControlMode
 .text.STC_ExecRamp
                0x000000000800574c       0x8c ./Middlewares/MotorControl/speed_torq_ctrl.o
                0x000000000800574c                STC_ExecRamp
 .text.STC_StopRamp
                0x00000000080057d8        0x8 ./Middlewares/MotorControl/speed_torq_ctrl.o
                0x00000000080057d8                STC_StopRamp
 .text.STC_CalcTorqueReference
                0x00000000080057e0       0x6c ./Middlewares/MotorControl/speed_torq_ctrl.o
                0x00000000080057e0                STC_CalcTorqueReference
 .text.STC_GetMecSpeedRefUnitDefault
                0x000000000800584c        0x8 ./Middlewares/MotorControl/speed_torq_ctrl.o
                0x000000000800584c                STC_GetMecSpeedRefUnitDefault
 .text.STC_GetMaxAppPositiveMecSpeedUnit
                0x0000000008005854        0x4 ./Middlewares/MotorControl/speed_torq_ctrl.o
                0x0000000008005854                STC_GetMaxAppPositiveMecSpeedUnit
 .text.STC_GetMinAppNegativeMecSpeedUnit
                0x0000000008005858        0x8 ./Middlewares/MotorControl/speed_torq_ctrl.o
                0x0000000008005858                STC_GetMinAppNegativeMecSpeedUnit
 .text.STC_GetDefaultIqdref
                0x0000000008005860       0x10 ./Middlewares/MotorControl/speed_torq_ctrl.o
                0x0000000008005860                STC_GetDefaultIqdref
 .text.STC_ForceSpeedReferenceToCurrentSpeed
                0x0000000008005870       0x10 ./Middlewares/MotorControl/speed_torq_ctrl.o
                0x0000000008005870                STC_ForceSpeedReferenceToCurrentSpeed
 .text.STM_Init
                0x0000000008005880        0xc ./Middlewares/MotorControl/state_machine.o
                0x0000000008005880                STM_Init
 .text.STM_FaultProcessing
                0x000000000800588c       0x34 ./Middlewares/MotorControl/state_machine.o
                0x000000000800588c                STM_FaultProcessing
 .text.STM_NextState
                0x00000000080058c0       0xe8 ./Middlewares/MotorControl/state_machine.o
                0x00000000080058c0                STM_NextState
 .text.STM_GetState
                0x00000000080059a8        0x4 ./Middlewares/MotorControl/state_machine.o
                0x00000000080059a8                STM_GetState
 .text.STM_FaultAcknowledged
                0x00000000080059ac       0x14 ./Middlewares/MotorControl/state_machine.o
                0x00000000080059ac                STM_FaultAcknowledged
 .text.STM_GetFaultState
                0x00000000080059c0        0xc ./Middlewares/MotorControl/state_machine.o
                0x00000000080059c0                STM_GetFaultState
 .text.UFCP_Init
                0x00000000080059cc        0x8 ./Middlewares/MotorControl/usart_frame_communication_protocol.o
                0x00000000080059cc                UFCP_Init
 .text.UFCP_TX_IRQ_Handler
                0x00000000080059d4       0x70 ./Middlewares/MotorControl/usart_frame_communication_protocol.o
                0x00000000080059d4                UFCP_TX_IRQ_Handler
 .text.UFCP_Receive
                0x0000000008005a44       0x2c ./Middlewares/MotorControl/usart_frame_communication_protocol.o
                0x0000000008005a44                UFCP_Receive
 .text.UFCP_Send
                0x0000000008005a70       0xc0 ./Middlewares/MotorControl/usart_frame_communication_protocol.o
                0x0000000008005a70                UFCP_Send
 .text.UFCP_RX_IRQ_Handler
                0x0000000008005b30       0xd0 ./Middlewares/MotorControl/usart_frame_communication_protocol.o
                0x0000000008005b30                UFCP_RX_IRQ_Handler
 .text.UFCP_OVR_IRQ_Handler
                0x0000000008005c00       0x18 ./Middlewares/MotorControl/usart_frame_communication_protocol.o
                0x0000000008005c00                UFCP_OVR_IRQ_Handler
 .text.UFCP_AbortReceive
                0x0000000008005c18        0xc ./Middlewares/MotorControl/usart_frame_communication_protocol.o
                0x0000000008005c18                UFCP_AbortReceive
 .text.VVBS_Init
                0x0000000008005c24        0xc ./Middlewares/MotorControl/virtual_bus_voltage_sensor.o
                0x0000000008005c24                VVBS_Init
 .text.memset   0x0000000008005c30       0x10 C:/ST/STM32CubeIDE_1.14.1/STM32CubeIDE/plugins/com.st.stm32cube.ide.mcu.externaltools.gnu-tools-for-stm32.11.3.rel1.win32_1.1.100.202309141235/tools/bin/../lib/gcc/arm-none-eabi/11.3.1/../../../../arm-none-eabi/lib/thumb/v6-m/nofp\libc_nano.a(libc_a-memset.o)
                0x0000000008005c30                memset
 .text.__libc_init_array
                0x0000000008005c40       0x48 C:/ST/STM32CubeIDE_1.14.1/STM32CubeIDE/plugins/com.st.stm32cube.ide.mcu.externaltools.gnu-tools-for-stm32.11.3.rel1.win32_1.1.100.202309141235/tools/bin/../lib/gcc/arm-none-eabi/11.3.1/../../../../arm-none-eabi/lib/thumb/v6-m/nofp\libc_nano.a(libc_a-init.o)
                0x0000000008005c40                __libc_init_array
 .text.memcpy   0x0000000008005c88       0x12 C:/ST/STM32CubeIDE_1.14.1/STM32CubeIDE/plugins/com.st.stm32cube.ide.mcu.externaltools.gnu-tools-for-stm32.11.3.rel1.win32_1.1.100.202309141235/tools/bin/../lib/gcc/arm-none-eabi/11.3.1/../../../../arm-none-eabi/lib/thumb/v6-m/nofp\libc_nano.a(libc_a-memcpy-stub.o)
                0x0000000008005c88                memcpy
 *(.glue_7)
 .glue_7        0x0000000008005c9a        0x0 linker stubs
 *(.glue_7t)
 .glue_7t       0x0000000008005c9a        0x0 linker stubs
 *(.eh_frame)
 *fill*         0x0000000008005c9a        0x2 
 .eh_frame      0x0000000008005c9c        0x0 C:/ST/STM32CubeIDE_1.14.1/STM32CubeIDE/plugins/com.st.stm32cube.ide.mcu.externaltools.gnu-tools-for-stm32.11.3.rel1.win32_1.1.100.202309141235/tools/bin/../lib/gcc/arm-none-eabi/11.3.1/thumb/v6-m/nofp/crtbegin.o
 *(.init)
 .init          0x0000000008005c9c        0x4 C:/ST/STM32CubeIDE_1.14.1/STM32CubeIDE/plugins/com.st.stm32cube.ide.mcu.externaltools.gnu-tools-for-stm32.11.3.rel1.win32_1.1.100.202309141235/tools/bin/../lib/gcc/arm-none-eabi/11.3.1/thumb/v6-m/nofp/crti.o
                0x0000000008005c9c                _init
 .init          0x0000000008005ca0        0x8 C:/ST/STM32CubeIDE_1.14.1/STM32CubeIDE/plugins/com.st.stm32cube.ide.mcu.externaltools.gnu-tools-for-stm32.11.3.rel1.win32_1.1.100.202309141235/tools/bin/../lib/gcc/arm-none-eabi/11.3.1/thumb/v6-m/nofp/crtn.o
 *(.fini)
 .fini          0x0000000008005ca8        0x4 C:/ST/STM32CubeIDE_1.14.1/STM32CubeIDE/plugins/com.st.stm32cube.ide.mcu.externaltools.gnu-tools-for-stm32.11.3.rel1.win32_1.1.100.202309141235/tools/bin/../lib/gcc/arm-none-eabi/11.3.1/thumb/v6-m/nofp/crti.o
                0x0000000008005ca8                _fini
 .fini          0x0000000008005cac        0x8 C:/ST/STM32CubeIDE_1.14.1/STM32CubeIDE/plugins/com.st.stm32cube.ide.mcu.externaltools.gnu-tools-for-stm32.11.3.rel1.win32_1.1.100.202309141235/tools/bin/../lib/gcc/arm-none-eabi/11.3.1/thumb/v6-m/nofp/crtn.o
                0x0000000008005cb4                . = ALIGN (0x4)
                0x0000000008005cb4                _etext = .

.vfp11_veneer   0x0000000008005cb4        0x0
 .vfp11_veneer  0x0000000008005cb4        0x0 linker stubs

.v4_bx          0x0000000008005cb4        0x0
 .v4_bx         0x0000000008005cb4        0x0 linker stubs

.iplt           0x0000000008005cb4        0x0
 .iplt          0x0000000008005cb4        0x0 C:/ST/STM32CubeIDE_1.14.1/STM32CubeIDE/plugins/com.st.stm32cube.ide.mcu.externaltools.gnu-tools-for-stm32.11.3.rel1.win32_1.1.100.202309141235/tools/bin/../lib/gcc/arm-none-eabi/11.3.1/thumb/v6-m/nofp/crtbegin.o

.rodata         0x0000000008005cb4      0xc10
                0x0000000008005cb4                . = ALIGN (0x4)
 *(.rodata)
 *(.rodata*)
 .rodata.hSin_Cos_Table
                0x0000000008005cb4      0x200 ./Application/User/mc_math.o
                0x0000000008005cb4                hSin_Cos_Table
 .rodata.R3_1_Params
                0x0000000008005eb4       0x74 ./Application/User/mc_parameters.o
                0x0000000008005eb4                R3_1_Params
 .rodata.TSK_MediumFrequencyTaskM1
                0x0000000008005f28       0x40 ./Application/User/mc_tasks.o
 .rodata.MCP_ReceivedFrame
                0x0000000008005f68      0x2c4 ./Application/User/motor_control_protocol.o
 .rodata.s_fwVer
                0x000000000800622c       0x20 ./Application/User/motorcontrol.o
                0x000000000800622c                s_fwVer
 .rodata.UI_SetReg
                0x000000000800624c      0x170 ./Application/User/user_interface.o
 .rodata.UI_GetReg
                0x00000000080063bc      0x3d8 ./Application/User/user_interface.o
 .rodata.UI_ExecCmd
                0x0000000008006794       0x3c ./Application/User/user_interface.o
 .rodata.AHBPrescTable
                0x00000000080067d0       0x10 ./Drivers/CMSIS/system_stm32f0xx.o
                0x00000000080067d0                AHBPrescTable
 .rodata.APBPrescTable
                0x00000000080067e0        0x8 ./Drivers/CMSIS/system_stm32f0xx.o
                0x00000000080067e0                APBPrescTable
 .rodata.HAL_RCC_ClockConfig.str1.4
                0x00000000080067e8       0x25 ./Drivers/STM32F0xx_HAL_Driver/stm32f0xx_hal_rcc.o
 *fill*         0x000000000800680d        0x3 
 .rodata.CSWTCH.59
                0x0000000008006810        0x3 ./Drivers/STM32F0xx_HAL_Driver/stm32f0xx_hal_uart.o
 *fill*         0x0000000008006813        0x1 
 .rodata.HALL_Clear
                0x0000000008006814       0x1c ./Middlewares/MotorControl/hall_speed_pos_fdbk.o
 .rodata.HALL_TIMx_CC_IRQHandler
                0x0000000008006830       0x1c ./Middlewares/MotorControl/hall_speed_pos_fdbk.o
 .rodata.HALL_TIMx_UP_IRQHandler
                0x000000000800684c       0x1c ./Middlewares/MotorControl/hall_speed_pos_fdbk.o
 .rodata.STM_NextState
                0x0000000008006868       0x54 ./Middlewares/MotorControl/state_machine.o
 .rodata.UFCP_Usart_Timeout_none
                0x00000000080068bc        0x2 ./Middlewares/MotorControl/usart_frame_communication_protocol.o
 .rodata.UFCP_Usart_Timeout_start
                0x00000000080068be        0x2 ./Middlewares/MotorControl/usart_frame_communication_protocol.o
 .rodata.UFCP_Usart_Timeout_stop
                0x00000000080068c0        0x2 ./Middlewares/MotorControl/usart_frame_communication_protocol.o
                0x00000000080068c4                . = ALIGN (0x4)
 *fill*         0x00000000080068c2        0x2 

.rel.dyn        0x00000000080068c4        0x0
 .rel.iplt      0x00000000080068c4        0x0 C:/ST/STM32CubeIDE_1.14.1/STM32CubeIDE/plugins/com.st.stm32cube.ide.mcu.externaltools.gnu-tools-for-stm32.11.3.rel1.win32_1.1.100.202309141235/tools/bin/../lib/gcc/arm-none-eabi/11.3.1/thumb/v6-m/nofp/crtbegin.o

.ARM.extab      0x00000000080068c4        0x0
                0x00000000080068c4                . = ALIGN (0x4)
 *(.ARM.extab* .gnu.linkonce.armextab.*)
                0x00000000080068c4                . = ALIGN (0x4)

.ARM            0x00000000080068c4        0x0
                0x00000000080068c4                . = ALIGN (0x4)
                0x00000000080068c4                __exidx_start = .
 *(.ARM.exidx*)
                0x00000000080068c4                __exidx_end = .
                0x00000000080068c4                . = ALIGN (0x4)

.preinit_array  0x00000000080068c4        0x0
                0x00000000080068c4                . = ALIGN (0x4)
                0x00000000080068c4                PROVIDE (__preinit_array_start = .)
 *(.preinit_array*)
                0x00000000080068c4                PROVIDE (__preinit_array_end = .)
                0x00000000080068c4                . = ALIGN (0x4)

.init_array     0x00000000080068c4        0x4
                0x00000000080068c4                . = ALIGN (0x4)
                0x00000000080068c4                PROVIDE (__init_array_start = .)
 *(SORT_BY_NAME(.init_array.*))
 *(.init_array*)
 .init_array    0x00000000080068c4        0x4 C:/ST/STM32CubeIDE_1.14.1/STM32CubeIDE/plugins/com.st.stm32cube.ide.mcu.externaltools.gnu-tools-for-stm32.11.3.rel1.win32_1.1.100.202309141235/tools/bin/../lib/gcc/arm-none-eabi/11.3.1/thumb/v6-m/nofp/crtbegin.o
                0x00000000080068c8                PROVIDE (__init_array_end = .)
                0x00000000080068c8                . = ALIGN (0x4)

.fini_array     0x00000000080068c8        0x4
                0x00000000080068c8                . = ALIGN (0x4)
                [!provide]                        PROVIDE (__fini_array_start = .)
 *(SORT_BY_NAME(.fini_array.*))
 *(.fini_array*)
 .fini_array    0x00000000080068c8        0x4 C:/ST/STM32CubeIDE_1.14.1/STM32CubeIDE/plugins/com.st.stm32cube.ide.mcu.externaltools.gnu-tools-for-stm32.11.3.rel1.win32_1.1.100.202309141235/tools/bin/../lib/gcc/arm-none-eabi/11.3.1/thumb/v6-m/nofp/crtbegin.o
                [!provide]                        PROVIDE (__fini_array_end = .)
                0x00000000080068cc                . = ALIGN (0x4)
                0x00000000080068cc                _sidata = LOADADDR (.data)

.data           0x0000000020000000      0x5a0 load address 0x00000000080068cc
                0x0000000020000000                . = ALIGN (0x4)
                0x0000000020000000                _sdata = .
 *(.data)
 *(.data*)
 .data.CircleLimitationM1
                0x0000000020000000       0xb4 ./Application/User/mc_config.o
                0x0000000020000000                CircleLimitationM1
 .data.HALL_M1  0x00000000200000b4       0xc8 ./Application/User/mc_config.o
                0x00000000200000b4                HALL_M1
 .data.PIDIdHandle_M1
                0x000000002000017c       0x2c ./Application/User/mc_config.o
                0x000000002000017c                PIDIdHandle_M1
 .data.PIDIqHandle_M1
                0x00000000200001a8       0x2c ./Application/User/mc_config.o
                0x00000000200001a8                PIDIqHandle_M1
 .data.PIDSpeedHandle_M1
                0x00000000200001d4       0x2c ./Application/User/mc_config.o
                0x00000000200001d4                PIDSpeedHandle_M1
 .data.PQD_MotorPowMeasM1
                0x0000000020000200      0x114 ./Application/User/mc_config.o
                0x0000000020000200                PQD_MotorPowMeasM1
 .data.PWM_Handle_M1
                0x0000000020000314       0x7c ./Application/User/mc_config.o
                0x0000000020000314                PWM_Handle_M1
 .data.RampExtMngrHFParamsM1
                0x0000000020000390       0x58 ./Application/User/mc_config.o
                0x0000000020000390                RampExtMngrHFParamsM1
 .data.SpeednTorqCtrlM1
                0x00000000200003e8       0x34 ./Application/User/mc_config.o
                0x00000000200003e8                SpeednTorqCtrlM1
 .data.TempSensorParamsM1
                0x000000002000041c       0x28 ./Application/User/mc_config.o
                0x000000002000041c                TempSensorParamsM1
 .data.VirtualBusVoltageSensorParamsM1
                0x0000000020000444        0xc ./Application/User/mc_config.o
                0x0000000020000444                VirtualBusVoltageSensorParamsM1
 .data.pUSART   0x0000000020000450      0x13c ./Application/User/mc_config.o
                0x0000000020000450                pUSART
 .data.wConfig  0x000000002000058c        0x4 ./Application/User/motorcontrol.o
                0x000000002000058c                wConfig
 .data.SystickDividerCounter.0
                0x0000000020000590        0x1 ./Application/User/stm32f0xx_mc_it.o
 *fill*         0x0000000020000591        0x1 
 .data.bCOMATRTimeCounter
                0x0000000020000592        0x2 ./Application/User/ui_task.o
 .data.SystemCoreClock
                0x0000000020000594        0x4 ./Drivers/CMSIS/system_stm32f0xx.o
                0x0000000020000594                SystemCoreClock
 .data.uwTickFreq
                0x0000000020000598        0x1 ./Drivers/STM32F0xx_HAL_Driver/stm32f0xx_hal.o
                0x0000000020000598                uwTickFreq
 *fill*         0x0000000020000599        0x3 
 .data.uwTickPrio
                0x000000002000059c        0x4 ./Drivers/STM32F0xx_HAL_Driver/stm32f0xx_hal.o
                0x000000002000059c                uwTickPrio
 *(.RamFunc)
 *(.RamFunc*)
                0x00000000200005a0                . = ALIGN (0x4)
                0x00000000200005a0                _edata = .

.igot.plt       0x00000000200005a0        0x0 load address 0x0000000008006e6c
 .igot.plt      0x00000000200005a0        0x0 C:/ST/STM32CubeIDE_1.14.1/STM32CubeIDE/plugins/com.st.stm32cube.ide.mcu.externaltools.gnu-tools-for-stm32.11.3.rel1.win32_1.1.100.202309141235/tools/bin/../lib/gcc/arm-none-eabi/11.3.1/thumb/v6-m/nofp/crtbegin.o
                0x00000000200005a0                . = ALIGN (0x4)

.bss            0x00000000200005a0      0x3bc load address 0x0000000008006e6c
                0x00000000200005a0                _sbss = .
                0x00000000200005a0                __bss_start__ = _sbss
 *(.bss)
 .bss           0x00000000200005a0       0x1c C:/ST/STM32CubeIDE_1.14.1/STM32CubeIDE/plugins/com.st.stm32cube.ide.mcu.externaltools.gnu-tools-for-stm32.11.3.rel1.win32_1.1.100.202309141235/tools/bin/../lib/gcc/arm-none-eabi/11.3.1/thumb/v6-m/nofp/crtbegin.o
 *(.bss*)
 .bss.hadc      0x00000000200005bc       0x40 ./Application/User/main.o
                0x00000000200005bc                hadc
 .bss.hdma_adc  0x00000000200005fc       0x44 ./Application/User/main.o
                0x00000000200005fc                hdma_adc
 .bss.htim1     0x0000000020000640       0x48 ./Application/User/main.o
                0x0000000020000640                htim1
 .bss.htim2     0x0000000020000688       0x48 ./Application/User/main.o
                0x0000000020000688                htim2
 .bss.huart1    0x00000000200006d0       0x84 ./Application/User/main.o
                0x00000000200006d0                huart1
 .bss.UI_Params
                0x0000000020000754       0x18 ./Application/User/mc_config.o
                0x0000000020000754                UI_Params
 .bss.FOCVars   0x000000002000076c       0x26 ./Application/User/mc_tasks.o
                0x000000002000076c                FOCVars
 *fill*         0x0000000020000792        0x2 
 .bss.MCT       0x0000000020000794       0x54 ./Application/User/mc_tasks.o
                0x0000000020000794                MCT
 .bss.Mci       0x00000000200007e8       0x1c ./Application/User/mc_tasks.o
                0x00000000200007e8                Mci
 .bss.STM       0x0000000020000804        0x6 ./Application/User/mc_tasks.o
                0x0000000020000804                STM
 .bss.bMCBootCompleted
                0x000000002000080a        0x1 ./Application/User/mc_tasks.o
                0x000000002000080a                bMCBootCompleted
 *fill*         0x000000002000080b        0x1 
 .bss.hBootCapDelayCounterM1
                0x000000002000080c        0x2 ./Application/User/mc_tasks.o
 .bss.hMFTaskCounterM1
                0x000000002000080e        0x2 ./Application/User/mc_tasks.o
 .bss.hStopPermanencyCounterM1
                0x0000000020000810        0x2 ./Application/User/mc_tasks.o
 *fill*         0x0000000020000812        0x2 
 .bss.oMCInterface
                0x0000000020000814        0x4 ./Application/User/mc_tasks.o
                0x0000000020000814                oMCInterface
 .bss.pBusSensorM1
                0x0000000020000818        0x4 ./Application/User/mc_tasks.o
                0x0000000020000818                pBusSensorM1
 .bss.pCLM      0x000000002000081c        0x4 ./Application/User/mc_tasks.o
                0x000000002000081c                pCLM
 .bss.pMPM      0x0000000020000820        0x4 ./Application/User/mc_tasks.o
                0x0000000020000820                pMPM
 .bss.pPIDId    0x0000000020000824        0x4 ./Application/User/mc_tasks.o
                0x0000000020000824                pPIDId
 .bss.pPIDIq    0x0000000020000828        0x4 ./Application/User/mc_tasks.o
                0x0000000020000828                pPIDIq
 .bss.pPIDSpeed
                0x000000002000082c        0x4 ./Application/User/mc_tasks.o
                0x000000002000082c                pPIDSpeed
 .bss.pREMNG    0x0000000020000830        0x4 ./Application/User/mc_tasks.o
                0x0000000020000830                pREMNG
 .bss.pSTC      0x0000000020000834        0x4 ./Application/User/mc_tasks.o
                0x0000000020000834                pSTC
 .bss.pTemperatureSensor
                0x0000000020000838        0x4 ./Application/User/mc_tasks.o
                0x0000000020000838                pTemperatureSensor
 .bss.pwmcHandle
                0x000000002000083c        0x4 ./Application/User/mc_tasks.o
                0x000000002000083c                pwmcHandle
 .bss.MPInfo    0x0000000020000840        0x8 ./Application/User/motor_control_protocol.o
                0x0000000020000840                MPInfo
 .bss.pMCI      0x0000000020000848        0x4 ./Application/User/motorcontrol.o
                0x0000000020000848                pMCI
 .bss.pMCT      0x000000002000084c        0x4 ./Application/User/motorcontrol.o
                0x000000002000084c                pMCT
 .bss.RCM_CB_array
                0x0000000020000850       0x20 ./Application/User/regular_conversion_manager.o
                0x0000000020000850                RCM_CB_array
 .bss.RCM_NoInj_array
                0x0000000020000870       0x18 ./Application/User/regular_conversion_manager.o
                0x0000000020000870                RCM_NoInj_array
 .bss.RCM_UserConvHandle
                0x0000000020000888        0x1 ./Application/User/regular_conversion_manager.o
                0x0000000020000888                RCM_UserConvHandle
 .bss.RCM_UserConvState
                0x0000000020000889        0x1 ./Application/User/regular_conversion_manager.o
                0x0000000020000889                RCM_UserConvState
 .bss.RCM_UserConvValue
                0x000000002000088a        0x2 ./Application/User/regular_conversion_manager.o
                0x000000002000088a                RCM_UserConvValue
 .bss.RCM_currentHandle
                0x000000002000088c        0x1 ./Application/User/regular_conversion_manager.o
                0x000000002000088c                RCM_currentHandle
 *fill*         0x000000002000088d        0x3 
 .bss.RCM_handle_array
                0x0000000020000890       0x10 ./Application/User/regular_conversion_manager.o
                0x0000000020000890                RCM_handle_array
 .bss.MCP_UI_Params
                0x00000000200008a0       0xb0 ./Application/User/ui_task.o
                0x00000000200008a0                MCP_UI_Params
 .bss.bCOMTimeoutCounter
                0x0000000020000950        0x2 ./Application/User/ui_task.o
 .bss.bUITaskCounter
                0x0000000020000952        0x2 ./Application/User/ui_task.o
 .bss.pMCP      0x0000000020000954        0x4 ./Application/User/ui_task.o
                0x0000000020000954                pMCP
 .bss.uwTick    0x0000000020000958        0x4 ./Drivers/STM32F0xx_HAL_Driver/stm32f0xx_hal.o
                0x0000000020000958                uwTick
 *(COMMON)
                0x000000002000095c                . = ALIGN (0x4)
                0x000000002000095c                _ebss = .
                0x000000002000095c                __bss_end__ = _ebss

._user_heap_stack
                0x000000002000095c      0x484 load address 0x0000000008006e6c
                0x0000000020000960                . = ALIGN (0x8)
 *fill*         0x000000002000095c        0x4 
                [!provide]                        PROVIDE (end = .)
                0x0000000020000960                PROVIDE (_end = .)
                0x00000000200009e0                . = (. + _Min_Heap_Size)
 *fill*         0x0000000020000960       0x80 
                0x0000000020000de0                . = (. + _Min_Stack_Size)
 *fill*         0x00000000200009e0      0x400 
                0x0000000020000de0                . = ALIGN (0x8)

/DISCARD/
 libc.a(*)
 libm.a(*)
 libgcc.a(*)

.ARM.attributes
                0x0000000000000000       0x28
 *(.ARM.attributes)
 .ARM.attributes
                0x0000000000000000       0x1e C:/ST/STM32CubeIDE_1.14.1/STM32CubeIDE/plugins/com.st.stm32cube.ide.mcu.externaltools.gnu-tools-for-stm32.11.3.rel1.win32_1.1.100.202309141235/tools/bin/../lib/gcc/arm-none-eabi/11.3.1/thumb/v6-m/nofp/crti.o
 .ARM.attributes
                0x000000000000001e       0x2c C:/ST/STM32CubeIDE_1.14.1/STM32CubeIDE/plugins/com.st.stm32cube.ide.mcu.externaltools.gnu-tools-for-stm32.11.3.rel1.win32_1.1.100.202309141235/tools/bin/../lib/gcc/arm-none-eabi/11.3.1/thumb/v6-m/nofp/crtbegin.o
 .ARM.attributes
                0x000000000000004a       0x21 ./Application/Startup/startup_stm32f031c6tx.o
 .ARM.attributes
                0x000000000000006b       0x28 ./Application/User/main.o
 .ARM.attributes
                0x0000000000000093       0x28 ./Application/User/mc_api.o
 .ARM.attributes
                0x00000000000000bb       0x28 ./Application/User/mc_config.o
 .ARM.attributes
                0x00000000000000e3       0x28 ./Application/User/mc_interface.o
 .ARM.attributes
                0x000000000000010b       0x28 ./Application/User/mc_math.o
 .ARM.attributes
                0x0000000000000133       0x28 ./Application/User/mc_parameters.o
 .ARM.attributes
                0x000000000000015b       0x28 ./Application/User/mc_tasks.o
 .ARM.attributes
                0x0000000000000183       0x28 ./Application/User/motor_control_protocol.o
 .ARM.attributes
                0x00000000000001ab       0x28 ./Application/User/motorcontrol.o
 .ARM.attributes
                0x00000000000001d3       0x28 ./Application/User/regular_conversion_manager.o
 .ARM.attributes
                0x00000000000001fb       0x28 ./Application/User/stm32f0xx_hal_msp.o
 .ARM.attributes
                0x0000000000000223       0x28 ./Application/User/stm32f0xx_mc_it.o
 .ARM.attributes
                0x000000000000024b       0x28 ./Application/User/ui_task.o
 .ARM.attributes
                0x0000000000000273       0x28 ./Application/User/user_interface.o
 .ARM.attributes
                0x000000000000029b       0x28 ./Drivers/CMSIS/system_stm32f0xx.o
 .ARM.attributes
                0x00000000000002c3       0x28 ./Drivers/STM32F0xx_HAL_Driver/stm32f0xx_hal.o
 .ARM.attributes
                0x00000000000002eb       0x28 ./Drivers/STM32F0xx_HAL_Driver/stm32f0xx_hal_adc.o
 .ARM.attributes
                0x0000000000000313       0x28 ./Drivers/STM32F0xx_HAL_Driver/stm32f0xx_hal_cortex.o
 .ARM.attributes
                0x000000000000033b       0x28 ./Drivers/STM32F0xx_HAL_Driver/stm32f0xx_hal_dma.o
 .ARM.attributes
                0x0000000000000363       0x28 ./Drivers/STM32F0xx_HAL_Driver/stm32f0xx_hal_gpio.o
 .ARM.attributes
                0x000000000000038b       0x28 ./Drivers/STM32F0xx_HAL_Driver/stm32f0xx_hal_rcc.o
 .ARM.attributes
                0x00000000000003b3       0x28 ./Drivers/STM32F0xx_HAL_Driver/stm32f0xx_hal_rcc_ex.o
 .ARM.attributes
                0x00000000000003db       0x28 ./Drivers/STM32F0xx_HAL_Driver/stm32f0xx_hal_tim.o
 .ARM.attributes
                0x0000000000000403       0x28 ./Drivers/STM32F0xx_HAL_Driver/stm32f0xx_hal_tim_ex.o
 .ARM.attributes
                0x000000000000042b       0x28 ./Drivers/STM32F0xx_HAL_Driver/stm32f0xx_hal_uart.o
 .ARM.attributes
                0x0000000000000453       0x28 ./Middlewares/MotorControl/bus_voltage_sensor.o
 .ARM.attributes
                0x000000000000047b       0x28 ./Middlewares/MotorControl/circle_limitation.o
 .ARM.attributes
                0x00000000000004a3       0x28 ./Middlewares/MotorControl/fast_div.o
 .ARM.attributes
                0x00000000000004cb       0x28 ./Middlewares/MotorControl/frame_communication_protocol.o
 .ARM.attributes
                0x00000000000004f3       0x28 ./Middlewares/MotorControl/hall_speed_pos_fdbk.o
 .ARM.attributes
                0x000000000000051b       0x28 ./Middlewares/MotorControl/motor_power_measurement.o
 .ARM.attributes
                0x0000000000000543       0x28 ./Middlewares/MotorControl/ntc_temperature_sensor.o
 .ARM.attributes
                0x000000000000056b       0x28 ./Middlewares/MotorControl/pid_regulator.o
 .ARM.attributes
                0x0000000000000593       0x28 ./Middlewares/MotorControl/pqd_motor_power_measurement.o
 .ARM.attributes
                0x00000000000005bb       0x28 ./Middlewares/MotorControl/pwm_common.o
 .ARM.attributes
                0x00000000000005e3       0x28 ./Middlewares/MotorControl/pwm_curr_fdbk.o
 .ARM.attributes
                0x000000000000060b       0x28 ./Middlewares/MotorControl/r3_f0xx_pwm_curr_fdbk.o
 .ARM.attributes
                0x0000000000000633       0x28 ./Middlewares/MotorControl/ramp_ext_mngr.o
 .ARM.attributes
                0x000000000000065b       0x28 ./Middlewares/MotorControl/revup_ctrl.o
 .ARM.attributes
                0x0000000000000683       0x28 ./Middlewares/MotorControl/speed_pos_fdbk.o
 .ARM.attributes
                0x00000000000006ab       0x28 ./Middlewares/MotorControl/speed_torq_ctrl.o
 .ARM.attributes
                0x00000000000006d3       0x28 ./Middlewares/MotorControl/state_machine.o
 .ARM.attributes
                0x00000000000006fb       0x28 ./Middlewares/MotorControl/usart_frame_communication_protocol.o
 .ARM.attributes
                0x0000000000000723       0x28 ./Middlewares/MotorControl/virtual_bus_voltage_sensor.o
 .ARM.attributes
                0x000000000000074b       0x2c C:/ST/STM32CubeIDE_1.14.1/STM32CubeIDE/plugins/com.st.stm32cube.ide.mcu.externaltools.gnu-tools-for-stm32.11.3.rel1.win32_1.1.100.202309141235/tools/bin/../lib/gcc/arm-none-eabi/11.3.1/../../../../arm-none-eabi/lib/thumb/v6-m/nofp\libc_nano.a(libc_a-memset.o)
 .ARM.attributes
                0x0000000000000777       0x2c C:/ST/STM32CubeIDE_1.14.1/STM32CubeIDE/plugins/com.st.stm32cube.ide.mcu.externaltools.gnu-tools-for-stm32.11.3.rel1.win32_1.1.100.202309141235/tools/bin/../lib/gcc/arm-none-eabi/11.3.1/../../../../arm-none-eabi/lib/thumb/v6-m/nofp\libc_nano.a(libc_a-init.o)
 .ARM.attributes
                0x00000000000007a3       0x2c C:/ST/STM32CubeIDE_1.14.1/STM32CubeIDE/plugins/com.st.stm32cube.ide.mcu.externaltools.gnu-tools-for-stm32.11.3.rel1.win32_1.1.100.202309141235/tools/bin/../lib/gcc/arm-none-eabi/11.3.1/../../../../arm-none-eabi/lib/thumb/v6-m/nofp\libc_nano.a(libc_a-memcpy-stub.o)
 .ARM.attributes
                0x00000000000007cf       0x1e C:/ST/STM32CubeIDE_1.14.1/STM32CubeIDE/plugins/com.st.stm32cube.ide.mcu.externaltools.gnu-tools-for-stm32.11.3.rel1.win32_1.1.100.202309141235/tools/bin/../lib/gcc/arm-none-eabi/11.3.1/thumb/v6-m/nofp\libgcc.a(_udivsi3.o)
 .ARM.attributes
                0x00000000000007ed       0x1e C:/ST/STM32CubeIDE_1.14.1/STM32CubeIDE/plugins/com.st.stm32cube.ide.mcu.externaltools.gnu-tools-for-stm32.11.3.rel1.win32_1.1.100.202309141235/tools/bin/../lib/gcc/arm-none-eabi/11.3.1/thumb/v6-m/nofp\libgcc.a(_divsi3.o)
 .ARM.attributes
                0x000000000000080b       0x1e C:/ST/STM32CubeIDE_1.14.1/STM32CubeIDE/plugins/com.st.stm32cube.ide.mcu.externaltools.gnu-tools-for-stm32.11.3.rel1.win32_1.1.100.202309141235/tools/bin/../lib/gcc/arm-none-eabi/11.3.1/thumb/v6-m/nofp\libgcc.a(_dvmd_tls.o)
 .ARM.attributes
                0x0000000000000829       0x1e C:/ST/STM32CubeIDE_1.14.1/STM32CubeIDE/plugins/com.st.stm32cube.ide.mcu.externaltools.gnu-tools-for-stm32.11.3.rel1.win32_1.1.100.202309141235/tools/bin/../lib/gcc/arm-none-eabi/11.3.1/thumb/v6-m/nofp/crtn.o
OUTPUT(TriSineWaveGenerator.elf elf32-littlearm)
LOAD linker stubs
LOAD C:/ST/STM32CubeIDE_1.14.1/STM32CubeIDE/plugins/com.st.stm32cube.ide.mcu.externaltools.gnu-tools-for-stm32.11.3.rel1.win32_1.1.100.202309141235/tools/bin/../lib/gcc/arm-none-eabi/11.3.1/../../../../arm-none-eabi/lib/thumb/v6-m/nofp\libc.a
LOAD C:/ST/STM32CubeIDE_1.14.1/STM32CubeIDE/plugins/com.st.stm32cube.ide.mcu.externaltools.gnu-tools-for-stm32.11.3.rel1.win32_1.1.100.202309141235/tools/bin/../lib/gcc/arm-none-eabi/11.3.1/../../../../arm-none-eabi/lib/thumb/v6-m/nofp\libm.a
LOAD C:/ST/STM32CubeIDE_1.14.1/STM32CubeIDE/plugins/com.st.stm32cube.ide.mcu.externaltools.gnu-tools-for-stm32.11.3.rel1.win32_1.1.100.202309141235/tools/bin/../lib/gcc/arm-none-eabi/11.3.1/thumb/v6-m/nofp\libgcc.a

.comment        0x0000000000000000       0x43
 .comment       0x0000000000000000       0x43 C:/ST/STM32CubeIDE_1.14.1/STM32CubeIDE/plugins/com.st.stm32cube.ide.mcu.externaltools.gnu-tools-for-stm32.11.3.rel1.win32_1.1.100.202309141235/tools/bin/../lib/gcc/arm-none-eabi/11.3.1/thumb/v6-m/nofp/crtbegin.o
                                         0x44 (size before relaxing)
 .comment       0x0000000000000043       0x44 ./Application/User/main.o
 .comment       0x0000000000000043       0x44 ./Application/User/mc_api.o
 .comment       0x0000000000000043       0x44 ./Application/User/mc_config.o
 .comment       0x0000000000000043       0x44 ./Application/User/mc_interface.o
 .comment       0x0000000000000043       0x44 ./Application/User/mc_math.o
 .comment       0x0000000000000043       0x44 ./Application/User/mc_parameters.o
 .comment       0x0000000000000043       0x44 ./Application/User/mc_tasks.o
 .comment       0x0000000000000043       0x44 ./Application/User/motor_control_protocol.o
 .comment       0x0000000000000043       0x44 ./Application/User/motorcontrol.o
 .comment       0x0000000000000043       0x44 ./Application/User/regular_conversion_manager.o
 .comment       0x0000000000000043       0x44 ./Application/User/stm32f0xx_hal_msp.o
 .comment       0x0000000000000043       0x44 ./Application/User/stm32f0xx_mc_it.o
 .comment       0x0000000000000043       0x44 ./Application/User/ui_task.o
 .comment       0x0000000000000043       0x44 ./Application/User/user_interface.o
 .comment       0x0000000000000043       0x44 ./Drivers/CMSIS/system_stm32f0xx.o
 .comment       0x0000000000000043       0x44 ./Drivers/STM32F0xx_HAL_Driver/stm32f0xx_hal.o
 .comment       0x0000000000000043       0x44 ./Drivers/STM32F0xx_HAL_Driver/stm32f0xx_hal_adc.o
 .comment       0x0000000000000043       0x44 ./Drivers/STM32F0xx_HAL_Driver/stm32f0xx_hal_cortex.o
 .comment       0x0000000000000043       0x44 ./Drivers/STM32F0xx_HAL_Driver/stm32f0xx_hal_dma.o
 .comment       0x0000000000000043       0x44 ./Drivers/STM32F0xx_HAL_Driver/stm32f0xx_hal_gpio.o
 .comment       0x0000000000000043       0x44 ./Drivers/STM32F0xx_HAL_Driver/stm32f0xx_hal_rcc.o
 .comment       0x0000000000000043       0x44 ./Drivers/STM32F0xx_HAL_Driver/stm32f0xx_hal_rcc_ex.o
 .comment       0x0000000000000043       0x44 ./Drivers/STM32F0xx_HAL_Driver/stm32f0xx_hal_tim.o
 .comment       0x0000000000000043       0x44 ./Drivers/STM32F0xx_HAL_Driver/stm32f0xx_hal_tim_ex.o
 .comment       0x0000000000000043       0x44 ./Drivers/STM32F0xx_HAL_Driver/stm32f0xx_hal_uart.o
 .comment       0x0000000000000043       0x44 ./Middlewares/MotorControl/bus_voltage_sensor.o
 .comment       0x0000000000000043       0x44 ./Middlewares/MotorControl/circle_limitation.o
 .comment       0x0000000000000043       0x44 ./Middlewares/MotorControl/fast_div.o
 .comment       0x0000000000000043       0x44 ./Middlewares/MotorControl/frame_communication_protocol.o
 .comment       0x0000000000000043       0x44 ./Middlewares/MotorControl/hall_speed_pos_fdbk.o
 .comment       0x0000000000000043       0x44 ./Middlewares/MotorControl/motor_power_measurement.o
 .comment       0x0000000000000043       0x44 ./Middlewares/MotorControl/ntc_temperature_sensor.o
 .comment       0x0000000000000043       0x44 ./Middlewares/MotorControl/pid_regulator.o
 .comment       0x0000000000000043       0x44 ./Middlewares/MotorControl/pqd_motor_power_measurement.o
 .comment       0x0000000000000043       0x44 ./Middlewares/MotorControl/pwm_common.o
 .comment       0x0000000000000043       0x44 ./Middlewares/MotorControl/pwm_curr_fdbk.o
 .comment       0x0000000000000043       0x44 ./Middlewares/MotorControl/r3_f0xx_pwm_curr_fdbk.o
 .comment       0x0000000000000043       0x44 ./Middlewares/MotorControl/ramp_ext_mngr.o
 .comment       0x0000000000000043       0x44 ./Middlewares/MotorControl/revup_ctrl.o
 .comment       0x0000000000000043       0x44 ./Middlewares/MotorControl/speed_pos_fdbk.o
 .comment       0x0000000000000043       0x44 ./Middlewares/MotorControl/speed_torq_ctrl.o
 .comment       0x0000000000000043       0x44 ./Middlewares/MotorControl/state_machine.o
 .comment       0x0000000000000043       0x44 ./Middlewares/MotorControl/usart_frame_communication_protocol.o
 .comment       0x0000000000000043       0x44 ./Middlewares/MotorControl/virtual_bus_voltage_sensor.o

.debug_line     0x0000000000000000    0x34fd8
 .debug_line    0x0000000000000000       0x7b ./Application/Startup/startup_stm32f031c6tx.o
 .debug_line    0x000000000000007b     0x1686 ./Application/User/main.o
 .debug_line    0x0000000000001701     0x1175 ./Application/User/mc_api.o
 .debug_line    0x0000000000002876      0xdc2 ./Application/User/mc_config.o
 .debug_line    0x0000000000003638     0x1029 ./Application/User/mc_interface.o
 .debug_line    0x0000000000004661      0xfb2 ./Application/User/mc_math.o
 .debug_line    0x0000000000005613      0xdb3 ./Application/User/mc_parameters.o
 .debug_line    0x00000000000063c6     0x1717 ./Application/User/mc_tasks.o
 .debug_line    0x0000000000007add     0x1384 ./Application/User/motor_control_protocol.o
 .debug_line    0x0000000000008e61      0xe07 ./Application/User/motorcontrol.o
 .debug_line    0x0000000000009c68     0x162d ./Application/User/regular_conversion_manager.o
 .debug_line    0x000000000000b295     0x1162 ./Application/User/stm32f0xx_hal_msp.o
 .debug_line    0x000000000000c3f7     0x1297 ./Application/User/stm32f0xx_mc_it.o
 .debug_line    0x000000000000d68e      0xf9d ./Application/User/ui_task.o
 .debug_line    0x000000000000e62b     0x150a ./Application/User/user_interface.o
 .debug_line    0x000000000000fb35      0x861 ./Drivers/CMSIS/system_stm32f0xx.o
 .debug_line    0x0000000000010396      0xb4a ./Drivers/STM32F0xx_HAL_Driver/stm32f0xx_hal.o
 .debug_line    0x0000000000010ee0     0x16ba ./Drivers/STM32F0xx_HAL_Driver/stm32f0xx_hal_adc.o
 .debug_line    0x000000000001259a      0xbb9 ./Drivers/STM32F0xx_HAL_Driver/stm32f0xx_hal_cortex.o
 .debug_line    0x0000000000013153     0x1153 ./Drivers/STM32F0xx_HAL_Driver/stm32f0xx_hal_dma.o
 .debug_line    0x00000000000142a6      0xd2e ./Drivers/STM32F0xx_HAL_Driver/stm32f0xx_hal_gpio.o
 .debug_line    0x0000000000014fd4     0x13c2 ./Drivers/STM32F0xx_HAL_Driver/stm32f0xx_hal_rcc.o
 .debug_line    0x0000000000016396      0xac7 ./Drivers/STM32F0xx_HAL_Driver/stm32f0xx_hal_rcc_ex.o
 .debug_line    0x0000000000016e5d     0x6509 ./Drivers/STM32F0xx_HAL_Driver/stm32f0xx_hal_tim.o
 .debug_line    0x000000000001d366     0x1e66 ./Drivers/STM32F0xx_HAL_Driver/stm32f0xx_hal_tim_ex.o
 .debug_line    0x000000000001f1cc     0x5776 ./Drivers/STM32F0xx_HAL_Driver/stm32f0xx_hal_uart.o
 .debug_line    0x0000000000024942      0x9da ./Middlewares/MotorControl/bus_voltage_sensor.o
 .debug_line    0x000000000002531c      0x9cb ./Middlewares/MotorControl/circle_limitation.o
 .debug_line    0x0000000000025ce7      0xd4b ./Middlewares/MotorControl/fast_div.o
 .debug_line    0x0000000000026a32      0xdd5 ./Middlewares/MotorControl/frame_communication_protocol.o
 .debug_line    0x0000000000027807     0x186a ./Middlewares/MotorControl/hall_speed_pos_fdbk.o
 .debug_line    0x0000000000029071      0xa7b ./Middlewares/MotorControl/motor_power_measurement.o
 .debug_line    0x0000000000029aec      0xb17 ./Middlewares/MotorControl/ntc_temperature_sensor.o
 .debug_line    0x000000000002a603      0xd73 ./Middlewares/MotorControl/pid_regulator.o
 .debug_line    0x000000000002b376      0xa19 ./Middlewares/MotorControl/pqd_motor_power_measurement.o
 .debug_line    0x000000000002bd8f      0xb91 ./Middlewares/MotorControl/pwm_common.o
 .debug_line    0x000000000002c920      0xf5f ./Middlewares/MotorControl/pwm_curr_fdbk.o
 .debug_line    0x000000000002d87f     0x1cb4 ./Middlewares/MotorControl/r3_f0xx_pwm_curr_fdbk.o
 .debug_line    0x000000000002f533      0xbd2 ./Middlewares/MotorControl/ramp_ext_mngr.o
 .debug_line    0x0000000000030105     0x10f4 ./Middlewares/MotorControl/revup_ctrl.o
 .debug_line    0x00000000000311f9      0xb36 ./Middlewares/MotorControl/speed_pos_fdbk.o
 .debug_line    0x0000000000031d2f      0xe01 ./Middlewares/MotorControl/speed_torq_ctrl.o
 .debug_line    0x0000000000032b30      0xbaa ./Middlewares/MotorControl/state_machine.o
 .debug_line    0x00000000000336da      0xf1e ./Middlewares/MotorControl/usart_frame_communication_protocol.o
 .debug_line    0x00000000000345f8      0x9e0 ./Middlewares/MotorControl/virtual_bus_voltage_sensor.o

.debug_line_str
                0x0000000000000000       0x76
 .debug_line_str
                0x0000000000000000       0x76 ./Application/Startup/startup_stm32f031c6tx.o
                                         0x8e (size before relaxing)

.debug_info     0x0000000000000000    0x3d072
 .debug_info    0x0000000000000000       0x23 ./Application/Startup/startup_stm32f031c6tx.o
 .debug_info    0x0000000000000023     0x1fff ./Application/User/main.o
 .debug_info    0x0000000000002022      0xf45 ./Application/User/mc_api.o
 .debug_info    0x0000000000002f67     0x32c4 ./Application/User/mc_config.o
 .debug_info    0x000000000000622b     0x129b ./Application/User/mc_interface.o
 .debug_info    0x00000000000074c6      0x67c ./Application/User/mc_math.o
 .debug_info    0x0000000000007b42      0x893 ./Application/User/mc_parameters.o
 .debug_info    0x00000000000083d5     0x3fcf ./Application/User/mc_tasks.o
 .debug_info    0x000000000000c3a4     0x39aa ./Application/User/motor_control_protocol.o
 .debug_info    0x000000000000fd4e     0x28d6 ./Application/User/motorcontrol.o
 .debug_info    0x0000000000012624     0x12d2 ./Application/User/regular_conversion_manager.o
 .debug_info    0x00000000000138f6     0x13b2 ./Application/User/stm32f0xx_hal_msp.o
 .debug_info    0x0000000000014ca8     0x391e ./Application/User/stm32f0xx_mc_it.o
 .debug_info    0x00000000000185c6     0x2f1b ./Application/User/ui_task.o
 .debug_info    0x000000000001b4e1     0x3aee ./Application/User/user_interface.o
 .debug_info    0x000000000001efcf      0x268 ./Drivers/CMSIS/system_stm32f0xx.o
 .debug_info    0x000000000001f237      0x73b ./Drivers/STM32F0xx_HAL_Driver/stm32f0xx_hal.o
 .debug_info    0x000000000001f972      0xf62 ./Drivers/STM32F0xx_HAL_Driver/stm32f0xx_hal_adc.o
 .debug_info    0x00000000000208d4      0x7f2 ./Drivers/STM32F0xx_HAL_Driver/stm32f0xx_hal_cortex.o
 .debug_info    0x00000000000210c6      0x8a3 ./Drivers/STM32F0xx_HAL_Driver/stm32f0xx_hal_dma.o
 .debug_info    0x0000000000021969      0x5ff ./Drivers/STM32F0xx_HAL_Driver/stm32f0xx_hal_gpio.o
 .debug_info    0x0000000000021f68      0xae3 ./Drivers/STM32F0xx_HAL_Driver/stm32f0xx_hal_rcc.o
 .debug_info    0x0000000000022a4b      0x3b4 ./Drivers/STM32F0xx_HAL_Driver/stm32f0xx_hal_rcc_ex.o
 .debug_info    0x0000000000022dff     0x4b8f ./Drivers/STM32F0xx_HAL_Driver/stm32f0xx_hal_tim.o
 .debug_info    0x000000000002798e     0x1ade ./Drivers/STM32F0xx_HAL_Driver/stm32f0xx_hal_tim_ex.o
 .debug_info    0x000000000002946c     0x64fe ./Drivers/STM32F0xx_HAL_Driver/stm32f0xx_hal_uart.o
 .debug_info    0x000000000002f96a      0x2ae ./Middlewares/MotorControl/bus_voltage_sensor.o
 .debug_info    0x000000000002fc18      0x2a3 ./Middlewares/MotorControl/circle_limitation.o
 .debug_info    0x000000000002febb      0x5be ./Middlewares/MotorControl/fast_div.o
 .debug_info    0x0000000000030479     0x2bf7 ./Middlewares/MotorControl/frame_communication_protocol.o
 .debug_info    0x0000000000033070     0x13ee ./Middlewares/MotorControl/hall_speed_pos_fdbk.o
 .debug_info    0x000000000003445e      0x2fa ./Middlewares/MotorControl/motor_power_measurement.o
 .debug_info    0x0000000000034758      0x587 ./Middlewares/MotorControl/ntc_temperature_sensor.o
 .debug_info    0x0000000000034cdf      0x7f7 ./Middlewares/MotorControl/pid_regulator.o
 .debug_info    0x00000000000354d6      0x4f8 ./Middlewares/MotorControl/pqd_motor_power_measurement.o
 .debug_info    0x00000000000359ce      0x6ac ./Middlewares/MotorControl/pwm_common.o
 .debug_info    0x000000000003607a      0xadd ./Middlewares/MotorControl/pwm_curr_fdbk.o
 .debug_info    0x0000000000036b57     0x2937 ./Middlewares/MotorControl/r3_f0xx_pwm_curr_fdbk.o
 .debug_info    0x000000000003948e      0x5e3 ./Middlewares/MotorControl/ramp_ext_mngr.o
 .debug_info    0x0000000000039a71     0x12c5 ./Middlewares/MotorControl/revup_ctrl.o
 .debug_info    0x000000000003ad36      0x51e ./Middlewares/MotorControl/speed_pos_fdbk.o
 .debug_info    0x000000000003b254      0xa1b ./Middlewares/MotorControl/speed_torq_ctrl.o
 .debug_info    0x000000000003bc6f      0x414 ./Middlewares/MotorControl/state_machine.o
 .debug_info    0x000000000003c083      0xd75 ./Middlewares/MotorControl/usart_frame_communication_protocol.o
 .debug_info    0x000000000003cdf8      0x27a ./Middlewares/MotorControl/virtual_bus_voltage_sensor.o

.debug_abbrev   0x0000000000000000     0x6b77
 .debug_abbrev  0x0000000000000000       0x12 ./Application/Startup/startup_stm32f031c6tx.o
 .debug_abbrev  0x0000000000000012      0x3a3 ./Application/User/main.o
 .debug_abbrev  0x00000000000003b5      0x1f8 ./Application/User/mc_api.o
 .debug_abbrev  0x00000000000005ad      0x200 ./Application/User/mc_config.o
 .debug_abbrev  0x00000000000007ad      0x23f ./Application/User/mc_interface.o
 .debug_abbrev  0x00000000000009ec      0x19c ./Application/User/mc_math.o
 .debug_abbrev  0x0000000000000b88      0x15e ./Application/User/mc_parameters.o
 .debug_abbrev  0x0000000000000ce6      0x44f ./Application/User/mc_tasks.o
 .debug_abbrev  0x0000000000001135      0x398 ./Application/User/motor_control_protocol.o
 .debug_abbrev  0x00000000000014cd      0x22f ./Application/User/motorcontrol.o
 .debug_abbrev  0x00000000000016fc      0x374 ./Application/User/regular_conversion_manager.o
 .debug_abbrev  0x0000000000001a70      0x2a8 ./Application/User/stm32f0xx_hal_msp.o
 .debug_abbrev  0x0000000000001d18      0x393 ./Application/User/stm32f0xx_mc_it.o
 .debug_abbrev  0x00000000000020ab      0x321 ./Application/User/ui_task.o
 .debug_abbrev  0x00000000000023cc      0x351 ./Application/User/user_interface.o
 .debug_abbrev  0x000000000000271d      0x138 ./Drivers/CMSIS/system_stm32f0xx.o
 .debug_abbrev  0x0000000000002855      0x2cb ./Drivers/STM32F0xx_HAL_Driver/stm32f0xx_hal.o
 .debug_abbrev  0x0000000000002b20      0x2d6 ./Drivers/STM32F0xx_HAL_Driver/stm32f0xx_hal_adc.o
 .debug_abbrev  0x0000000000002df6      0x2bf ./Drivers/STM32F0xx_HAL_Driver/stm32f0xx_hal_cortex.o
 .debug_abbrev  0x00000000000030b5      0x230 ./Drivers/STM32F0xx_HAL_Driver/stm32f0xx_hal_dma.o
 .debug_abbrev  0x00000000000032e5      0x209 ./Drivers/STM32F0xx_HAL_Driver/stm32f0xx_hal_gpio.o
 .debug_abbrev  0x00000000000034ee      0x325 ./Drivers/STM32F0xx_HAL_Driver/stm32f0xx_hal_rcc.o
 .debug_abbrev  0x0000000000003813      0x1ac ./Drivers/STM32F0xx_HAL_Driver/stm32f0xx_hal_rcc_ex.o
 .debug_abbrev  0x00000000000039bf      0x3c4 ./Drivers/STM32F0xx_HAL_Driver/stm32f0xx_hal_tim.o
 .debug_abbrev  0x0000000000003d83      0x3b5 ./Drivers/STM32F0xx_HAL_Driver/stm32f0xx_hal_tim_ex.o
 .debug_abbrev  0x0000000000004138      0x40a ./Drivers/STM32F0xx_HAL_Driver/stm32f0xx_hal_uart.o
 .debug_abbrev  0x0000000000004542      0x10f ./Middlewares/MotorControl/bus_voltage_sensor.o
 .debug_abbrev  0x0000000000004651       0xff ./Middlewares/MotorControl/circle_limitation.o
 .debug_abbrev  0x0000000000004750      0x1f9 ./Middlewares/MotorControl/fast_div.o
 .debug_abbrev  0x0000000000004949      0x253 ./Middlewares/MotorControl/frame_communication_protocol.o