C:/Users/Test/Desktop/New folder/TriSineWaveGenerator/TriSineWaveGenerator/TriSineWaveGenerator/Src/mc_tasks.c:545:13:FOC_Clear	8	static
C:/Users/Test/Desktop/New folder/TriSineWaveGenerator/TriSineWaveGenerator/TriSineWaveGenerator/Src/mc_tasks.c:122:13:MCboot	96	static
C:/Users/Test/Desktop/New folder/TriSineWaveGenerator/TriSineWaveGenerator/TriSineWaveGenerator/Src/mc_tasks.c:581:13:FOC_InitAdditionalMethods	0	static
C:/Users/Test/Desktop/New folder/TriSineWaveGenerator/TriSineWaveGenerator/TriSineWaveGenerator/Src/mc_tasks.c:598:13:FOC_CalcCurrRef	8	static
C:/Users/Test/Desktop/New folder/TriSineWaveGenerator/TriSineWaveGenerator/TriSineWaveGenerator/Src/mc_tasks.c:621:13:TSK_SetChargeBootCapDelayM1	0	static
C:/Users/Test/Desktop/New folder/TriSineWaveGenerator/TriSineWaveGenerator/TriSineWaveGenerator/Src/mc_tasks.c:632:13:TSK_ChargeBootCapDelayHasElapsedM1	0	static
C:/Users/Test/Desktop/New folder/TriSineWaveGenerator/TriSineWaveGenerator/TriSineWaveGenerator/Src/mc_tasks.c:648:13:TSK_SetStopPermanencyTimeM1	0	static
C:/Users/Test/Desktop/New folder/TriSineWaveGenerator/TriSineWaveGenerator/TriSineWaveGenerator/Src/mc_tasks.c:659:13:TSK_StopPermanencyTimeHasElapsedM1	0	static
C:/Users/Test/Desktop/New folder/TriSineWaveGenerator/TriSineWaveGenerator/TriSineWaveGenerator/Src/mc_tasks.c:322:13:TSK_MediumFrequencyTaskM1	32	static
C:/Users/Test/Desktop/New folder/TriSineWaveGenerator/TriSineWaveGenerator/TriSineWaveGenerator/Src/mc_tasks.c:277:13:MC_Scheduler	16	static
C:/Users/Test/Desktop/New folder/TriSineWaveGenerator/TriSineWaveGenerator/TriSineWaveGenerator/Src/mc_tasks.c:684:16:TSK_HighFrequencyTask	64	static
C:/Users/Test/Desktop/New folder/TriSineWaveGenerator/TriSineWaveGenerator/TriSineWaveGenerator/Src/mc_tasks.c:823:13:TSK_SafetyTask_PWMOFF	32	static
C:/Users/Test/Desktop/New folder/TriSineWaveGenerator/TriSineWaveGenerator/TriSineWaveGenerator/Src/mc_tasks.c:801:13:TSK_SafetyTask	8	static
C:/Users/Test/Desktop/New folder/TriSineWaveGenerator/TriSineWaveGenerator/TriSineWaveGenerator/Src/mc_tasks.c:257:13:MC_RunMotorControlTasks	8	static
C:/Users/Test/Desktop/New folder/TriSineWaveGenerator/TriSineWaveGenerator/TriSineWaveGenerator/Src/mc_tasks.c:874:23:GetMCI	0	static
C:/Users/Test/Desktop/New folder/TriSineWaveGenerator/TriSineWaveGenerator/TriSineWaveGenerator/Src/mc_tasks.c:893:22:GetMCT	0	static
C:/Users/Test/Desktop/New folder/TriSineWaveGenerator/TriSineWaveGenerator/TriSineWaveGenerator/Src/mc_tasks.c:909:13:TSK_HardwareFaultTask	8	static
C:/Users/Test/Desktop/New folder/TriSineWaveGenerator/TriSineWaveGenerator/TriSineWaveGenerator/Src/mc_tasks.c:924:13:mc_lock_pins	40	static
