C:/Users/Test/Desktop/New folder/TriSineWaveGenerator/TriSineWaveGenerator/TriSineWaveGenerator/Src/stm32f0xx_hal_msp.c:66:6:HAL_MspInit	8	static
C:/Users/Test/Desktop/New folder/TriSineWaveGenerator/TriSineWaveGenerator/TriSineWaveGenerator/Src/stm32f0xx_hal_msp.c:88:6:HAL_ADC_MspInit	56	static
C:/Users/Test/Desktop/New folder/TriSineWaveGenerator/TriSineWaveGenerator/TriSineWaveGenerator/Src/stm32f0xx_hal_msp.c:145:6:HAL_ADC_MspDeInit	8	static
C:/Users/Test/Desktop/New folder/TriSineWaveGenerator/TriSineWaveGenerator/TriSineWaveGenerator/Src/stm32f0xx_hal_msp.c:178:6:HAL_TIM_PWM_MspInit	40	static
C:/Users/Test/Desktop/New folder/TriSineWaveGenerator/TriSineWaveGenerator/TriSineWaveGenerator/Src/stm32f0xx_hal_msp.c:207:6:HAL_TIM_MspPostInit	48	static
C:/Users/Test/Desktop/New folder/TriSineWaveGenerator/TriSineWaveGenerator/TriSineWaveGenerator/Src/stm32f0xx_hal_msp.c:252:6:HAL_TIM_PWM_MspDeInit	8	static
C:/Users/Test/Desktop/New folder/TriSineWaveGenerator/TriSineWaveGenerator/TriSineWaveGenerator/Src/stm32f0xx_hal_msp.c:290:6:HAL_UART_MspInit	40	static
C:/Users/Test/Desktop/New folder/TriSineWaveGenerator/TriSineWaveGenerator/TriSineWaveGenerator/Src/stm32f0xx_hal_msp.c:326:6:HAL_UART_MspDeInit	8	static
