C:/Users/Ahmed/stMotorProjects/TriSineWaveGenerator/Src/stm32f0xx_hal_msp.c:66:6:HAL_MspInit	8	static
C:/Users/Ahmed/stMotorProjects/TriSineWaveGenerator/Src/stm32f0xx_hal_msp.c:88:6:HAL_ADC_MspInit	56	static
C:/Users/Ahmed/stMotorProjects/TriSineWaveGenerator/Src/stm32f0xx_hal_msp.c:147:6:HAL_ADC_MspDeInit	8	static
C:/Users/Ahmed/stMotorProjects/TriSineWaveGenerator/Src/stm32f0xx_hal_msp.c:182:6:HAL_TIM_PWM_MspInit	40	static
C:/Users/Ahmed/stMotorProjects/TriSineWaveGenerator/Src/stm32f0xx_hal_msp.c:211:6:HAL_TIM_MspPostInit	48	static
C:/Users/Ahmed/stMotorProjects/TriSineWaveGenerator/Src/stm32f0xx_hal_msp.c:256:6:HAL_TIM_PWM_MspDeInit	8	static
C:/Users/Ahmed/stMotorProjects/TriSineWaveGenerator/Src/stm32f0xx_hal_msp.c:294:6:HAL_UART_MspInit	40	static
C:/Users/Ahmed/stMotorProjects/TriSineWaveGenerator/Src/stm32f0xx_hal_msp.c:330:6:HAL_UART_MspDeInit	8	static
