Archive member included to satisfy reference by file (symbol)

C:/ST/STM32CubeIDE_1.14.1/STM32CubeIDE/plugins/com.st.stm32cube.ide.mcu.externaltools.gnu-tools-for-stm32.11.3.rel1.win32_1.1.100.202309141235/tools/bin/../lib/gcc/arm-none-eabi/11.3.1/../../../../arm-none-eabi/lib/thumb/v6-m/nofp\libc_nano.a(libc_a-exit.o)
                              C:/ST/STM32CubeIDE_1.14.1/STM32CubeIDE/plugins/com.st.stm32cube.ide.mcu.externaltools.gnu-tools-for-stm32.11.3.rel1.win32_1.1.100.202309141235/tools/bin/../lib/gcc/arm-none-eabi/11.3.1/../../../../arm-none-eabi/lib/thumb/v6-m/nofp/crt0.o (exit)
C:/ST/STM32CubeIDE_1.14.1/STM32CubeIDE/plugins/com.st.stm32cube.ide.mcu.externaltools.gnu-tools-for-stm32.11.3.rel1.win32_1.1.100.202309141235/tools/bin/../lib/gcc/arm-none-eabi/11.3.1/../../../../arm-none-eabi/lib/thumb/v6-m/nofp\libc_nano.a(libc_a-findfp.o)
                              C:/ST/STM32CubeIDE_1.14.1/STM32CubeIDE/plugins/com.st.stm32cube.ide.mcu.externaltools.gnu-tools-for-stm32.11.3.rel1.win32_1.1.100.202309141235/tools/bin/../lib/gcc/arm-none-eabi/11.3.1/../../../../arm-none-eabi/lib/thumb/v6-m/nofp\libc_nano.a(libc_a-exit.o) (__stdio_exit_handler)
C:/ST/STM32CubeIDE_1.14.1/STM32CubeIDE/plugins/com.st.stm32cube.ide.mcu.externaltools.gnu-tools-for-stm32.11.3.rel1.win32_1.1.100.202309141235/tools/bin/../lib/gcc/arm-none-eabi/11.3.1/../../../../arm-none-eabi/lib/thumb/v6-m/nofp\libc_nano.a(libc_a-fwalk.o)
                              C:/ST/STM32CubeIDE_1.14.1/STM32CubeIDE/plugins/com.st.stm32cube.ide.mcu.externaltools.gnu-tools-for-stm32.11.3.rel1.win32_1.1.100.202309141235/tools/bin/../lib/gcc/arm-none-eabi/11.3.1/../../../../arm-none-eabi/lib/thumb/v6-m/nofp\libc_nano.a(libc_a-findfp.o) (_fwalk_sglue)
C:/ST/STM32CubeIDE_1.14.1/STM32CubeIDE/plugins/com.st.stm32cube.ide.mcu.externaltools.gnu-tools-for-stm32.11.3.rel1.win32_1.1.100.202309141235/tools/bin/../lib/gcc/arm-none-eabi/11.3.1/../../../../arm-none-eabi/lib/thumb/v6-m/nofp\libc_nano.a(libc_a-stdio.o)
                              C:/ST/STM32CubeIDE_1.14.1/STM32CubeIDE/plugins/com.st.stm32cube.ide.mcu.externaltools.gnu-tools-for-stm32.11.3.rel1.win32_1.1.100.202309141235/tools/bin/../lib/gcc/arm-none-eabi/11.3.1/../../../../arm-none-eabi/lib/thumb/v6-m/nofp\libc_nano.a(libc_a-findfp.o) (__sread)
C:/ST/STM32CubeIDE_1.14.1/STM32CubeIDE/plugins/com.st.stm32cube.ide.mcu.externaltools.gnu-tools-for-stm32.11.3.rel1.win32_1.1.100.202309141235/tools/bin/../lib/gcc/arm-none-eabi/11.3.1/../../../../arm-none-eabi/lib/thumb/v6-m/nofp\libc_nano.a(libc_a-memset.o)
                              C:/ST/STM32CubeIDE_1.14.1/STM32CubeIDE/plugins/com.st.stm32cube.ide.mcu.externaltools.gnu-tools-for-stm32.11.3.rel1.win32_1.1.100.202309141235/tools/bin/../lib/gcc/arm-none-eabi/11.3.1/../../../../arm-none-eabi/lib/thumb/v6-m/nofp/crt0.o (memset)
C:/ST/STM32CubeIDE_1.14.1/STM32CubeIDE/plugins/com.st.stm32cube.ide.mcu.externaltools.gnu-tools-for-stm32.11.3.rel1.win32_1.1.100.202309141235/tools/bin/../lib/gcc/arm-none-eabi/11.3.1/../../../../arm-none-eabi/lib/thumb/v6-m/nofp\libc_nano.a(libc_a-closer.o)
                              C:/ST/STM32CubeIDE_1.14.1/STM32CubeIDE/plugins/com.st.stm32cube.ide.mcu.externaltools.gnu-tools-for-stm32.11.3.rel1.win32_1.1.100.202309141235/tools/bin/../lib/gcc/arm-none-eabi/11.3.1/../../../../arm-none-eabi/lib/thumb/v6-m/nofp\libc_nano.a(libc_a-stdio.o) (_close_r)
C:/ST/STM32CubeIDE_1.14.1/STM32CubeIDE/plugins/com.st.stm32cube.ide.mcu.externaltools.gnu-tools-for-stm32.11.3.rel1.win32_1.1.100.202309141235/tools/bin/../lib/gcc/arm-none-eabi/11.3.1/../../../../arm-none-eabi/lib/thumb/v6-m/nofp\libc_nano.a(libc_a-reent.o)
                              C:/ST/STM32CubeIDE_1.14.1/STM32CubeIDE/plugins/com.st.stm32cube.ide.mcu.externaltools.gnu-tools-for-stm32.11.3.rel1.win32_1.1.100.202309141235/tools/bin/../lib/gcc/arm-none-eabi/11.3.1/../../../../arm-none-eabi/lib/thumb/v6-m/nofp\libc_nano.a(libc_a-closer.o) (errno)
C:/ST/STM32CubeIDE_1.14.1/STM32CubeIDE/plugins/com.st.stm32cube.ide.mcu.externaltools.gnu-tools-for-stm32.11.3.rel1.win32_1.1.100.202309141235/tools/bin/../lib/gcc/arm-none-eabi/11.3.1/../../../../arm-none-eabi/lib/thumb/v6-m/nofp\libc_nano.a(libc_a-impure.o)
                              C:/ST/STM32CubeIDE_1.14.1/STM32CubeIDE/plugins/com.st.stm32cube.ide.mcu.externaltools.gnu-tools-for-stm32.11.3.rel1.win32_1.1.100.202309141235/tools/bin/../lib/gcc/arm-none-eabi/11.3.1/../../../../arm-none-eabi/lib/thumb/v6-m/nofp\libc_nano.a(libc_a-reent.o) (_impure_ptr)
C:/ST/STM32CubeIDE_1.14.1/STM32CubeIDE/plugins/com.st.stm32cube.ide.mcu.externaltools.gnu-tools-for-stm32.11.3.rel1.win32_1.1.100.202309141235/tools/bin/../lib/gcc/arm-none-eabi/11.3.1/../../../../arm-none-eabi/lib/thumb/v6-m/nofp\libc_nano.a(libc_a-lseekr.o)
[...]
Memory Configuration

Name             Origin             Length             Attributes
RAM              0x0000000020000000 0x0000000000001000 xrw
FLASH            0x0000000008000000 0x0000000000008000 xr
*default*        0x0000000000000000 0xffffffffffffffff

Linker script and memory map

LOAD C:/ST/STM32CubeIDE_1.14.1/STM32CubeIDE/plugins/com.st.stm32cube.ide.mcu.externaltools.gnu-tools-for-stm32.11.3.rel1.win32_1.1.100.202309141235/tools/bin/../lib/gcc/arm-none-eabi/11.3.1/thumb/v6-m/nofp/crti.o
LOAD C:/ST/STM32CubeIDE_1.14.1/STM32CubeIDE/plugins/com.st.stm32cube.ide.mcu.externaltools.gnu-tools-for-stm32.11.3.rel1.win32_1.1.100.202309141235/tools/bin/../lib/gcc/arm-none-eabi/11.3.1/thumb/v6-m/nofp/crtbegin.o
LOAD C:/ST/STM32CubeIDE_1.14.1/STM32CubeIDE/plugins/com.st.stm32cube.ide.mcu.externaltools.gnu-tools-for-stm32.11.3.rel1.win32_1.1.100.202309141235/tools/bin/../lib/gcc/arm-none-eabi/11.3.1/../../../../arm-none-eabi/lib/thumb/v6-m/nofp/crt0.o
LOAD ./Application/Startup/startup_stm32f031c6tx.o
LOAD ./Application/User/main.o
LOAD ./Application/User/mc_api.o
LOAD ./Application/User/mc_config.o
LOAD ./Application/User/mc_interface.o
LOAD ./Application/User/mc_math.o
LOAD ./Application/User/mc_parameters.o
LOAD ./Application/User/mc_tasks.o
LOAD ./Application/User/motor_control_protocol.o
LOAD ./Application/User/motorcontrol.o
LOAD ./Application/User/regular_conversion_manager.o
LOAD ./Application/User/stm32f0xx_hal_msp.o
LOAD ./Application/User/stm32f0xx_it.o
LOAD ./Application/User/stm32f0xx_mc_it.o
LOAD ./Application/User/syscalls.o
LOAD ./Application/User/sysmem.o
LOAD ./Application/User/ui_task.o
LOAD ./Application/User/user_interface.o
LOAD ./Drivers/CMSIS/system_stm32f0xx.o
LOAD ./Drivers/STM32F0xx_HAL_Driver/stm32f0xx_hal.o
LOAD ./Drivers/STM32F0xx_HAL_Driver/stm32f0xx_hal_adc.o
LOAD ./Drivers/STM32F0xx_HAL_Driver/stm32f0xx_hal_adc_ex.o
LOAD ./Drivers/STM32F0xx_HAL_Driver/stm32f0xx_hal_cortex.o
LOAD ./Drivers/STM32F0xx_HAL_Driver/stm32f0xx_hal_dma.o
LOAD ./Drivers/STM32F0xx_HAL_Driver/stm32f0xx_hal_exti.o
LOAD ./Drivers/STM32F0xx_HAL_Driver/stm32f0xx_hal_flash.o
LOAD ./Drivers/STM32F0xx_HAL_Driver/stm32f0xx_hal_flash_ex.o
LOAD ./Drivers/STM32F0xx_HAL_Driver/stm32f0xx_hal_gpio.o
LOAD ./Drivers/STM32F0xx_HAL_Driver/stm32f0xx_hal_i2c.o
LOAD ./Drivers/STM32F0xx_HAL_Driver/stm32f0xx_hal_i2c_ex.o
LOAD ./Drivers/STM32F0xx_HAL_Driver/stm32f0xx_hal_pwr.o
LOAD ./Drivers/STM32F0xx_HAL_Driver/stm32f0xx_hal_pwr_ex.o
LOAD ./Drivers/STM32F0xx_HAL_Driver/stm32f0xx_hal_rcc.o
LOAD ./Drivers/STM32F0xx_HAL_Driver/stm32f0xx_hal_rcc_ex.o
LOAD ./Drivers/STM32F0xx_HAL_Driver/stm32f0xx_hal_tim.o
LOAD ./Drivers/STM32F0xx_HAL_Driver/stm32f0xx_hal_tim_ex.o
LOAD ./Drivers/STM32F0xx_HAL_Driver/stm32f0xx_hal_uart.o
LOAD ./Drivers/STM32F0xx_HAL_Driver/stm32f0xx_hal_uart_ex.o
LOAD ./Middlewares/MotorControl/bus_voltage_sensor.o
LOAD ./Middlewares/MotorControl/circle_limitation.o
LOAD ./Middlewares/MotorControl/digital_output.o
LOAD ./Middlewares/MotorControl/fast_div.o
LOAD ./Middlewares/MotorControl/frame_communication_protocol.o
LOAD ./Middlewares/MotorControl/motor_power_measurement.o
LOAD ./Middlewares/MotorControl/ntc_temperature_sensor.o
LOAD ./Middlewares/MotorControl/open_loop.o
LOAD ./Middlewares/MotorControl/pid_regulator.o
LOAD ./Middlewares/MotorControl/pqd_motor_power_measurement.o
LOAD ./Middlewares/MotorControl/pwm_common.o
LOAD ./Middlewares/MotorControl/pwm_curr_fdbk.o
LOAD ./Middlewares/MotorControl/r3_f0xx_pwm_curr_fdbk.o
LOAD ./Middlewares/MotorControl/r_divider_bus_voltage_sensor.o
LOAD ./Middlewares/MotorControl/ramp_ext_mngr.o
LOAD ./Middlewares/MotorControl/revup_ctrl.o
LOAD ./Middlewares/MotorControl/speed_pos_fdbk.o
LOAD ./Middlewares/MotorControl/speed_torq_ctrl.o
LOAD ./Middlewares/MotorControl/state_machine.o
LOAD ./Middlewares/MotorControl/sto_pll_speed_pos_fdbk.o
LOAD ./Middlewares/MotorControl/ui_irq_handler.o
LOAD ./Middlewares/MotorControl/usart_frame_communication_protocol.o
LOAD ./Middlewares/MotorControl/virtual_speed_sensor.o
START GROUP
LOAD C:/ST/STM32CubeIDE_1.14.1/STM32CubeIDE/plugins/com.st.stm32cube.ide.mcu.externaltools.gnu-tools-for-stm32.11.3.rel1.win32_1.1.100.202309141235/tools/bin/../lib/gcc/arm-none-eabi/11.3.1/../../../../arm-none-eabi/lib/thumb/v6-m/nofp\libc_nano.a
LOAD C:/ST/STM32CubeIDE_1.14.1/STM32CubeIDE/plugins/com.st.stm32cube.ide.mcu.externaltools.gnu-tools-for-stm32.11.3.rel1.win32_1.1.100.202309141235/tools/bin/../lib/gcc/arm-none-eabi/11.3.1/../../../../arm-none-eabi/lib/thumb/v6-m/nofp\libm.a
END GROUP
START GROUP
LOAD C:/ST/STM32CubeIDE_1.14.1/STM32CubeIDE/plugins/com.st.stm32cube.ide.mcu.externaltools.gnu-tools-for-stm32.11.3.rel1.win32_1.1.100.202309141235/tools/bin/../lib/gcc/arm-none-eabi/11.3.1/thumb/v6-m/nofp\libgcc.a
LOAD C:/ST/STM32CubeIDE_1.14.1/STM32CubeIDE/plugins/com.st.stm32cube.ide.mcu.externaltools.gnu-tools-for-stm32.11.3.rel1.win32_1.1.100.202309141235/tools/bin/../lib/gcc/arm-none-eabi/11.3.1/../../../../arm-none-eabi/lib/thumb/v6-m/nofp\libc_nano.a
END GROUP
START GROUP
LOAD C:/ST/STM32CubeIDE_1.14.1/STM32CubeIDE/plugins/com.st.stm32cube.ide.mcu.externaltools.gnu-tools-for-stm32.11.3.rel1.win32_1.1.100.202309141235/tools/bin/../lib/gcc/arm-none-eabi/11.3.1/thumb/v6-m/nofp\libgcc.a
LOAD C:/ST/STM32CubeIDE_1.14.1/STM32CubeIDE/plugins/com.st.stm32cube.ide.mcu.externaltools.gnu-tools-for-stm32.11.3.rel1.win32_1.1.100.202309141235/tools/bin/../lib/gcc/arm-none-eabi/11.3.1/../../../../arm-none-eabi/lib/thumb/v6-m/nofp\libc_nano.a
LOAD C:/ST/STM32CubeIDE_1.14.1/STM32CubeIDE/plugins/com.st.stm32cube.ide.mcu.externaltools.gnu-tools-for-stm32.11.3.rel1.win32_1.1.100.202309141235/tools/bin/../lib/gcc/arm-none-eabi/11.3.1/../../../../arm-none-eabi/lib/thumb/v6-m/nofp\libnosys.a
END GROUP
START GROUP
LOAD C:/ST/STM32CubeIDE_1.14.1/STM32CubeIDE/plugins/com.st.stm32cube.ide.mcu.externaltools.gnu-tools-for-stm32.11.3.rel1.win32_1.1.100.202309141235/tools/bin/../lib/gcc/arm-none-eabi/11.3.1/thumb/v6-m/nofp\libgcc.a
LOAD C:/ST/STM32CubeIDE_1.14.1/STM32CubeIDE/plugins/com.st.stm32cube.ide.mcu.externaltools.gnu-tools-for-stm32.11.3.rel1.win32_1.1.100.202309141235/tools/bin/../lib/gcc/arm-none-eabi/11.3.1/../../../../arm-none-eabi/lib/thumb/v6-m/nofp\libc_nano.a
LOAD C:/ST/STM32CubeIDE_1.14.1/STM32CubeIDE/plugins/com.st.stm32cube.ide.mcu.externaltools.gnu-tools-for-stm32.11.3.rel1.win32_1.1.100.202309141235/tools/bin/../lib/gcc/arm-none-eabi/11.3.1/../../../../arm-none-eabi/lib/thumb/v6-m/nofp\libnosys.a
END GROUP
LOAD C:/ST/STM32CubeIDE_1.14.1/STM32CubeIDE/plugins/com.st.stm32cube.ide.mcu.externaltools.gnu-tools-for-stm32.11.3.rel1.win32_1.1.100.202309141235/tools/bin/../lib/gcc/arm-none-eabi/11.3.1/thumb/v6-m/nofp/crtend.o
LOAD C:/ST/STM32CubeIDE_1.14.1/STM32CubeIDE/plugins/com.st.stm32cube.ide.mcu.externaltools.gnu-tools-for-stm32.11.3.rel1.win32_1.1.100.202309141235/tools/bin/../lib/gcc/arm-none-eabi/11.3.1/thumb/v6-m/nofp/crtn.o
                0x0000000020001000                _estack = (ORIGIN (RAM) + LENGTH (RAM))
                0x0000000000000080                _Min_Heap_Size = 0x80
                0x0000000000000400                _Min_Stack_Size = 0x400

.isr_vector     0x0000000008000000       0xc0
                0x0000000008000000                . = ALIGN (0x4)
 *(.isr_vector)
 .isr_vector    0x0000000008000000       0xc0 ./Application/Startup/startup_stm32f031c6tx.o
                0x0000000008000000                g_pfnVectors
                0x00000000080000c0                . = ALIGN (0x4)

.text           0x00000000080000c0     0x6128
                0x00000000080000c0                . = ALIGN (0x4)
 *(.text)
 .text          0x00000000080000c0       0x48 C:/ST/STM32CubeIDE_1.14.1/STM32CubeIDE/plugins/com.st.stm32cube.ide.mcu.externaltools.gnu-tools-for-stm32.11.3.rel1.win32_1.1.100.202309141235/tools/bin/../lib/gcc/arm-none-eabi/11.3.1/thumb/v6-m/nofp/crtbegin.o
 .text          0x0000000008000108      0x114 C:/ST/STM32CubeIDE_1.14.1/STM32CubeIDE/plugins/com.st.stm32cube.ide.mcu.externaltools.gnu-tools-for-stm32.11.3.rel1.win32_1.1.100.202309141235/tools/bin/../lib/gcc/arm-none-eabi/11.3.1/thumb/v6-m/nofp\libgcc.a(_udivsi3.o)
                0x0000000008000108                __aeabi_uidiv
                0x0000000008000108                __udivsi3
                0x0000000008000214                __aeabi_uidivmod
 .text          0x000000000800021c      0x1d4 C:/ST/STM32CubeIDE_1.14.1/STM32CubeIDE/plugins/com.st.stm32cube.ide.mcu.externaltools.gnu-tools-for-stm32.11.3.rel1.win32_1.1.100.202309141235/tools/bin/../lib/gcc/arm-none-eabi/11.3.1/thumb/v6-m/nofp\libgcc.a(_divsi3.o)
                0x000000000800021c                __divsi3
                0x000000000800021c                __aeabi_idiv
                0x00000000080003e8                __aeabi_idivmod
 .text          0x00000000080003f0        0x4 C:/ST/STM32CubeIDE_1.14.1/STM32CubeIDE/plugins/com.st.stm32cube.ide.mcu.externaltools.gnu-tools-for-stm32.11.3.rel1.win32_1.1.100.202309141235/tools/bin/../lib/gcc/arm-none-eabi/11.3.1/thumb/v6-m/nofp\libgcc.a(_dvmd_tls.o)
                0x00000000080003f0                __aeabi_idiv0
                0x00000000080003f0                __aeabi_ldiv0
 *(.text*)
 .text.Reset_Handler
                0x00000000080003f4       0x50 ./Application/Startup/startup_stm32f031c6tx.o
                0x00000000080003f4                Reset_Handler
 .text.Default_Handler
                0x0000000008000444        0x2 ./Application/Startup/startup_stm32f031c6tx.o
                0x0000000008000444                TIM1_CC_IRQHandler
                0x0000000008000444                PVD_IRQHandler
                0x0000000008000444                PendSV_Handler
                0x0000000008000444                NMI_Handler
                0x0000000008000444                I2C1_IRQHandler
                0x0000000008000444                SPI1_IRQHandler
                0x0000000008000444                EXTI2_3_IRQHandler
                0x0000000008000444                ADC1_IRQHandler
                0x0000000008000444                TIM17_IRQHandler
                0x0000000008000444                RTC_IRQHandler
                0x0000000008000444                TIM16_IRQHandler
                0x0000000008000444                TIM3_IRQHandler
                0x0000000008000444                EXTI4_15_IRQHandler
                0x0000000008000444                RCC_IRQHandler
                0x0000000008000444                Default_Handler
                0x0000000008000444                TIM14_IRQHandler
                0x0000000008000444                SVC_Handler
                0x0000000008000444                WWDG_IRQHandler
                0x0000000008000444                TIM2_IRQHandler
                0x0000000008000444                DMA1_Channel2_3_IRQHandler
                0x0000000008000444                FLASH_IRQHandler
 *fill*         0x0000000008000446        0x2 
 .text.SystemClock_Config
                0x0000000008000448       0x84 ./Application/User/main.o
                0x0000000008000448                SystemClock_Config
 .text.startup.main
                0x00000000080004cc      0x2c8 ./Application/User/main.o
                0x00000000080004cc                main
 .text.Error_Handler
                0x0000000008000794        0x4 ./Application/User/main.o
                0x0000000008000794                Error_Handler
 .text.MC_StartMotor1
                0x0000000008000798       0x10 ./Application/User/mc_api.o
                0x0000000008000798                MC_StartMotor1
 .text.MC_StopMotor1
                0x00000000080007a8       0x10 ./Application/User/mc_api.o
                0x00000000080007a8                MC_StopMotor1
 .text.MC_GetSTMStateMotor1
                0x00000000080007b8       0x10 ./Application/User/mc_api.o
                0x00000000080007b8                MC_GetSTMStateMotor1
 .text.MCI_Init
                0x00000000080007c8       0x14 ./Application/User/mc_interface.o
                0x00000000080007c8                MCI_Init
 .text.MCI_ExecSpeedRamp
                0x00000000080007dc       0x10 ./Application/User/mc_interface.o
                0x00000000080007dc                MCI_ExecSpeedRamp
 .text.MCI_ExecTorqueRamp
                0x00000000080007ec       0x10 ./Application/User/mc_interface.o
                0x00000000080007ec                MCI_ExecTorqueRamp
 .text.MCI_SetCurrentReferences
                0x00000000080007fc       0x14 ./Application/User/mc_interface.o
                0x00000000080007fc                MCI_SetCurrentReferences
 .text.MCI_StartMotor
                0x0000000008000810       0x18 ./Application/User/mc_interface.o
                0x0000000008000810                MCI_StartMotor
 .text.MCI_StopMotor
                0x0000000008000828        0xc ./Application/User/mc_interface.o
                0x0000000008000828                MCI_StopMotor
 .text.MCI_FaultAcknowledged
                0x0000000008000834        0xc ./Application/User/mc_interface.o
                0x0000000008000834                MCI_FaultAcknowledged
 .text.MCI_EncoderAlign
                0x0000000008000840        0xc ./Application/User/mc_interface.o
                0x0000000008000840                MCI_EncoderAlign
 .text.MCI_ExecBufferedCommands
                0x000000000800084c       0x78 ./Application/User/mc_interface.o
                0x000000000800084c                MCI_ExecBufferedCommands
 .text.MCI_GetSTMState
                0x00000000080008c4        0xc ./Application/User/mc_interface.o
                0x00000000080008c4                MCI_GetSTMState
 .text.MCI_GetControlMode
                0x00000000080008d0        0x4 ./Application/User/mc_interface.o
                0x00000000080008d0                MCI_GetControlMode
 .text.MCI_GetImposedMotorDirection
                0x00000000080008d4       0x38 ./Application/User/mc_interface.o
                0x00000000080008d4                MCI_GetImposedMotorDirection
 .text.MCI_GetLastRampFinalSpeed
                0x000000000800090c       0x10 ./Application/User/mc_interface.o
                0x000000000800090c                MCI_GetLastRampFinalSpeed
 .text.MCI_StopRamp
                0x000000000800091c        0xc ./Application/User/mc_interface.o
                0x000000000800091c                MCI_StopRamp
 .text.MCI_GetAvrgMecSpeedUnit
                0x0000000008000928       0x10 ./Application/User/mc_interface.o
                0x0000000008000928                MCI_GetAvrgMecSpeedUnit
 .text.MCI_GetMecSpeedRefUnit
                0x0000000008000938        0xc ./Application/User/mc_interface.o
                0x0000000008000938                MCI_GetMecSpeedRefUnit
 .text.MCI_GetIab
                0x0000000008000944       0x20 ./Application/User/mc_interface.o
                0x0000000008000944                MCI_GetIab
 .text.MCI_GetIalphabeta
                0x0000000008000964       0x20 ./Application/User/mc_interface.o
                0x0000000008000964                MCI_GetIalphabeta
 .text.MCI_GetIqd
                0x0000000008000984       0x20 ./Application/User/mc_interface.o
                0x0000000008000984                MCI_GetIqd
 .text.MCI_GetIqdref
                0x00000000080009a4       0x20 ./Application/User/mc_interface.o
                0x00000000080009a4                MCI_GetIqdref
 .text.MCI_GetVqd
                0x00000000080009c4       0x20 ./Application/User/mc_interface.o
                0x00000000080009c4                MCI_GetVqd
 .text.MCI_GetValphabeta
                0x00000000080009e4       0x20 ./Application/User/mc_interface.o
                0x00000000080009e4                MCI_GetValphabeta
 .text.MCI_GetTeref
                0x0000000008000a04        0x8 ./Application/User/mc_interface.o
                0x0000000008000a04                MCI_GetTeref
 .text.MCI_SetIdref
                0x0000000008000a0c        0x8 ./Application/User/mc_interface.o
                0x0000000008000a0c                MCI_SetIdref
 .text.MCI_Clear_Iqdref
                0x0000000008000a14       0x14 ./Application/User/mc_interface.o
                0x0000000008000a14                MCI_Clear_Iqdref
 .text.MCM_Clarke
                0x0000000008000a28       0x58 ./Application/User/mc_math.o
                0x0000000008000a28                MCM_Clarke
 .text.MCM_Trig_Functions
                0x0000000008000a80       0x9c ./Application/User/mc_math.o
                0x0000000008000a80                MCM_Trig_Functions
 .text.MCM_Park
                0x0000000008000b1c       0xa0 ./Application/User/mc_math.o
                0x0000000008000b1c                MCM_Park
 .text.MCM_Rev_Park
                0x0000000008000bbc       0x34 ./Application/User/mc_math.o
                0x0000000008000bbc                MCM_Rev_Park
 .text.FOC_Clear
                0x0000000008000bf0       0x64 ./Application/User/mc_tasks.o
                0x0000000008000bf0                FOC_Clear
 .text.MCboot   0x0000000008000c54      0x210 ./Application/User/mc_tasks.o
                0x0000000008000c54                MCboot
 .text.FOC_InitAdditionalMethods
                0x0000000008000e64        0x4 ./Application/User/mc_tasks.o
                0x0000000008000e64                FOC_InitAdditionalMethods
 .text.FOC_CalcCurrRef
                0x0000000008000e68       0x30 ./Application/User/mc_tasks.o
                0x0000000008000e68                FOC_CalcCurrRef
 .text.TSK_SetChargeBootCapDelayM1
                0x0000000008000e98        0xc ./Application/User/mc_tasks.o
                0x0000000008000e98                TSK_SetChargeBootCapDelayM1
 .text.TSK_ChargeBootCapDelayHasElapsedM1
                0x0000000008000ea4       0x10 ./Application/User/mc_tasks.o
                0x0000000008000ea4                TSK_ChargeBootCapDelayHasElapsedM1
 .text.TSK_SetStopPermanencyTimeM1
                0x0000000008000eb4        0xc ./Application/User/mc_tasks.o
                0x0000000008000eb4                TSK_SetStopPermanencyTimeM1
 .text.TSK_StopPermanencyTimeHasElapsedM1
                0x0000000008000ec0       0x10 ./Application/User/mc_tasks.o
                0x0000000008000ec0                TSK_StopPermanencyTimeHasElapsedM1
 .text.TSK_MediumFrequencyTaskM1
                0x0000000008000ed0      0x2a8 ./Application/User/mc_tasks.o
                0x0000000008000ed0                TSK_MediumFrequencyTaskM1
 .text.MC_Scheduler
                0x0000000008001178       0x58 ./Application/User/mc_tasks.o
                0x0000000008001178                MC_Scheduler
 .text.TSK_HighFrequencyTask
                0x00000000080011d0      0x1ac ./Application/User/mc_tasks.o
                0x00000000080011d0                TSK_HighFrequencyTask
 .text.TSK_SafetyTask_PWMOFF
                0x000000000800137c       0xa0 ./Application/User/mc_tasks.o
                0x000000000800137c                TSK_SafetyTask_PWMOFF
 .text.TSK_SafetyTask
                0x000000000800141c       0x1c ./Application/User/mc_tasks.o
                0x000000000800141c                TSK_SafetyTask
 .text.MC_RunMotorControlTasks
                0x0000000008001438       0x20 ./Application/User/mc_tasks.o
                0x0000000008001438                MC_RunMotorControlTasks
 .text.TSK_HardwareFaultTask
                0x0000000008001458       0x20 ./Application/User/mc_tasks.o
                0x0000000008001458                TSK_HardwareFaultTask
 .text.mc_lock_pins
                0x0000000008001478       0xc4 ./Application/User/mc_tasks.o
                0x0000000008001478                mc_lock_pins
 .text.MCP_ReceivedFrame
                0x000000000800153c      0x430 ./Application/User/motor_control_protocol.o
                0x000000000800153c                MCP_ReceivedFrame
 .text.MCP_WaitNextFrame
                0x000000000800196c       0x18 ./Application/User/motor_control_protocol.o
                0x000000000800196c                MCP_WaitNextFrame
 .text.MCP_Init
                0x0000000008001984       0x40 ./Application/User/motor_control_protocol.o
                0x0000000008001984                MCP_Init
 .text.MCP_OnTimeOut
                0x00000000080019c4        0x8 ./Application/User/motor_control_protocol.o
                0x00000000080019c4                MCP_OnTimeOut
 .text.MCP_SentFrame
                0x00000000080019cc        0x8 ./Application/User/motor_control_protocol.o
                0x00000000080019cc                MCP_SentFrame
 .text.MX_MotorControl_Init
                0x00000000080019d4       0x48 ./Application/User/motorcontrol.o
                0x00000000080019d4                MX_MotorControl_Init
 .text.RCM_RegisterRegConv
                0x0000000008001a1c      0x174 ./Application/User/regular_conversion_manager.o
                0x0000000008001a1c                RCM_RegisterRegConv
 .text.RCM_ExecRegularConv
                0x0000000008001b90      0x184 ./Application/User/regular_conversion_manager.o
                0x0000000008001b90                RCM_ExecRegularConv
 .text.RCM_ExecUserConv
                0x0000000008001d14       0x5c ./Application/User/regular_conversion_manager.o
                0x0000000008001d14                RCM_ExecUserConv
 .text.RCM_ExecNextConv
                0x0000000008001d70       0x7c ./Application/User/regular_conversion_manager.o
                0x0000000008001d70                RCM_ExecNextConv
 .text.RCM_ReadOngoingConv
                0x0000000008001dec       0x50 ./Application/User/regular_conversion_manager.o
                0x0000000008001dec                RCM_ReadOngoingConv
 .text.HAL_MspInit
                0x0000000008001e3c       0x30 ./Application/User/stm32f0xx_hal_msp.o
                0x0000000008001e3c                HAL_MspInit
 .text.HAL_ADC_MspInit
                0x0000000008001e6c       0xc8 ./Application/User/stm32f0xx_hal_msp.o
                0x0000000008001e6c                HAL_ADC_MspInit
 .text.HAL_TIM_PWM_MspInit
                0x0000000008001f34       0x68 ./Application/User/stm32f0xx_hal_msp.o
                0x0000000008001f34                HAL_TIM_PWM_MspInit
 .text.HAL_TIM_MspPostInit
                0x0000000008001f9c       0x88 ./Application/User/stm32f0xx_hal_msp.o
                0x0000000008001f9c                HAL_TIM_MspPostInit
 .text.HAL_UART_MspInit
                0x0000000008002024       0x60 ./Application/User/stm32f0xx_hal_msp.o
                0x0000000008002024                HAL_UART_MspInit
 .text.DMA1_Channel1_IRQHandler
                0x0000000008002084       0x14 ./Application/User/stm32f0xx_mc_it.o
                0x0000000008002084                DMA1_Channel1_IRQHandler
 .text.TIM1_BRK_UP_TRG_COM_IRQHandler
                0x0000000008002098       0x48 ./Application/User/stm32f0xx_mc_it.o
                0x0000000008002098                TIM1_BRK_UP_TRG_COM_IRQHandler
 .text.DMA1_Channel4_5_IRQHandler
                0x00000000080020e0       0x14 ./Application/User/stm32f0xx_mc_it.o
                0x00000000080020e0                DMA1_Channel4_5_IRQHandler
 .text.USART1_IRQHandler
                0x00000000080020f4       0x6c ./Application/User/stm32f0xx_mc_it.o
                0x00000000080020f4                USART1_IRQHandler
 .text.HardFault_Handler
                0x0000000008002160       0x6c ./Application/User/stm32f0xx_mc_it.o
                0x0000000008002160                HardFault_Handler
 .text.SysTick_Handler
                0x00000000080021cc       0x28 ./Application/User/stm32f0xx_mc_it.o
                0x00000000080021cc                SysTick_Handler
 .text.EXTI0_1_IRQHandler
                0x00000000080021f4       0x1c ./Application/User/stm32f0xx_mc_it.o
                0x00000000080021f4                EXTI0_1_IRQHandler
 .text.UI_TaskInit
                0x0000000008002210       0x80 ./Application/User/ui_task.o
                0x0000000008002210                UI_TaskInit
 .text.UI_Scheduler
                0x0000000008002290       0x40 ./Application/User/ui_task.o
                0x0000000008002290                UI_Scheduler
 .text.UI_SerialCommunicationTimeOutStop
                0x00000000080022d0        0xc ./Application/User/ui_task.o
                0x00000000080022d0                UI_SerialCommunicationTimeOutStop
 .text.UI_SerialCommunicationTimeOutStart
                0x00000000080022dc        0xc ./Application/User/ui_task.o
                0x00000000080022dc                UI_SerialCommunicationTimeOutStart
 .text.UI_HandleStartStopButton_cb
                0x00000000080022e8       0x18 ./Application/User/ui_task.o
                0x00000000080022e8                UI_HandleStartStopButton_cb
 .text.UI_Init  0x0000000008002300       0x10 ./Application/User/user_interface.o
                0x0000000008002300                UI_Init
 .text.UI_SelectMC
                0x0000000008002310       0x10 ./Application/User/user_interface.o
                0x0000000008002310                UI_SelectMC
 .text.UI_GetSelectedMC
                0x0000000008002320        0x4 ./Application/User/user_interface.o
                0x0000000008002320                UI_GetSelectedMC
 .text.UI_SetReg
                0x0000000008002324      0x230 ./Application/User/user_interface.o
                0x0000000008002324                UI_SetReg
 .text.UI_GetReg
                0x0000000008002554      0x3f8 ./Application/User/user_interface.o
                0x0000000008002554                UI_GetReg
 .text.UI_ExecCmd
                0x000000000800294c       0x74 ./Application/User/user_interface.o
                0x000000000800294c                UI_ExecCmd
 .text.UI_ExecSpeedRamp
                0x00000000080029c0       0x24 ./Application/User/user_interface.o
                0x00000000080029c0                UI_ExecSpeedRamp
 .text.UI_ExecTorqueRamp
                0x00000000080029e4       0x14 ./Application/User/user_interface.o
                0x00000000080029e4                UI_ExecTorqueRamp
 .text.UI_GetRevupData
                0x00000000080029f8       0x3c ./Application/User/user_interface.o
                0x00000000080029f8                UI_GetRevupData
 .text.UI_SetRevupData
                0x0000000008002a34       0x38 ./Application/User/user_interface.o
                0x0000000008002a34                UI_SetRevupData
 .text.UI_SetCurrentReferences
                0x0000000008002a6c       0x1c ./Application/User/user_interface.o
                0x0000000008002a6c                UI_SetCurrentReferences
 .text.UI_GetMPInfo
                0x0000000008002a88        0x4 ./Application/User/user_interface.o
                0x0000000008002a88                UI_GetMPInfo
 .text.SystemInit
                0x0000000008002a8c        0x4 ./Drivers/CMSIS/system_stm32f0xx.o
                0x0000000008002a8c                SystemInit
 .text.HAL_InitTick
                0x0000000008002a90       0x4c ./Drivers/STM32F0xx_HAL_Driver/stm32f0xx_hal.o
                0x0000000008002a90                HAL_InitTick
 .text.HAL_Init
                0x0000000008002adc       0x20 ./Drivers/STM32F0xx_HAL_Driver/stm32f0xx_hal.o
                0x0000000008002adc                HAL_Init
 .text.HAL_IncTick
                0x0000000008002afc       0x18 ./Drivers/STM32F0xx_HAL_Driver/stm32f0xx_hal.o
                0x0000000008002afc                HAL_IncTick
 .text.HAL_GetTick
                0x0000000008002b14        0xc ./Drivers/STM32F0xx_HAL_Driver/stm32f0xx_hal.o
                0x0000000008002b14                HAL_GetTick
 .text.HAL_ADC_Init
                0x0000000008002b20      0x150 ./Drivers/STM32F0xx_HAL_Driver/stm32f0xx_hal_adc.o
                0x0000000008002b20                HAL_ADC_Init
 .text.HAL_ADC_ConfigChannel
                0x0000000008002c70      0x128 ./Drivers/STM32F0xx_HAL_Driver/stm32f0xx_hal_adc.o
                0x0000000008002c70                HAL_ADC_ConfigChannel
 .text.HAL_NVIC_SetPriority
                0x0000000008002d98       0x64 ./Drivers/STM32F0xx_HAL_Driver/stm32f0xx_hal_cortex.o
                0x0000000008002d98                HAL_NVIC_SetPriority
 .text.HAL_NVIC_EnableIRQ
                0x0000000008002dfc       0x18 ./Drivers/STM32F0xx_HAL_Driver/stm32f0xx_hal_cortex.o
                0x0000000008002dfc                HAL_NVIC_EnableIRQ
 .text.HAL_SYSTICK_Config
                0x0000000008002e14       0x34 ./Drivers/STM32F0xx_HAL_Driver/stm32f0xx_hal_cortex.o
                0x0000000008002e14                HAL_SYSTICK_Config
 .text.HAL_SYSTICK_Callback
                0x0000000008002e48        0x4 ./Drivers/STM32F0xx_HAL_Driver/stm32f0xx_hal_cortex.o
                0x0000000008002e48                HAL_SYSTICK_Callback
 .text.HAL_SYSTICK_IRQHandler
                0x0000000008002e4c        0x8 ./Drivers/STM32F0xx_HAL_Driver/stm32f0xx_hal_cortex.o
                0x0000000008002e4c                HAL_SYSTICK_IRQHandler
 .text.HAL_DMA_Init
                0x0000000008002e54       0x68 ./Drivers/STM32F0xx_HAL_Driver/stm32f0xx_hal_dma.o
                0x0000000008002e54                HAL_DMA_Init
 .text.HAL_GPIO_Init
                0x0000000008002ebc      0x1fc ./Drivers/STM32F0xx_HAL_Driver/stm32f0xx_hal_gpio.o
                0x0000000008002ebc                HAL_GPIO_Init
 .text.HAL_GPIO_WritePin
                0x00000000080030b8        0xc ./Drivers/STM32F0xx_HAL_Driver/stm32f0xx_hal_gpio.o
                0x00000000080030b8                HAL_GPIO_WritePin
 .text.HAL_RCC_OscConfig
                0x00000000080030c4      0x4b4 ./Drivers/STM32F0xx_HAL_Driver/stm32f0xx_hal_rcc.o
                0x00000000080030c4                HAL_RCC_OscConfig
 .text.HAL_RCC_ClockConfig
                0x0000000008003578      0x17c ./Drivers/STM32F0xx_HAL_Driver/stm32f0xx_hal_rcc.o
                0x0000000008003578                HAL_RCC_ClockConfig
 .text.HAL_RCC_EnableCSS
                0x00000000080036f4       0x14 ./Drivers/STM32F0xx_HAL_Driver/stm32f0xx_hal_rcc.o
                0x00000000080036f4                HAL_RCC_EnableCSS
 .text.HAL_RCC_GetSysClockFreq
                0x0000000008003708       0x70 ./Drivers/STM32F0xx_HAL_Driver/stm32f0xx_hal_rcc.o
                0x0000000008003708                HAL_RCC_GetSysClockFreq
 .text.HAL_RCC_GetHCLKFreq
                0x0000000008003778        0xc ./Drivers/STM32F0xx_HAL_Driver/stm32f0xx_hal_rcc.o
                0x0000000008003778                HAL_RCC_GetHCLKFreq
 .text.HAL_RCC_GetPCLK1Freq
                0x0000000008003784       0x20 ./Drivers/STM32F0xx_HAL_Driver/stm32f0xx_hal_rcc.o
                0x0000000008003784                HAL_RCC_GetPCLK1Freq
 .text.HAL_RCCEx_PeriphCLKConfig
                0x00000000080037a4      0x13c ./Drivers/STM32F0xx_HAL_Driver/stm32f0xx_hal_rcc_ex.o
                0x00000000080037a4                HAL_RCCEx_PeriphCLKConfig
 .text.HAL_TIM_PWM_Init
                0x00000000080038e0       0xf0 ./Drivers/STM32F0xx_HAL_Driver/stm32f0xx_hal_tim.o
                0x00000000080038e0                HAL_TIM_PWM_Init
 .text.HAL_TIM_PWM_ConfigChannel
                0x00000000080039d0      0x240 ./Drivers/STM32F0xx_HAL_Driver/stm32f0xx_hal_tim.o
                0x00000000080039d0                HAL_TIM_PWM_ConfigChannel
 .text.HAL_TIMEx_MasterConfigSynchronization
                0x0000000008003c10       0x5c ./Drivers/STM32F0xx_HAL_Driver/stm32f0xx_hal_tim_ex.o
                0x0000000008003c10                HAL_TIMEx_MasterConfigSynchronization
 .text.HAL_TIMEx_ConfigBreakDeadTime
                0x0000000008003c6c       0x64 ./Drivers/STM32F0xx_HAL_Driver/stm32f0xx_hal_tim_ex.o
                0x0000000008003c6c                HAL_TIMEx_ConfigBreakDeadTime
 .text.UART_AdvFeatureConfig
                0x0000000008003cd0       0xd0 ./Drivers/STM32F0xx_HAL_Driver/stm32f0xx_hal_uart.o
                0x0000000008003cd0                UART_AdvFeatureConfig
 .text.UART_WaitOnFlagUntilTimeout
                0x0000000008003da0       0xf0 ./Drivers/STM32F0xx_HAL_Driver/stm32f0xx_hal_uart.o
                0x0000000008003da0                UART_WaitOnFlagUntilTimeout
 .text.HAL_UART_Init
                0x0000000008003e90      0x1e8 ./Drivers/STM32F0xx_HAL_Driver/stm32f0xx_hal_uart.o
                0x0000000008003e90                HAL_UART_Init
 .text.VBS_GetAvBusVoltage_d
                0x0000000008004078        0x4 ./Middlewares/MotorControl/bus_voltage_sensor.o
                0x0000000008004078                VBS_GetAvBusVoltage_d
 .text.VBS_GetAvBusVoltage_V
                0x000000000800407c        0xc ./Middlewares/MotorControl/bus_voltage_sensor.o
                0x000000000800407c                VBS_GetAvBusVoltage_V
 .text.Circle_Limitation
                0x0000000008004088       0x58 ./Middlewares/MotorControl/circle_limitation.o
                0x0000000008004088                Circle_Limitation
 .text.FD_Init  0x00000000080040e0       0x24 ./Middlewares/MotorControl/fast_div.o
                0x00000000080040e0                FD_Init
 .text.FD_FastDiv
                0x0000000008004104      0x180 ./Middlewares/MotorControl/fast_div.o
                0x0000000008004104                FD_FastDiv
 .text.FCP_Init
                0x0000000008004284       0x24 ./Middlewares/MotorControl/frame_communication_protocol.o
                0x0000000008004284                FCP_Init
 .text.FCP_SetClient
                0x00000000080042a8       0x10 ./Middlewares/MotorControl/frame_communication_protocol.o
                0x00000000080042a8                FCP_SetClient
 .text.FCP_CalcCRC
                0x00000000080042b8       0x30 ./Middlewares/MotorControl/frame_communication_protocol.o
                0x00000000080042b8                FCP_CalcCRC
 .text.MPM_Clear
                0x00000000080042e8       0x1c ./Middlewares/MotorControl/motor_power_measurement.o
                0x00000000080042e8                MPM_Clear
 .text.MPM_CalcElMotorPower
                0x0000000008004304       0x4c ./Middlewares/MotorControl/motor_power_measurement.o
                0x0000000008004304                MPM_CalcElMotorPower
 .text.MPM_GetAvrgElMotorPowerW
                0x0000000008004350        0x8 ./Middlewares/MotorControl/motor_power_measurement.o
                0x0000000008004350                MPM_GetAvrgElMotorPowerW
 .text.NTC_SetFaultState
                0x0000000008004358       0x1c ./Middlewares/MotorControl/ntc_temperature_sensor.o
                0x0000000008004358                NTC_SetFaultState
 .text.NTC_Clear
                0x0000000008004374        0x8 ./Middlewares/MotorControl/ntc_temperature_sensor.o
                0x0000000008004374                NTC_Clear
 .text.NTC_Init
                0x000000000800437c       0x28 ./Middlewares/MotorControl/ntc_temperature_sensor.o
                0x000000000800437c                NTC_Init
 .text.NTC_CalcAvTemp
                0x00000000080043a4       0x3c ./Middlewares/MotorControl/ntc_temperature_sensor.o
                0x00000000080043a4                NTC_CalcAvTemp
 .text.NTC_GetAvTemp_C
                0x00000000080043e0       0x28 ./Middlewares/MotorControl/ntc_temperature_sensor.o
                0x00000000080043e0                NTC_GetAvTemp_C
 .text.PID_HandleInit
                0x0000000008004408       0x10 ./Middlewares/MotorControl/pid_regulator.o
                0x0000000008004408                PID_HandleInit
 .text.PID_SetKP
                0x0000000008004418        0x4 ./Middlewares/MotorControl/pid_regulator.o
                0x0000000008004418                PID_SetKP
 .text.PID_SetKI
                0x000000000800441c        0x4 ./Middlewares/MotorControl/pid_regulator.o
                0x000000000800441c                PID_SetKI
 .text.PID_GetKP
                0x0000000008004420        0x8 ./Middlewares/MotorControl/pid_regulator.o
                0x0000000008004420                PID_GetKP
 .text.PID_GetKI
                0x0000000008004428        0x8 ./Middlewares/MotorControl/pid_regulator.o
                0x0000000008004428                PID_GetKI
 .text.PID_SetIntegralTerm
                0x0000000008004430        0x4 ./Middlewares/MotorControl/pid_regulator.o
                0x0000000008004430                PID_SetIntegralTerm
 .text.PID_GetKPDivisor
                0x0000000008004434        0x4 ./Middlewares/MotorControl/pid_regulator.o
                0x0000000008004434                PID_GetKPDivisor
 .text.PID_GetKIDivisor
                0x0000000008004438        0x4 ./Middlewares/MotorControl/pid_regulator.o
                0x0000000008004438                PID_GetKIDivisor
 .text.PID_SetKD
                0x000000000800443c        0x4 ./Middlewares/MotorControl/pid_regulator.o
                0x000000000800443c                PID_SetKD
 .text.PID_GetKD
                0x0000000008004440        0x8 ./Middlewares/MotorControl/pid_regulator.o
                0x0000000008004440                PID_GetKD
 .text.PI_Controller
                0x0000000008004448       0x80 ./Middlewares/MotorControl/pid_regulator.o
                0x0000000008004448                PI_Controller
 .text.PQD_CalcElMotorPower
                0x00000000080044c8       0x5c ./Middlewares/MotorControl/pqd_motor_power_measurement.o
                0x00000000080044c8                PQD_CalcElMotorPower
 .text.waitForPolarizationEnd
                0x0000000008004524       0x4c ./Middlewares/MotorControl/pwm_common.o
                0x0000000008004524                waitForPolarizationEnd
 .text.PWMC_GetPhaseCurrents
                0x0000000008004570        0x8 ./Middlewares/MotorControl/pwm_curr_fdbk.o
                0x0000000008004570                PWMC_GetPhaseCurrents
 .text.PWMC_SetPhaseVoltage
                0x0000000008004578      0x204 ./Middlewares/MotorControl/pwm_curr_fdbk.o
                0x0000000008004578                PWMC_SetPhaseVoltage
 .text.PWMC_SwitchOffPWM
                0x000000000800477c        0x8 ./Middlewares/MotorControl/pwm_curr_fdbk.o
                0x000000000800477c                PWMC_SwitchOffPWM
 .text.PWMC_CurrentReadingCalibr
                0x0000000008004784       0x48 ./Middlewares/MotorControl/pwm_curr_fdbk.o
                0x0000000008004784                PWMC_CurrentReadingCalibr
 .text.PWMC_CheckOverCurrent
                0x00000000080047cc        0x8 ./Middlewares/MotorControl/pwm_curr_fdbk.o
                0x00000000080047cc                PWMC_CheckOverCurrent
 .text.R3_1_GetPhaseCurrents
                0x00000000080047d4      0x16c ./Middlewares/MotorControl/r3_f0xx_pwm_curr_fdbk.o
                0x00000000080047d4                R3_1_GetPhaseCurrents
 .text.R3_1_HFCurrentsCalibrationAB
                0x0000000008004940       0x48 ./Middlewares/MotorControl/r3_f0xx_pwm_curr_fdbk.o
                0x0000000008004940                R3_1_HFCurrentsCalibrationAB
 .text.R3_1_HFCurrentsCalibrationC
                0x0000000008004988       0x44 ./Middlewares/MotorControl/r3_f0xx_pwm_curr_fdbk.o
                0x0000000008004988                R3_1_HFCurrentsCalibrationC
 .text.R3_1_Init
                0x00000000080049cc      0x110 ./Middlewares/MotorControl/r3_f0xx_pwm_curr_fdbk.o
                0x00000000080049cc                R3_1_Init
 .text.R3_1_WriteTIMRegisters
                0x0000000008004adc       0x30 ./Middlewares/MotorControl/r3_f0xx_pwm_curr_fdbk.o
                0x0000000008004adc                R3_1_WriteTIMRegisters
 .text.R3_1_SetADCSampPointCalibration
                0x0000000008004b0c       0x20 ./Middlewares/MotorControl/r3_f0xx_pwm_curr_fdbk.o
                0x0000000008004b0c                R3_1_SetADCSampPointCalibration
 .text.R3_1_SetADCSampPointSectX
                0x0000000008004b2c       0x54 ./Middlewares/MotorControl/r3_f0xx_pwm_curr_fdbk.o
                0x0000000008004b2c                R3_1_SetADCSampPointSectX
 .text.R3_1_TurnOnLowSides
                0x0000000008004b80       0x48 ./Middlewares/MotorControl/r3_f0xx_pwm_curr_fdbk.o
                0x0000000008004b80                R3_1_TurnOnLowSides
 .text.R3_1_SwitchOnPWM
                0x0000000008004bc8       0xec ./Middlewares/MotorControl/r3_f0xx_pwm_curr_fdbk.o
                0x0000000008004bc8                R3_1_SwitchOnPWM
 .text.R3_1_SwitchOffPWM
                0x0000000008004cb4       0xa8 ./Middlewares/MotorControl/r3_f0xx_pwm_curr_fdbk.o
                0x0000000008004cb4                R3_1_SwitchOffPWM
 .text.R3_1_CurrentReadingCalibration
                0x0000000008004d5c      0x12c ./Middlewares/MotorControl/r3_f0xx_pwm_curr_fdbk.o
                0x0000000008004d5c                R3_1_CurrentReadingCalibration
 .text.R3_1_TIMx_UP_IRQHandler
                0x0000000008004e88       0x7c ./Middlewares/MotorControl/r3_f0xx_pwm_curr_fdbk.o
                0x0000000008004e88                R3_1_TIMx_UP_IRQHandler
 .text.F0XX_BRK_IRQHandler
                0x0000000008004f04       0x28 ./Middlewares/MotorControl/r3_f0xx_pwm_curr_fdbk.o
                0x0000000008004f04                F0XX_BRK_IRQHandler
 .text.R3_1_IsOverCurrentOccurred
                0x0000000008004f2c       0x2c ./Middlewares/MotorControl/r3_f0xx_pwm_curr_fdbk.o
                0x0000000008004f2c                R3_1_IsOverCurrentOccurred
 .text.RVBS_Clear
                0x0000000008004f58       0x30 ./Middlewares/MotorControl/r_divider_bus_voltage_sensor.o
                0x0000000008004f58                RVBS_Clear
 .text.RVBS_Init
                0x0000000008004f88       0x18 ./Middlewares/MotorControl/r_divider_bus_voltage_sensor.o
                0x0000000008004f88                RVBS_Init
 .text.RVBS_CheckFaultState
                0x0000000008004fa0       0x18 ./Middlewares/MotorControl/r_divider_bus_voltage_sensor.o
                0x0000000008004fa0                RVBS_CheckFaultState
 .text.RVBS_CalcAvVbus
                0x0000000008004fb8       0x68 ./Middlewares/MotorControl/r_divider_bus_voltage_sensor.o
                0x0000000008004fb8                RVBS_CalcAvVbus
 .text.REMNG_Init
                0x0000000008005020       0x18 ./Middlewares/MotorControl/ramp_ext_mngr.o
                0x0000000008005020                REMNG_Init
 .text.REMNG_Calc
                0x0000000008005038       0x30 ./Middlewares/MotorControl/ramp_ext_mngr.o
                0x0000000008005038                REMNG_Calc
 .text.REMNG_RampCompleted
                0x0000000008005068        0xc ./Middlewares/MotorControl/ramp_ext_mngr.o
                0x0000000008005068                REMNG_RampCompleted
 .text.getScalingFactor
                0x0000000008005074       0x2c ./Middlewares/MotorControl/ramp_ext_mngr.o
                0x0000000008005074                getScalingFactor
 .text.REMNG_ExecRamp
                0x00000000080050a0       0x90 ./Middlewares/MotorControl/ramp_ext_mngr.o
                0x00000000080050a0                REMNG_ExecRamp
 .text.RUC_Init
                0x0000000008005130       0x74 ./Middlewares/MotorControl/revup_ctrl.o
                0x0000000008005130                RUC_Init
 .text.RUC_Clear
                0x00000000080051a4       0x7c ./Middlewares/MotorControl/revup_ctrl.o
                0x00000000080051a4                RUC_Clear
 .text.RUC_Exec
                0x0000000008005220       0x68 ./Middlewares/MotorControl/revup_ctrl.o
                0x0000000008005220                RUC_Exec
 .text.RUC_FirstAccelerationStageReached
                0x0000000008005288       0x14 ./Middlewares/MotorControl/revup_ctrl.o
                0x0000000008005288                RUC_FirstAccelerationStageReached
 .text.RUC_SetPhaseDurationms
                0x000000000800529c        0xc ./Middlewares/MotorControl/revup_ctrl.o
                0x000000000800529c                RUC_SetPhaseDurationms
 .text.RUC_SetPhaseFinalMecSpeedUnit
                0x00000000080052a8        0xc ./Middlewares/MotorControl/revup_ctrl.o
                0x00000000080052a8                RUC_SetPhaseFinalMecSpeedUnit
 .text.RUC_SetPhaseFinalTorque
                0x00000000080052b4        0xc ./Middlewares/MotorControl/revup_ctrl.o
                0x00000000080052b4                RUC_SetPhaseFinalTorque
 .text.RUC_GetPhaseDurationms
                0x00000000080052c0        0xc ./Middlewares/MotorControl/revup_ctrl.o
                0x00000000080052c0                RUC_GetPhaseDurationms
 .text.RUC_GetPhaseFinalMecSpeedUnit
                0x00000000080052cc       0x10 ./Middlewares/MotorControl/revup_ctrl.o
                0x00000000080052cc                RUC_GetPhaseFinalMecSpeedUnit
 .text.RUC_GetPhaseFinalTorque
                0x00000000080052dc       0x10 ./Middlewares/MotorControl/revup_ctrl.o
                0x00000000080052dc                RUC_GetPhaseFinalTorque
 .text.RUC_GetNumberOfPhases
                0x00000000080052ec        0x8 ./Middlewares/MotorControl/revup_ctrl.o
                0x00000000080052ec                RUC_GetNumberOfPhases
 .text.SPD_GetElAngle
                0x00000000080052f4        0x8 ./Middlewares/MotorControl/speed_pos_fdbk.o
                0x00000000080052f4                SPD_GetElAngle
 .text.SPD_GetAvrgMecSpeedUnit
                0x00000000080052fc        0x8 ./Middlewares/MotorControl/speed_pos_fdbk.o
                0x00000000080052fc                SPD_GetAvrgMecSpeedUnit
 .text.SPD_GetInstElSpeedDpp
                0x0000000008005304        0x8 ./Middlewares/MotorControl/speed_pos_fdbk.o
                0x0000000008005304                SPD_GetInstElSpeedDpp
 .text.SPD_IsMecSpeedReliable
                0x000000000800530c       0x60 ./Middlewares/MotorControl/speed_pos_fdbk.o
                0x000000000800530c                SPD_IsMecSpeedReliable
 .text.SPD_GetS16Speed
                0x000000000800536c       0x18 ./Middlewares/MotorControl/speed_pos_fdbk.o
                0x000000000800536c                SPD_GetS16Speed
 .text.STC_Init
                0x0000000008005384       0x24 ./Middlewares/MotorControl/speed_torq_ctrl.o
                0x0000000008005384                STC_Init
 .text.STC_SetSpeedSensor
                0x00000000080053a8        0x4 ./Middlewares/MotorControl/speed_torq_ctrl.o
                0x00000000080053a8                STC_SetSpeedSensor
 .text.STC_GetSpeedSensor
                0x00000000080053ac        0x4 ./Middlewares/MotorControl/speed_torq_ctrl.o
                0x00000000080053ac                STC_GetSpeedSensor
 .text.STC_Clear
                0x00000000080053b0       0x14 ./Middlewares/MotorControl/speed_torq_ctrl.o
                0x00000000080053b0                STC_Clear
 .text.STC_GetMecSpeedRefUnit
                0x00000000080053c4       0x10 ./Middlewares/MotorControl/speed_torq_ctrl.o
                0x00000000080053c4                STC_GetMecSpeedRefUnit
 .text.STC_GetTorqueRef
                0x00000000080053d4       0x10 ./Middlewares/MotorControl/speed_torq_ctrl.o
                0x00000000080053d4                STC_GetTorqueRef
 .text.STC_SetControlMode
                0x00000000080053e4        0x8 ./Middlewares/MotorControl/speed_torq_ctrl.o
                0x00000000080053e4                STC_SetControlMode
 .text.STC_ExecRamp
                0x00000000080053ec       0x8c ./Middlewares/MotorControl/speed_torq_ctrl.o
                0x00000000080053ec                STC_ExecRamp
 .text.STC_StopRamp
                0x0000000008005478        0x8 ./Middlewares/MotorControl/speed_torq_ctrl.o
                0x0000000008005478                STC_StopRamp
 .text.STC_CalcTorqueReference
                0x0000000008005480       0x6c ./Middlewares/MotorControl/speed_torq_ctrl.o
                0x0000000008005480                STC_CalcTorqueReference
 .text.STC_GetMecSpeedRefUnitDefault
                0x00000000080054ec        0x8 ./Middlewares/MotorControl/speed_torq_ctrl.o
                0x00000000080054ec                STC_GetMecSpeedRefUnitDefault
 .text.STC_GetMaxAppPositiveMecSpeedUnit
                0x00000000080054f4        0x4 ./Middlewares/MotorControl/speed_torq_ctrl.o
                0x00000000080054f4                STC_GetMaxAppPositiveMecSpeedUnit
 .text.STC_GetMinAppNegativeMecSpeedUnit
                0x00000000080054f8        0x8 ./Middlewares/MotorControl/speed_torq_ctrl.o
                0x00000000080054f8                STC_GetMinAppNegativeMecSpeedUnit
 .text.STC_GetDefaultIqdref
                0x0000000008005500       0x10 ./Middlewares/MotorControl/speed_torq_ctrl.o
                0x0000000008005500                STC_GetDefaultIqdref
 .text.STC_ForceSpeedReferenceToCurrentSpeed
                0x0000000008005510       0x10 ./Middlewares/MotorControl/speed_torq_ctrl.o
                0x0000000008005510                STC_ForceSpeedReferenceToCurrentSpeed
 .text.STM_Init
                0x0000000008005520        0xc ./Middlewares/MotorControl/state_machine.o
                0x0000000008005520                STM_Init
 .text.STM_FaultProcessing
                0x000000000800552c       0x34 ./Middlewares/MotorControl/state_machine.o
                0x000000000800552c                STM_FaultProcessing
 .text.STM_NextState
                0x0000000008005560       0xe8 ./Middlewares/MotorControl/state_machine.o
                0x0000000008005560                STM_NextState
 .text.STM_GetState
                0x0000000008005648        0x4 ./Middlewares/MotorControl/state_machine.o
                0x0000000008005648                STM_GetState
 .text.STM_FaultAcknowledged
                0x000000000800564c       0x14 ./Middlewares/MotorControl/state_machine.o
                0x000000000800564c                STM_FaultAcknowledged
 .text.STM_GetFaultState
                0x0000000008005660        0xc ./Middlewares/MotorControl/state_machine.o
                0x0000000008005660                STM_GetFaultState
 .text.STO_PLL_CalcElAngle
                0x000000000800566c      0x220 ./Middlewares/MotorControl/sto_pll_speed_pos_fdbk.o
                0x000000000800566c                STO_PLL_CalcElAngle
 .text.STO_PLL_CalcAvrgMecSpeedUnit
                0x000000000800588c      0x164 ./Middlewares/MotorControl/sto_pll_speed_pos_fdbk.o
                0x000000000800588c                STO_PLL_CalcAvrgMecSpeedUnit
 .text.STO_PLL_CalcAvrgElSpeedDpp
                0x00000000080059f0       0x6c ./Middlewares/MotorControl/sto_pll_speed_pos_fdbk.o
                0x00000000080059f0                STO_PLL_CalcAvrgElSpeedDpp
 .text.STO_PLL_Clear
                0x0000000008005a5c       0x54 ./Middlewares/MotorControl/sto_pll_speed_pos_fdbk.o
                0x0000000008005a5c                STO_PLL_Clear
 .text.STO_PLL_Init
                0x0000000008005ab0       0x74 ./Middlewares/MotorControl/sto_pll_speed_pos_fdbk.o
                0x0000000008005ab0                STO_PLL_Init
 .text.STO_PLL_IsObserverConverged
                0x0000000008005b24       0xb0 ./Middlewares/MotorControl/sto_pll_speed_pos_fdbk.o
                0x0000000008005b24                STO_PLL_IsObserverConverged
 .text.STO_PLL_GetEstimatedBemf
                0x0000000008005bd4       0x14 ./Middlewares/MotorControl/sto_pll_speed_pos_fdbk.o
                0x0000000008005bd4                STO_PLL_GetEstimatedBemf
 .text.STO_PLL_GetEstimatedCurrent
                0x0000000008005be8       0x1c ./Middlewares/MotorControl/sto_pll_speed_pos_fdbk.o
                0x0000000008005be8                STO_PLL_GetEstimatedCurrent
 .text.STO_PLL_GetObserverGains
                0x0000000008005c04       0x10 ./Middlewares/MotorControl/sto_pll_speed_pos_fdbk.o
                0x0000000008005c04                STO_PLL_GetObserverGains
 .text.STO_PLL_SetObserverGains
                0x0000000008005c14        0x8 ./Middlewares/MotorControl/sto_pll_speed_pos_fdbk.o
                0x0000000008005c14                STO_PLL_SetObserverGains
 .text.STO_GetPLLGains
                0x0000000008005c1c       0x1c ./Middlewares/MotorControl/sto_pll_speed_pos_fdbk.o
                0x0000000008005c1c                STO_GetPLLGains
 .text.STO_SetPLLGains
                0x0000000008005c38       0x18 ./Middlewares/MotorControl/sto_pll_speed_pos_fdbk.o
                0x0000000008005c38                STO_SetPLLGains
 .text.STO_OTF_ResetPLL
                0x0000000008005c50       0x10 ./Middlewares/MotorControl/sto_pll_speed_pos_fdbk.o
                0x0000000008005c50                STO_OTF_ResetPLL
 .text.STO_ResetPLL
                0x0000000008005c60        0xc ./Middlewares/MotorControl/sto_pll_speed_pos_fdbk.o
                0x0000000008005c60                STO_ResetPLL
 .text.STO_PLL_GetEstimatedBemfLevel
                0x0000000008005c6c        0x8 ./Middlewares/MotorControl/sto_pll_speed_pos_fdbk.o
                0x0000000008005c6c                STO_PLL_GetEstimatedBemfLevel
 .text.STO_PLL_GetObservedBemfLevel
                0x0000000008005c74        0x8 ./Middlewares/MotorControl/sto_pll_speed_pos_fdbk.o
                0x0000000008005c74                STO_PLL_GetObservedBemfLevel
 .text.STO_PLL_IsVarianceTight
                0x0000000008005c7c        0x8 ./Middlewares/MotorControl/sto_pll_speed_pos_fdbk.o
                0x0000000008005c7c                STO_PLL_IsVarianceTight
 .text.STO_PLL_ForceConvergency1
                0x0000000008005c84        0xc ./Middlewares/MotorControl/sto_pll_speed_pos_fdbk.o
                0x0000000008005c84                STO_PLL_ForceConvergency1
 .text.STO_PLL_ForceConvergency2
                0x0000000008005c90        0xc ./Middlewares/MotorControl/sto_pll_speed_pos_fdbk.o
                0x0000000008005c90                STO_PLL_ForceConvergency2
 .text.STO_SetDirection
                0x0000000008005c9c        0x8 ./Middlewares/MotorControl/sto_pll_speed_pos_fdbk.o
                0x0000000008005c9c                STO_SetDirection
 .text.UFCP_Init
                0x0000000008005ca4        0x8 ./Middlewares/MotorControl/usart_frame_communication_protocol.o
                0x0000000008005ca4                UFCP_Init
 .text.UFCP_TX_IRQ_Handler
                0x0000000008005cac       0x70 ./Middlewares/MotorControl/usart_frame_communication_protocol.o
                0x0000000008005cac                UFCP_TX_IRQ_Handler
 .text.UFCP_Receive
                0x0000000008005d1c       0x2c ./Middlewares/MotorControl/usart_frame_communication_protocol.o
                0x0000000008005d1c                UFCP_Receive
 .text.UFCP_Send
                0x0000000008005d48       0xc0 ./Middlewares/MotorControl/usart_frame_communication_protocol.o
                0x0000000008005d48                UFCP_Send
 .text.UFCP_RX_IRQ_Handler
                0x0000000008005e08       0xd0 ./Middlewares/MotorControl/usart_frame_communication_protocol.o
                0x0000000008005e08                UFCP_RX_IRQ_Handler
 .text.UFCP_OVR_IRQ_Handler
                0x0000000008005ed8       0x18 ./Middlewares/MotorControl/usart_frame_communication_protocol.o
                0x0000000008005ed8                UFCP_OVR_IRQ_Handler
 .text.UFCP_AbortReceive
                0x0000000008005ef0        0xc ./Middlewares/MotorControl/usart_frame_communication_protocol.o
                0x0000000008005ef0                UFCP_AbortReceive
 .text.VSS_Clear
                0x0000000008005efc       0x38 ./Middlewares/MotorControl/virtual_speed_sensor.o
                0x0000000008005efc                VSS_Clear
 .text.VSS_Init
                0x0000000008005f34       0x14 ./Middlewares/MotorControl/virtual_speed_sensor.o
                0x0000000008005f34                VSS_Init
 .text.VSS_CalcElAngle
                0x0000000008005f48       0xbc ./Middlewares/MotorControl/virtual_speed_sensor.o
                0x0000000008005f48                VSS_CalcElAngle
 .text.VSS_CalcAvrgMecSpeedUnit
                0x0000000008006004       0x90 ./Middlewares/MotorControl/virtual_speed_sensor.o
                0x0000000008006004                VSS_CalcAvrgMecSpeedUnit
 .text.VSS_SetMecAngle
                0x0000000008006094       0x18 ./Middlewares/MotorControl/virtual_speed_sensor.o
                0x0000000008006094                VSS_SetMecAngle
 .text.VSS_SetMecAcceleration
                0x00000000080060ac       0x90 ./Middlewares/MotorControl/virtual_speed_sensor.o
                0x00000000080060ac                VSS_SetMecAcceleration
 .text.VSS_SetStartTransition
                0x000000000800613c       0x20 ./Middlewares/MotorControl/virtual_speed_sensor.o
                0x000000000800613c                VSS_SetStartTransition
 .text.VSS_TransitionEnded
                0x000000000800615c        0x8 ./Middlewares/MotorControl/virtual_speed_sensor.o
                0x000000000800615c                VSS_TransitionEnded
 .text.memset   0x0000000008006164       0x10 C:/ST/STM32CubeIDE_1.14.1/STM32CubeIDE/plugins/com.st.stm32cube.ide.mcu.externaltools.gnu-tools-for-stm32.11.3.rel1.win32_1.1.100.202309141235/tools/bin/../lib/gcc/arm-none-eabi/11.3.1/../../../../arm-none-eabi/lib/thumb/v6-m/nofp\libc_nano.a(libc_a-memset.o)
                0x0000000008006164                memset
 .text.__libc_init_array
                0x0000000008006174       0x48 C:/ST/STM32CubeIDE_1.14.1/STM32CubeIDE/plugins/com.st.stm32cube.ide.mcu.externaltools.gnu-tools-for-stm32.11.3.rel1.win32_1.1.100.202309141235/tools/bin/../lib/gcc/arm-none-eabi/11.3.1/../../../../arm-none-eabi/lib/thumb/v6-m/nofp\libc_nano.a(libc_a-init.o)
                0x0000000008006174                __libc_init_array
 .text.memcpy   0x00000000080061bc       0x12 C:/ST/STM32CubeIDE_1.14.1/STM32CubeIDE/plugins/com.st.stm32cube.ide.mcu.externaltools.gnu-tools-for-stm32.11.3.rel1.win32_1.1.100.202309141235/tools/bin/../lib/gcc/arm-none-eabi/11.3.1/../../../../arm-none-eabi/lib/thumb/v6-m/nofp\libc_nano.a(libc_a-memcpy-stub.o)
                0x00000000080061bc                memcpy
 *(.glue_7)
 .glue_7        0x00000000080061ce        0x0 linker stubs
 *(.glue_7t)
 .glue_7t       0x00000000080061ce        0x0 linker stubs
 *(.eh_frame)
 *fill*         0x00000000080061ce        0x2 
 .eh_frame      0x00000000080061d0        0x0 C:/ST/STM32CubeIDE_1.14.1/STM32CubeIDE/plugins/com.st.stm32cube.ide.mcu.externaltools.gnu-tools-for-stm32.11.3.rel1.win32_1.1.100.202309141235/tools/bin/../lib/gcc/arm-none-eabi/11.3.1/thumb/v6-m/nofp/crtbegin.o
 *(.init)
 .init          0x00000000080061d0        0x4 C:/ST/STM32CubeIDE_1.14.1/STM32CubeIDE/plugins/com.st.stm32cube.ide.mcu.externaltools.gnu-tools-for-stm32.11.3.rel1.win32_1.1.100.202309141235/tools/bin/../lib/gcc/arm-none-eabi/11.3.1/thumb/v6-m/nofp/crti.o
                0x00000000080061d0                _init
 .init          0x00000000080061d4        0x8 C:/ST/STM32CubeIDE_1.14.1/STM32CubeIDE/plugins/com.st.stm32cube.ide.mcu.externaltools.gnu-tools-for-stm32.11.3.rel1.win32_1.1.100.202309141235/tools/bin/../lib/gcc/arm-none-eabi/11.3.1/thumb/v6-m/nofp/crtn.o
 *(.fini)
 .fini          0x00000000080061dc        0x4 C:/ST/STM32CubeIDE_1.14.1/STM32CubeIDE/plugins/com.st.stm32cube.ide.mcu.externaltools.gnu-tools-for-stm32.11.3.rel1.win32_1.1.100.202309141235/tools/bin/../lib/gcc/arm-none-eabi/11.3.1/thumb/v6-m/nofp/crti.o
                0x00000000080061dc                _fini
 .fini          0x00000000080061e0        0x8 C:/ST/STM32CubeIDE_1.14.1/STM32CubeIDE/plugins/com.st.stm32cube.ide.mcu.externaltools.gnu-tools-for-stm32.11.3.rel1.win32_1.1.100.202309141235/tools/bin/../lib/gcc/arm-none-eabi/11.3.1/thumb/v6-m/nofp/crtn.o
                0x00000000080061e8                . = ALIGN (0x4)
                0x00000000080061e8                _etext = .

.vfp11_veneer   0x00000000080061e8        0x0
 .vfp11_veneer  0x00000000080061e8        0x0 linker stubs

.v4_bx          0x00000000080061e8        0x0
 .v4_bx         0x00000000080061e8        0x0 linker stubs

.iplt           0x00000000080061e8        0x0
 .iplt          0x00000000080061e8        0x0 C:/ST/STM32CubeIDE_1.14.1/STM32CubeIDE/plugins/com.st.stm32cube.ide.mcu.externaltools.gnu-tools-for-stm32.11.3.rel1.win32_1.1.100.202309141235/tools/bin/../lib/gcc/arm-none-eabi/11.3.1/thumb/v6-m/nofp/crtbegin.o

.rodata         0x00000000080061e8      0xbc0
                0x00000000080061e8                . = ALIGN (0x4)
 *(.rodata)
 *(.rodata*)
 .rodata.hSin_Cos_Table
                0x00000000080061e8      0x200 ./Application/User/mc_math.o
                0x00000000080061e8                hSin_Cos_Table
 .rodata.R3_1_Params
                0x00000000080063e8       0x74 ./Application/User/mc_parameters.o
                0x00000000080063e8                R3_1_Params
 .rodata.TSK_MediumFrequencyTaskM1
                0x000000000800645c       0x44 ./Application/User/mc_tasks.o
 .rodata.MCP_ReceivedFrame
                0x00000000080064a0      0x2c4 ./Application/User/motor_control_protocol.o
 .rodata.s_fwVer
                0x0000000008006764       0x20 ./Application/User/motorcontrol.o
                0x0000000008006764                s_fwVer
 .rodata.UI_SetReg
                0x0000000008006784      0x170 ./Application/User/user_interface.o
 .rodata.UI_GetReg
                0x00000000080068f4      0x3d8 ./Application/User/user_interface.o
 .rodata.UI_ExecCmd
                0x0000000008006ccc       0x3c ./Application/User/user_interface.o
 .rodata.AHBPrescTable
                0x0000000008006d08       0x10 ./Drivers/CMSIS/system_stm32f0xx.o
                0x0000000008006d08                AHBPrescTable
 .rodata.APBPrescTable
                0x0000000008006d18        0x8 ./Drivers/CMSIS/system_stm32f0xx.o
                0x0000000008006d18                APBPrescTable
 .rodata.HAL_RCC_ClockConfig.str1.4
                0x0000000008006d20       0x25 ./Drivers/STM32F0xx_HAL_Driver/stm32f0xx_hal_rcc.o
 *fill*         0x0000000008006d45        0x3 
 .rodata.CSWTCH.59
                0x0000000008006d48        0x3 ./Drivers/STM32F0xx_HAL_Driver/stm32f0xx_hal_uart.o
 *fill*         0x0000000008006d4b        0x1 
 .rodata.STM_NextState
                0x0000000008006d4c       0x54 ./Middlewares/MotorControl/state_machine.o
 .rodata.UFCP_Usart_Timeout_none
                0x0000000008006da0        0x2 ./Middlewares/MotorControl/usart_frame_communication_protocol.o
 .rodata.UFCP_Usart_Timeout_start
                0x0000000008006da2        0x2 ./Middlewares/MotorControl/usart_frame_communication_protocol.o
 .rodata.UFCP_Usart_Timeout_stop
                0x0000000008006da4        0x2 ./Middlewares/MotorControl/usart_frame_communication_protocol.o
                0x0000000008006da8                . = ALIGN (0x4)
 *fill*         0x0000000008006da6        0x2 

.rel.dyn        0x0000000008006da8        0x0
 .rel.iplt      0x0000000008006da8        0x0 C:/ST/STM32CubeIDE_1.14.1/STM32CubeIDE/plugins/com.st.stm32cube.ide.mcu.externaltools.gnu-tools-for-stm32.11.3.rel1.win32_1.1.100.202309141235/tools/bin/../lib/gcc/arm-none-eabi/11.3.1/thumb/v6-m/nofp/crtbegin.o

.ARM.extab      0x0000000008006da8        0x0
                0x0000000008006da8                . = ALIGN (0x4)
 *(.ARM.extab* .gnu.linkonce.armextab.*)
                0x0000000008006da8                . = ALIGN (0x4)

.ARM            0x0000000008006da8        0x0
                0x0000000008006da8                . = ALIGN (0x4)
                0x0000000008006da8                __exidx_start = .
 *(.ARM.exidx*)
                0x0000000008006da8                __exidx_end = .
                0x0000000008006da8                . = ALIGN (0x4)

.preinit_array  0x0000000008006da8        0x0
                0x0000000008006da8                . = ALIGN (0x4)
                0x0000000008006da8                PROVIDE (__preinit_array_start = .)
 *(.preinit_array*)
                0x0000000008006da8                PROVIDE (__preinit_array_end = .)
                0x0000000008006da8                . = ALIGN (0x4)

.init_array     0x0000000008006da8        0x4
                0x0000000008006da8                . = ALIGN (0x4)
                0x0000000008006da8                PROVIDE (__init_array_start = .)
 *(SORT_BY_NAME(.init_array.*))
 *(.init_array*)
 .init_array    0x0000000008006da8        0x4 C:/ST/STM32CubeIDE_1.14.1/STM32CubeIDE/plugins/com.st.stm32cube.ide.mcu.externaltools.gnu-tools-for-stm32.11.3.rel1.win32_1.1.100.202309141235/tools/bin/../lib/gcc/arm-none-eabi/11.3.1/thumb/v6-m/nofp/crtbegin.o
                0x0000000008006dac                PROVIDE (__init_array_end = .)
                0x0000000008006dac                . = ALIGN (0x4)

.fini_array     0x0000000008006dac        0x4
                0x0000000008006dac                . = ALIGN (0x4)
                [!provide]                        PROVIDE (__fini_array_start = .)
 *(SORT_BY_NAME(.fini_array.*))
 *(.fini_array*)
 .fini_array    0x0000000008006dac        0x4 C:/ST/STM32CubeIDE_1.14.1/STM32CubeIDE/plugins/com.st.stm32cube.ide.mcu.externaltools.gnu-tools-for-stm32.11.3.rel1.win32_1.1.100.202309141235/tools/bin/../lib/gcc/arm-none-eabi/11.3.1/thumb/v6-m/nofp/crtbegin.o
                [!provide]                        PROVIDE (__fini_array_end = .)
                0x0000000008006db0                . = ALIGN (0x4)
                0x0000000008006db0                _sidata = LOADADDR (.data)

.data           0x0000000020000000      0x720 load address 0x0000000008006db0
                0x0000000020000000                . = ALIGN (0x4)
                0x0000000020000000                _sdata = .
 *(.data)
 *(.data*)
 .data.CircleLimitationM1
                0x0000000020000000       0xb4 ./Application/User/mc_config.o
                0x0000000020000000                CircleLimitationM1
 .data.PIDIdHandle_M1
                0x00000000200000b4       0x2c ./Application/User/mc_config.o
                0x00000000200000b4                PIDIdHandle_M1
 .data.PIDIqHandle_M1
                0x00000000200000e0       0x2c ./Application/User/mc_config.o
                0x00000000200000e0                PIDIqHandle_M1
 .data.PIDSpeedHandle_M1
                0x000000002000010c       0x2c ./Application/User/mc_config.o
                0x000000002000010c                PIDSpeedHandle_M1
 .data.PQD_MotorPowMeasM1
                0x0000000020000138      0x114 ./Application/User/mc_config.o
                0x0000000020000138                PQD_MotorPowMeasM1
 .data.PWM_Handle_M1
                0x000000002000024c       0x7c ./Application/User/mc_config.o
                0x000000002000024c                PWM_Handle_M1
 .data.RampExtMngrHFParamsM1
                0x00000000200002c8       0x58 ./Application/User/mc_config.o
                0x00000000200002c8                RampExtMngrHFParamsM1
 .data.RealBusVoltageSensorParamsM1
                0x0000000020000320       0x28 ./Application/User/mc_config.o
                0x0000000020000320                RealBusVoltageSensorParamsM1
 .data.RevUpControlM1
                0x0000000020000348       0x78 ./Application/User/mc_config.o
                0x0000000020000348                RevUpControlM1
 .data.STO_M1   0x00000000200003c0       0x14 ./Application/User/mc_config.o
                0x00000000200003c0                STO_M1
 .data.STO_PLL_M1
                0x00000000200003d4      0x128 ./Application/User/mc_config.o
                0x00000000200003d4                STO_PLL_M1
 .data.SpeednTorqCtrlM1
                0x00000000200004fc       0x34 ./Application/User/mc_config.o
                0x00000000200004fc                SpeednTorqCtrlM1
 .data.TempSensorParamsM1
                0x0000000020000530       0x28 ./Application/User/mc_config.o
                0x0000000020000530                TempSensorParamsM1
 .data.VirtualSpeedSensorM1
                0x0000000020000558       0x78 ./Application/User/mc_config.o
                0x0000000020000558                VirtualSpeedSensorM1
 .data.pUSART   0x00000000200005d0      0x13c ./Application/User/mc_config.o
                0x00000000200005d0                pUSART
 .data.wConfig  0x000000002000070c        0x4 ./Application/User/motorcontrol.o
                0x000000002000070c                wConfig
 .data.SystickDividerCounter.0
                0x0000000020000710        0x1 ./Application/User/stm32f0xx_mc_it.o
 *fill*         0x0000000020000711        0x1 
 .data.bCOMATRTimeCounter
                0x0000000020000712        0x2 ./Application/User/ui_task.o
 .data.SystemCoreClock
                0x0000000020000714        0x4 ./Drivers/CMSIS/system_stm32f0xx.o
                0x0000000020000714                SystemCoreClock
 .data.uwTickFreq
                0x0000000020000718        0x1 ./Drivers/STM32F0xx_HAL_Driver/stm32f0xx_hal.o
                0x0000000020000718                uwTickFreq
 *fill*         0x0000000020000719        0x3 
 .data.uwTickPrio
                0x000000002000071c        0x4 ./Drivers/STM32F0xx_HAL_Driver/stm32f0xx_hal.o
                0x000000002000071c                uwTickPrio
 *(.RamFunc)
 *(.RamFunc*)
                0x0000000020000720                . = ALIGN (0x4)
                0x0000000020000720                _edata = .

.igot.plt       0x0000000020000720        0x0 load address 0x00000000080074d0
 .igot.plt      0x0000000020000720        0x0 C:/ST/STM32CubeIDE_1.14.1/STM32CubeIDE/plugins/com.st.stm32cube.ide.mcu.externaltools.gnu-tools-for-stm32.11.3.rel1.win32_1.1.100.202309141235/tools/bin/../lib/gcc/arm-none-eabi/11.3.1/thumb/v6-m/nofp/crtbegin.o
                0x0000000020000720                . = ALIGN (0x4)

.bss            0x0000000020000720      0x388 load address 0x00000000080074d0
                0x0000000020000720                _sbss = .
                0x0000000020000720                __bss_start__ = _sbss
 *(.bss)
 .bss           0x0000000020000720       0x1c C:/ST/STM32CubeIDE_1.14.1/STM32CubeIDE/plugins/com.st.stm32cube.ide.mcu.externaltools.gnu-tools-for-stm32.11.3.rel1.win32_1.1.100.202309141235/tools/bin/../lib/gcc/arm-none-eabi/11.3.1/thumb/v6-m/nofp/crtbegin.o
 *(.bss*)
 .bss.hadc      0x000000002000073c       0x40 ./Application/User/main.o
                0x000000002000073c                hadc
 .bss.hdma_adc  0x000000002000077c       0x44 ./Application/User/main.o
                0x000000002000077c                hdma_adc
 .bss.htim1     0x00000000200007c0       0x48 ./Application/User/main.o
                0x00000000200007c0                htim1
 .bss.huart1    0x0000000020000808       0x84 ./Application/User/main.o
                0x0000000020000808                huart1
 .bss.RealBusVoltageSensorFilterBufferM1
                0x000000002000088c       0x14 ./Application/User/mc_config.o
                0x000000002000088c                RealBusVoltageSensorFilterBufferM1
 .bss.UI_Params
                0x00000000200008a0       0x18 ./Application/User/mc_config.o
                0x00000000200008a0                UI_Params
 .bss.FOCVars   0x00000000200008b8       0x26 ./Application/User/mc_tasks.o
                0x00000000200008b8                FOCVars
 *fill*         0x00000000200008de        0x2 
 .bss.MCT       0x00000000200008e0       0x54 ./Application/User/mc_tasks.o
                0x00000000200008e0                MCT
 .bss.Mci       0x0000000020000934       0x1c ./Application/User/mc_tasks.o
                0x0000000020000934                Mci
 .bss.STM       0x0000000020000950        0x6 ./Application/User/mc_tasks.o
                0x0000000020000950                STM
 .bss.bMCBootCompleted
                0x0000000020000956        0x1 ./Application/User/mc_tasks.o
                0x0000000020000956                bMCBootCompleted
 *fill*         0x0000000020000957        0x1 
 .bss.hBootCapDelayCounterM1
                0x0000000020000958        0x2 ./Application/User/mc_tasks.o
 .bss.hMFTaskCounterM1
                0x000000002000095a        0x2 ./Application/User/mc_tasks.o
 .bss.hStopPermanencyCounterM1
                0x000000002000095c        0x2 ./Application/User/mc_tasks.o
 *fill*         0x000000002000095e        0x2 
 .bss.oMCInterface
                0x0000000020000960        0x4 ./Application/User/mc_tasks.o
                0x0000000020000960                oMCInterface
 .bss.pBusSensorM1
                0x0000000020000964        0x4 ./Application/User/mc_tasks.o
                0x0000000020000964                pBusSensorM1
 .bss.pCLM      0x0000000020000968        0x4 ./Application/User/mc_tasks.o
                0x0000000020000968                pCLM
 .bss.pMPM      0x000000002000096c        0x4 ./Application/User/mc_tasks.o
                0x000000002000096c                pMPM
 .bss.pPIDId    0x0000000020000970        0x4 ./Application/User/mc_tasks.o
                0x0000000020000970                pPIDId
 .bss.pPIDIq    0x0000000020000974        0x4 ./Application/User/mc_tasks.o
                0x0000000020000974                pPIDIq
 .bss.pPIDSpeed
                0x0000000020000978        0x4 ./Application/User/mc_tasks.o
                0x0000000020000978                pPIDSpeed
 .bss.pREMNG    0x000000002000097c        0x4 ./Application/User/mc_tasks.o
                0x000000002000097c                pREMNG
 .bss.pSTC      0x0000000020000980        0x4 ./Application/User/mc_tasks.o
                0x0000000020000980                pSTC
 .bss.pTemperatureSensor
                0x0000000020000984        0x4 ./Application/User/mc_tasks.o
                0x0000000020000984                pTemperatureSensor
 .bss.pwmcHandle
                0x0000000020000988        0x4 ./Application/User/mc_tasks.o
                0x0000000020000988                pwmcHandle
 .bss.MPInfo    0x000000002000098c        0x8 ./Application/User/motor_control_protocol.o
                0x000000002000098c                MPInfo
 .bss.pMCI      0x0000000020000994        0x4 ./Application/User/motorcontrol.o
                0x0000000020000994                pMCI
 .bss.pMCT      0x0000000020000998        0x4 ./Application/User/motorcontrol.o
                0x0000000020000998                pMCT
 .bss.RCM_CB_array
                0x000000002000099c       0x20 ./Application/User/regular_conversion_manager.o
                0x000000002000099c                RCM_CB_array
 .bss.RCM_NoInj_array
                0x00000000200009bc       0x18 ./Application/User/regular_conversion_manager.o
                0x00000000200009bc                RCM_NoInj_array
 .bss.RCM_UserConvHandle
                0x00000000200009d4        0x1 ./Application/User/regular_conversion_manager.o
                0x00000000200009d4                RCM_UserConvHandle
 .bss.RCM_UserConvState
                0x00000000200009d5        0x1 ./Application/User/regular_conversion_manager.o
                0x00000000200009d5                RCM_UserConvState
 .bss.RCM_UserConvValue
                0x00000000200009d6        0x2 ./Application/User/regular_conversion_manager.o
                0x00000000200009d6                RCM_UserConvValue
 .bss.RCM_currentHandle
                0x00000000200009d8        0x1 ./Application/User/regular_conversion_manager.o
                0x00000000200009d8                RCM_currentHandle
 *fill*         0x00000000200009d9        0x3 
 .bss.RCM_handle_array
                0x00000000200009dc       0x10 ./Application/User/regular_conversion_manager.o
                0x00000000200009dc                RCM_handle_array
 .bss.MCP_UI_Params
                0x00000000200009ec       0xb0 ./Application/User/ui_task.o
                0x00000000200009ec                MCP_UI_Params
 .bss.bCOMTimeoutCounter
                0x0000000020000a9c        0x2 ./Application/User/ui_task.o
 .bss.bUITaskCounter
                0x0000000020000a9e        0x2 ./Application/User/ui_task.o
 .bss.pMCP      0x0000000020000aa0        0x4 ./Application/User/ui_task.o
                0x0000000020000aa0                pMCP
 .bss.uwTick    0x0000000020000aa4        0x4 ./Drivers/STM32F0xx_HAL_Driver/stm32f0xx_hal.o
                0x0000000020000aa4                uwTick
 *(COMMON)
                0x0000000020000aa8                . = ALIGN (0x4)
                0x0000000020000aa8                _ebss = .
                0x0000000020000aa8                __bss_end__ = _ebss

._user_heap_stack
                0x0000000020000aa8      0x480 load address 0x00000000080074d0
                0x0000000020000aa8                . = ALIGN (0x8)
                [!provide]                        PROVIDE (end = .)
                0x0000000020000aa8                PROVIDE (_end = .)
                0x0000000020000b28                . = (. + _Min_Heap_Size)
 *fill*         0x0000000020000aa8       0x80 
                0x0000000020000f28                . = (. + _Min_Stack_Size)
 *fill*         0x0000000020000b28      0x400 
                0x0000000020000f28                . = ALIGN (0x8)

/DISCARD/
 libc.a(*)
 libm.a(*)
 libgcc.a(*)

.ARM.attributes
                0x0000000000000000       0x28
 *(.ARM.attributes)
 .ARM.attributes
                0x0000000000000000       0x1e C:/ST/STM32CubeIDE_1.14.1/STM32CubeIDE/plugins/com.st.stm32cube.ide.mcu.externaltools.gnu-tools-for-stm32.11.3.rel1.win32_1.1.100.202309141235/tools/bin/../lib/gcc/arm-none-eabi/11.3.1/thumb/v6-m/nofp/crti.o
 .ARM.attributes
                0x000000000000001e       0x2c C:/ST/STM32CubeIDE_1.14.1/STM32CubeIDE/plugins/com.st.stm32cube.ide.mcu.externaltools.gnu-tools-for-stm32.11.3.rel1.win32_1.1.100.202309141235/tools/bin/../lib/gcc/arm-none-eabi/11.3.1/thumb/v6-m/nofp/crtbegin.o
 .ARM.attributes
                0x000000000000004a       0x21 ./Application/Startup/startup_stm32f031c6tx.o
 .ARM.attributes
                0x000000000000006b       0x28 ./Application/User/main.o
 .ARM.attributes
                0x0000000000000093       0x28 ./Application/User/mc_api.o
 .ARM.attributes
                0x00000000000000bb       0x28 ./Application/User/mc_config.o
 .ARM.attributes
                0x00000000000000e3       0x28 ./Application/User/mc_interface.o
 .ARM.attributes
                0x000000000000010b       0x28 ./Application/User/mc_math.o
 .ARM.attributes
                0x0000000000000133       0x28 ./Application/User/mc_parameters.o
 .ARM.attributes
                0x000000000000015b       0x28 ./Application/User/mc_tasks.o
 .ARM.attributes
                0x0000000000000183       0x28 ./Application/User/motor_control_protocol.o
 .ARM.attributes
                0x00000000000001ab       0x28 ./Application/User/motorcontrol.o
 .ARM.attributes
                0x00000000000001d3       0x28 ./Application/User/regular_conversion_manager.o
 .ARM.attributes
                0x00000000000001fb       0x28 ./Application/User/stm32f0xx_hal_msp.o
 .ARM.attributes
                0x0000000000000223       0x28 ./Application/User/stm32f0xx_mc_it.o
 .ARM.attributes
                0x000000000000024b       0x28 ./Application/User/ui_task.o
 .ARM.attributes
                0x0000000000000273       0x28 ./Application/User/user_interface.o
 .ARM.attributes
                0x000000000000029b       0x28 ./Drivers/CMSIS/system_stm32f0xx.o
 .ARM.attributes
                0x00000000000002c3       0x28 ./Drivers/STM32F0xx_HAL_Driver/stm32f0xx_hal.o
 .ARM.attributes
                0x00000000000002eb       0x28 ./Drivers/STM32F0xx_HAL_Driver/stm32f0xx_hal_adc.o
 .ARM.attributes
                0x0000000000000313       0x28 ./Drivers/STM32F0xx_HAL_Driver/stm32f0xx_hal_cortex.o
 .ARM.attributes
                0x000000000000033b       0x28 ./Drivers/STM32F0xx_HAL_Driver/stm32f0xx_hal_dma.o
 .ARM.attributes
                0x0000000000000363       0x28 ./Drivers/STM32F0xx_HAL_Driver/stm32f0xx_hal_gpio.o
 .ARM.attributes
                0x000000000000038b       0x28 ./Drivers/STM32F0xx_HAL_Driver/stm32f0xx_hal_rcc.o
 .ARM.attributes
                0x00000000000003b3       0x28 ./Drivers/STM32F0xx_HAL_Driver/stm32f0xx_hal_rcc_ex.o
 .ARM.attributes
                0x00000000000003db       0x28 ./Drivers/STM32F0xx_HAL_Driver/stm32f0xx_hal_tim.o
 .ARM.attributes
                0x0000000000000403       0x28 ./Drivers/STM32F0xx_HAL_Driver/stm32f0xx_hal_tim_ex.o
 .ARM.attributes
                0x000000000000042b       0x28 ./Drivers/STM32F0xx_HAL_Driver/stm32f0xx_hal_uart.o
 .ARM.attributes
                0x0000000000000453       0x28 ./Middlewares/MotorControl/bus_voltage_sensor.o
 .ARM.attributes
                0x000000000000047b       0x28 ./Middlewares/MotorControl/circle_limitation.o
 .ARM.attributes
                0x00000000000004a3       0x28 ./Middlewares/MotorControl/fast_div.o
 .ARM.attributes
                0x00000000000004cb       0x28 ./Middlewares/MotorControl/frame_communication_protocol.o
 .ARM.attributes
                0x00000000000004f3       0x28 ./Middlewares/MotorControl/motor_power_measurement.o
 .ARM.attributes
                0x000000000000051b       0x28 ./Middlewares/MotorControl/ntc_temperature_sensor.o
 .ARM.attributes
                0x0000000000000543       0x28 ./Middlewares/MotorControl/pid_regulator.o
 .ARM.attributes
                0x000000000000056b       0x28 ./Middlewares/MotorControl/pqd_motor_power_measurement.o
 .ARM.attributes
                0x0000000000000593       0x28 ./Middlewares/MotorControl/pwm_common.o
 .ARM.attributes
                0x00000000000005bb       0x28 ./Middlewares/MotorControl/pwm_curr_fdbk.o
 .ARM.attributes
                0x00000000000005e3       0x28 ./Middlewares/MotorControl/r3_f0xx_pwm_curr_fdbk.o
 .ARM.attributes
                0x000000000000060b       0x28 ./Middlewares/MotorControl/r_divider_bus_voltage_sensor.o
 .ARM.attributes
                0x0000000000000633       0x28 ./Middlewares/MotorControl/ramp_ext_mngr.o
 .ARM.attributes
                0x000000000000065b       0x28 ./Middlewares/MotorControl/revup_ctrl.o
 .ARM.attributes
                0x0000000000000683       0x28 ./Middlewares/MotorControl/speed_pos_fdbk.o
 .ARM.attributes
                0x00000000000006ab       0x28 ./Middlewares/MotorControl/speed_torq_ctrl.o
 .ARM.attributes
                0x00000000000006d3       0x28 ./Middlewares/MotorControl/state_machine.o
 .ARM.attributes
                0x00000000000006fb       0x28 ./Middlewares/MotorControl/sto_pll_speed_pos_fdbk.o
 .ARM.attributes
                0x0000000000000723       0x28 ./Middlewares/MotorControl/usart_frame_communication_protocol.o
 .ARM.attributes
                0x000000000000074b       0x28 ./Middlewares/MotorControl/virtual_speed_sensor.o
 .ARM.attributes
                0x0000000000000773       0x2c C:/ST/STM32CubeIDE_1.14.1/STM32CubeIDE/plugins/com.st.stm32cube.ide.mcu.externaltools.gnu-tools-for-stm32.11.3.rel1.win32_1.1.100.202309141235/tools/bin/../lib/gcc/arm-none-eabi/11.3.1/../../../../arm-none-eabi/lib/thumb/v6-m/nofp\libc_nano.a(libc_a-memset.o)
 .ARM.attributes
                0x000000000000079f       0x2c C:/ST/STM32CubeIDE_1.14.1/STM32CubeIDE/plugins/com.st.stm32cube.ide.mcu.externaltools.gnu-tools-for-stm32.11.3.rel1.win32_1.1.100.202309141235/tools/bin/../lib/gcc/arm-none-eabi/11.3.1/../../../../arm-none-eabi/lib/thumb/v6-m/nofp\libc_nano.a(libc_a-init.o)
 .ARM.attributes
                0x00000000000007cb       0x2c C:/ST/STM32CubeIDE_1.14.1/STM32CubeIDE/plugins/com.st.stm32cube.ide.mcu.externaltools.gnu-tools-for-stm32.11.3.rel1.win32_1.1.100.202309141235/tools/bin/../lib/gcc/arm-none-eabi/11.3.1/../../../../arm-none-eabi/lib/thumb/v6-m/nofp\libc_nano.a(libc_a-memcpy-stub.o)
 .ARM.attributes
                0x00000000000007f7       0x1e C:/ST/STM32CubeIDE_1.14.1/STM32CubeIDE/plugins/com.st.stm32cube.ide.mcu.externaltools.gnu-tools-for-stm32.11.3.rel1.win32_1.1.100.202309141235/tools/bin/../lib/gcc/arm-none-eabi/11.3.1/thumb/v6-m/nofp\libgcc.a(_udivsi3.o)
 .ARM.attributes
                0x0000000000000815       0x1e C:/ST/STM32CubeIDE_1.14.1/STM32CubeIDE/plugins/com.st.stm32cube.ide.mcu.externaltools.gnu-tools-for-stm32.11.3.rel1.win32_1.1.100.202309141235/tools/bin/../lib/gcc/arm-none-eabi/11.3.1/thumb/v6-m/nofp\libgcc.a(_divsi3.o)
 .ARM.attributes
                0x0000000000000833       0x1e C:/ST/STM32CubeIDE_1.14.1/STM32CubeIDE/plugins/com.st.stm32cube.ide.mcu.externaltools.gnu-tools-for-stm32.11.3.rel1.win32_1.1.100.202309141235/tools/bin/../lib/gcc/arm-none-eabi/11.3.1/thumb/v6-m/nofp\libgcc.a(_dvmd_tls.o)
 .ARM.attributes
                0x0000000000000851       0x1e C:/ST/STM32CubeIDE_1.14.1/STM32CubeIDE/plugins/com.st.stm32cube.ide.mcu.externaltools.gnu-tools-for-stm32.11.3.rel1.win32_1.1.100.202309141235/tools/bin/../lib/gcc/arm-none-eabi/11.3.1/thumb/v6-m/nofp/crtn.o
OUTPUT(TriSineWaveGenerator.elf elf32-littlearm)
LOAD linker stubs
LOAD C:/ST/STM32CubeIDE_1.14.1/STM32CubeIDE/plugins/com.st.stm32cube.ide.mcu.externaltools.gnu-tools-for-stm32.11.3.rel1.win32_1.1.100.202309141235/tools/bin/../lib/gcc/arm-none-eabi/11.3.1/../../../../arm-none-eabi/lib/thumb/v6-m/nofp\libc.a
LOAD C:/ST/STM32CubeIDE_1.14.1/STM32CubeIDE/plugins/com.st.stm32cube.ide.mcu.externaltools.gnu-tools-for-stm32.11.3.rel1.win32_1.1.100.202309141235/tools/bin/../lib/gcc/arm-none-eabi/11.3.1/../../../../arm-none-eabi/lib/thumb/v6-m/nofp\libm.a
LOAD C:/ST/STM32CubeIDE_1.14.1/STM32CubeIDE/plugins/com.st.stm32cube.ide.mcu.externaltools.gnu-tools-for-stm32.11.3.rel1.win32_1.1.100.202309141235/tools/bin/../lib/gcc/arm-none-eabi/11.3.1/thumb/v6-m/nofp\libgcc.a

.comment        0x0000000000000000       0x43
 .comment       0x0000000000000000       0x43 C:/ST/STM32CubeIDE_1.14.1/STM32CubeIDE/plugins/com.st.stm32cube.ide.mcu.externaltools.gnu-tools-for-stm32.11.3.rel1.win32_1.1.100.202309141235/tools/bin/../lib/gcc/arm-none-eabi/11.3.1/thumb/v6-m/nofp/crtbegin.o
                                         0x44 (size before relaxing)
 .comment       0x0000000000000043       0x44 ./Application/User/main.o
 .comment       0x0000000000000043       0x44 ./Application/User/mc_api.o
 .comment       0x0000000000000043       0x44 ./Application/User/mc_config.o
 .comment       0x0000000000000043       0x44 ./Application/User/mc_interface.o
 .comment       0x0000000000000043       0x44 ./Application/User/mc_math.o
 .comment       0x0000000000000043       0x44 ./Application/User/mc_parameters.o
 .comment       0x0000000000000043       0x44 ./Application/User/mc_tasks.o
 .comment       0x0000000000000043       0x44 ./Application/User/motor_control_protocol.o
 .comment       0x0000000000000043       0x44 ./Application/User/motorcontrol.o
 .comment       0x0000000000000043       0x44 ./Application/User/regular_conversion_manager.o
 .comment       0x0000000000000043       0x44 ./Application/User/stm32f0xx_hal_msp.o
 .comment       0x0000000000000043       0x44 ./Application/User/stm32f0xx_mc_it.o
 .comment       0x0000000000000043       0x44 ./Application/User/ui_task.o
 .comment       0x0000000000000043       0x44 ./Application/User/user_interface.o
 .comment       0x0000000000000043       0x44 ./Drivers/CMSIS/system_stm32f0xx.o
 .comment       0x0000000000000043       0x44 ./Drivers/STM32F0xx_HAL_Driver/stm32f0xx_hal.o
 .comment       0x0000000000000043       0x44 ./Drivers/STM32F0xx_HAL_Driver/stm32f0xx_hal_adc.o
 .comment       0x0000000000000043       0x44 ./Drivers/STM32F0xx_HAL_Driver/stm32f0xx_hal_cortex.o
 .comment       0x0000000000000043       0x44 ./Drivers/STM32F0xx_HAL_Driver/stm32f0xx_hal_dma.o
 .comment       0x0000000000000043       0x44 ./Drivers/STM32F0xx_HAL_Driver/stm32f0xx_hal_gpio.o
 .comment       0x0000000000000043       0x44 ./Drivers/STM32F0xx_HAL_Driver/stm32f0xx_hal_rcc.o
 .comment       0x0000000000000043       0x44 ./Drivers/STM32F0xx_HAL_Driver/stm32f0xx_hal_rcc_ex.o
 .comment       0x0000000000000043       0x44 ./Drivers/STM32F0xx_HAL_Driver/stm32f0xx_hal_tim.o
 .comment       0x0000000000000043       0x44 ./Drivers/STM32F0xx_HAL_Driver/stm32f0xx_hal_tim_ex.o
 .comment       0x0000000000000043       0x44 ./Drivers/STM32F0xx_HAL_Driver/stm32f0xx_hal_uart.o
 .comment       0x0000000000000043       0x44 ./Middlewares/MotorControl/bus_voltage_sensor.o
 .comment       0x0000000000000043       0x44 ./Middlewares/MotorControl/circle_limitation.o
 .comment       0x0000000000000043       0x44 ./Middlewares/MotorControl/fast_div.o
 .comment       0x0000000000000043       0x44 ./Middlewares/MotorControl/frame_communication_protocol.o
 .comment       0x0000000000000043       0x44 ./Middlewares/MotorControl/motor_power_measurement.o
 .comment       0x0000000000000043       0x44 ./Middlewares/MotorControl/ntc_temperature_sensor.o
 .comment       0x0000000000000043       0x44 ./Middlewares/MotorControl/pid_regulator.o
 .comment       0x0000000000000043       0x44 ./Middlewares/MotorControl/pqd_motor_power_measurement.o
 .comment       0x0000000000000043       0x44 ./Middlewares/MotorControl/pwm_common.o
 .comment       0x0000000000000043       0x44 ./Middlewares/MotorControl/pwm_curr_fdbk.o
 .comment       0x0000000000000043       0x44 ./Middlewares/MotorControl/r3_f0xx_pwm_curr_fdbk.o
 .comment       0x0000000000000043       0x44 ./Middlewares/MotorControl/r_divider_bus_voltage_sensor.o
 .comment       0x0000000000000043       0x44 ./Middlewares/MotorControl/ramp_ext_mngr.o
 .comment       0x0000000000000043       0x44 ./Middlewares/MotorControl/revup_ctrl.o
 .comment       0x0000000000000043       0x44 ./Middlewares/MotorControl/speed_pos_fdbk.o
 .comment       0x0000000000000043       0x44 ./Middlewares/MotorControl/speed_torq_ctrl.o
 .comment       0x0000000000000043       0x44 ./Middlewares/MotorControl/state_machine.o
 .comment       0x0000000000000043       0x44 ./Middlewares/MotorControl/sto_pll_speed_pos_fdbk.o
 .comment       0x0000000000000043       0x44 ./Middlewares/MotorControl/usart_frame_communication_protocol.o
 .comment       0x0000000000000043       0x44 ./Middlewares/MotorControl/virtual_speed_sensor.o

.debug_line     0x0000000000000000    0x369b4
 .debug_line    0x0000000000000000       0x7b ./Application/Startup/startup_stm32f031c6tx.o
 .debug_line    0x000000000000007b     0x14d8 ./Application/User/main.o
 .debug_line    0x0000000000001553     0x1191 ./Application/User/mc_api.o
 .debug_line    0x00000000000026e4      0xdde ./Application/User/mc_config.o
 .debug_line    0x00000000000034c2     0x1058 ./Application/User/mc_interface.o
 .debug_line    0x000000000000451a      0xfe1 ./Application/User/mc_math.o
 .debug_line    0x00000000000054fb      0xdcf ./Application/User/mc_parameters.o
 .debug_line    0x00000000000062ca     0x183f ./Application/User/mc_tasks.o
 .debug_line    0x0000000000007b09     0x13b6 ./Application/User/motor_control_protocol.o
 .debug_line    0x0000000000008ebf      0xe23 ./Application/User/motorcontrol.o
 .debug_line    0x0000000000009ce2     0x1649 ./Application/User/regular_conversion_manager.o
 .debug_line    0x000000000000b32b     0x1137 ./Application/User/stm32f0xx_hal_msp.o
 .debug_line    0x000000000000c462     0x120e ./Application/User/stm32f0xx_mc_it.o
 .debug_line    0x000000000000d670      0xfb9 ./Application/User/ui_task.o
 .debug_line    0x000000000000e629     0x19f3 ./Application/User/user_interface.o
 .debug_line    0x000000000001001c      0x88d ./Drivers/CMSIS/system_stm32f0xx.o
 .debug_line    0x00000000000108a9      0xb76 ./Drivers/STM32F0xx_HAL_Driver/stm32f0xx_hal.o
 .debug_line    0x000000000001141f     0x16e6 ./Drivers/STM32F0xx_HAL_Driver/stm32f0xx_hal_adc.o
 .debug_line    0x0000000000012b05      0xbe5 ./Drivers/STM32F0xx_HAL_Driver/stm32f0xx_hal_cortex.o
 .debug_line    0x00000000000136ea     0x117f ./Drivers/STM32F0xx_HAL_Driver/stm32f0xx_hal_dma.o
 .debug_line    0x0000000000014869      0xd5a ./Drivers/STM32F0xx_HAL_Driver/stm32f0xx_hal_gpio.o
 .debug_line    0x00000000000155c3     0x13ee ./Drivers/STM32F0xx_HAL_Driver/stm32f0xx_hal_rcc.o
 .debug_line    0x00000000000169b1      0xaf3 ./Drivers/STM32F0xx_HAL_Driver/stm32f0xx_hal_rcc_ex.o
 .debug_line    0x00000000000174a4     0x6535 ./Drivers/STM32F0xx_HAL_Driver/stm32f0xx_hal_tim.o
 .debug_line    0x000000000001d9d9     0x1e92 ./Drivers/STM32F0xx_HAL_Driver/stm32f0xx_hal_tim_ex.o
 .debug_line    0x000000000001f86b     0x57a2 ./Drivers/STM32F0xx_HAL_Driver/stm32f0xx_hal_uart.o
 .debug_line    0x000000000002500d      0xa09 ./Middlewares/MotorControl/bus_voltage_sensor.o
 .debug_line    0x0000000000025a16      0x9fa ./Middlewares/MotorControl/circle_limitation.o
 .debug_line    0x0000000000026410      0xd7a ./Middlewares/MotorControl/fast_div.o
 .debug_line    0x000000000002718a      0xe07 ./Middlewares/MotorControl/frame_communication_protocol.o
 .debug_line    0x0000000000027f91      0xaaa ./Middlewares/MotorControl/motor_power_measurement.o
 .debug_line    0x0000000000028a3b      0xb46 ./Middlewares/MotorControl/ntc_temperature_sensor.o
 .debug_line    0x0000000000029581      0xda2 ./Middlewares/MotorControl/pid_regulator.o
 .debug_line    0x000000000002a323      0xa48 ./Middlewares/MotorControl/pqd_motor_power_measurement.o
 .debug_line    0x000000000002ad6b      0xbc0 ./Middlewares/MotorControl/pwm_common.o
 .debug_line    0x000000000002b92b      0xf8e ./Middlewares/MotorControl/pwm_curr_fdbk.o
 .debug_line    0x000000000002c8b9     0x1ce6 ./Middlewares/MotorControl/r3_f0xx_pwm_curr_fdbk.o
 .debug_line    0x000000000002e59f      0xceb ./Middlewares/MotorControl/r_divider_bus_voltage_sensor.o
 .debug_line    0x000000000002f28a      0xc01 ./Middlewares/MotorControl/ramp_ext_mngr.o
 .debug_line    0x000000000002fe8b     0x1123 ./Middlewares/MotorControl/revup_ctrl.o
 .debug_line    0x0000000000030fae      0xb65 ./Middlewares/MotorControl/speed_pos_fdbk.o
 .debug_line    0x0000000000031b13      0xe30 ./Middlewares/MotorControl/speed_torq_ctrl.o
 .debug_line    0x0000000000032943      0xbd9 ./Middlewares/MotorControl/state_machine.o
 .debug_line    0x000000000003351c     0x166a ./Middlewares/MotorControl/sto_pll_speed_pos_fdbk.o
 .debug_line    0x0000000000034b86      0xf50 ./Middlewares/MotorControl/usart_frame_communication_protocol.o
 .debug_line    0x0000000000035ad6      0xede ./Middlewares/MotorControl/virtual_speed_sensor.o

.debug_line_str
                0x0000000000000000       0xa2
 .debug_line_str
                0x0000000000000000       0xa2 ./Application/Startup/startup_stm32f031c6tx.o
                                         0xba (size before relaxing)

.debug_info     0x0000000000000000    0x3df63
 .debug_info    0x0000000000000000       0x23 ./Application/Startup/startup_stm32f031c6tx.o
 .debug_info    0x0000000000000023     0x1cb3 ./Application/User/main.o
 .debug_info    0x0000000000001cd6      0xf45 ./Application/User/mc_api.o
 .debug_info    0x0000000000002c1b     0x313a ./Application/User/mc_config.o
 .debug_info    0x0000000000005d55     0x129b ./Application/User/mc_interface.o
 .debug_info    0x0000000000006ff0      0x67c ./Application/User/mc_math.o
 .debug_info    0x000000000000766c      0x893 ./Application/User/mc_parameters.o
 .debug_info    0x0000000000007eff     0x4311 ./Application/User/mc_tasks.o
 .debug_info    0x000000000000c210     0x39aa ./Application/User/motor_control_protocol.o
 .debug_info    0x000000000000fbba     0x28d6 ./Application/User/motorcontrol.o